Archive member included because of file (symbol)

/opt/CodeSourcery/Sourcery_G++_Lite/bin/../lib/gcc/arm-none-eabi/4.5.2/../../../../arm-none-eabi/lib/thumb2/libm.a(lib_a-w_log10.o)
                              CMakeFiles/main.dir/mnt/dados/Works/ARM/code/openlpc-deps/CMSIS/DSP_Lib/src/Common/source/math_helper.c.obj (log10)
/opt/CodeSourcery/Sourcery_G++_Lite/bin/../lib/gcc/arm-none-eabi/4.5.2/../../../../arm-none-eabi/lib/thumb2/libm.a(lib_a-e_log10.o)
                              /opt/CodeSourcery/Sourcery_G++_Lite/bin/../lib/gcc/arm-none-eabi/4.5.2/../../../../arm-none-eabi/lib/thumb2/libm.a(lib_a-w_log10.o) (__ieee754_log10)
/opt/CodeSourcery/Sourcery_G++_Lite/bin/../lib/gcc/arm-none-eabi/4.5.2/../../../../arm-none-eabi/lib/thumb2/libm.a(lib_a-s_fpclassify.o)
                              /opt/CodeSourcery/Sourcery_G++_Lite/bin/../lib/gcc/arm-none-eabi/4.5.2/../../../../arm-none-eabi/lib/thumb2/libm.a(lib_a-w_log10.o) (__fpclassifyd)
/opt/CodeSourcery/Sourcery_G++_Lite/bin/../lib/gcc/arm-none-eabi/4.5.2/../../../../arm-none-eabi/lib/thumb2/libm.a(lib_a-s_lib_ver.o)
                              /opt/CodeSourcery/Sourcery_G++_Lite/bin/../lib/gcc/arm-none-eabi/4.5.2/../../../../arm-none-eabi/lib/thumb2/libm.a(lib_a-w_log10.o) (__fdlib_version)
/opt/CodeSourcery/Sourcery_G++_Lite/bin/../lib/gcc/arm-none-eabi/4.5.2/../../../../arm-none-eabi/lib/thumb2/libm.a(lib_a-s_matherr.o)
                              /opt/CodeSourcery/Sourcery_G++_Lite/bin/../lib/gcc/arm-none-eabi/4.5.2/../../../../arm-none-eabi/lib/thumb2/libm.a(lib_a-w_log10.o) (matherr)
/opt/CodeSourcery/Sourcery_G++_Lite/bin/../lib/gcc/arm-none-eabi/4.5.2/../../../../arm-none-eabi/lib/thumb2/libm.a(lib_a-s_nan.o)
                              /opt/CodeSourcery/Sourcery_G++_Lite/bin/../lib/gcc/arm-none-eabi/4.5.2/../../../../arm-none-eabi/lib/thumb2/libm.a(lib_a-w_log10.o) (nan)
/opt/CodeSourcery/Sourcery_G++_Lite/bin/../lib/gcc/arm-none-eabi/4.5.2/../../../../arm-none-eabi/lib/thumb2/libm.a(lib_a-e_log.o)
                              /opt/CodeSourcery/Sourcery_G++_Lite/bin/../lib/gcc/arm-none-eabi/4.5.2/../../../../arm-none-eabi/lib/thumb2/libm.a(lib_a-e_log10.o) (__ieee754_log)
/opt/CodeSourcery/Sourcery_G++_Lite/bin/../lib/gcc/arm-none-eabi/4.5.2/thumb2/libgcc.a(_arm_addsubdf3.o)
                              /opt/CodeSourcery/Sourcery_G++_Lite/bin/../lib/gcc/arm-none-eabi/4.5.2/../../../../arm-none-eabi/lib/thumb2/libm.a(lib_a-e_log10.o) (__aeabi_dsub)
/opt/CodeSourcery/Sourcery_G++_Lite/bin/../lib/gcc/arm-none-eabi/4.5.2/thumb2/libgcc.a(_arm_muldivdf3.o)
                              CMakeFiles/main.dir/mnt/dados/Works/ARM/code/openlpc-deps/CMSIS/DSP_Lib/src/Common/source/math_helper.c.obj (__aeabi_dmul)
/opt/CodeSourcery/Sourcery_G++_Lite/bin/../lib/gcc/arm-none-eabi/4.5.2/thumb2/libgcc.a(_arm_cmpdf2.o)
                              /opt/CodeSourcery/Sourcery_G++_Lite/bin/../lib/gcc/arm-none-eabi/4.5.2/../../../../arm-none-eabi/lib/thumb2/libm.a(lib_a-w_log10.o) (__aeabi_dcmpeq)
/opt/CodeSourcery/Sourcery_G++_Lite/bin/../lib/gcc/arm-none-eabi/4.5.2/thumb2/libgcc.a(_arm_fixdfsi.o)
                              CMakeFiles/main.dir/mnt/dados/Works/ARM/code/openlpc-deps/CMSIS/DSP_Lib/src/Common/source/math_helper.c.obj (__aeabi_d2iz)
/opt/CodeSourcery/Sourcery_G++_Lite/bin/../lib/gcc/arm-none-eabi/4.5.2/thumb2/libgcc.a(_arm_truncdfsf2.o)
                              CMakeFiles/main.dir/mnt/dados/Works/ARM/code/openlpc-deps/CMSIS/DSP_Lib/src/Common/source/math_helper.c.obj (__aeabi_d2f)
/opt/CodeSourcery/Sourcery_G++_Lite/bin/../lib/gcc/arm-none-eabi/4.5.2/thumb2/libgcc.a(_arm_addsubsf3.o)
                              CMakeFiles/main.dir/mnt/dados/Works/ARM/code/openlpc-deps/CMSIS/DSP_Lib/src/Common/source/math_helper.c.obj (__aeabi_fsub)
/opt/CodeSourcery/Sourcery_G++_Lite/bin/../lib/gcc/arm-none-eabi/4.5.2/thumb2/libgcc.a(_arm_muldivsf3.o)
                              CMakeFiles/main.dir/mnt/dados/Works/ARM/code/openlpc-deps/CMSIS/DSP_Lib/src/Common/source/math_helper.c.obj (__aeabi_fmul)
/opt/CodeSourcery/Sourcery_G++_Lite/bin/../lib/gcc/arm-none-eabi/4.5.2/thumb2/libgcc.a(_arm_cmpsf2.o)
                              CMakeFiles/main.dir/mnt/dados/Works/ARM/code/openlpc-deps/CMSIS/DSP_Lib/src/Common/source/math_helper.c.obj (__aeabi_fcmpeq)
/opt/CodeSourcery/Sourcery_G++_Lite/bin/../lib/gcc/arm-none-eabi/4.5.2/thumb2/libgcc.a(_arm_fixsfsi.o)
                              CMakeFiles/main.dir/mnt/dados/Works/ARM/code/openlpc-deps/CMSIS/DSP_Lib/src/Common/source/math_helper.c.obj (__aeabi_f2iz)
/opt/CodeSourcery/Sourcery_G++_Lite/bin/../lib/gcc/arm-none-eabi/4.5.2/thumb2/libgcc.a(_aeabi_uldivmod.o)
                              CMakeFiles/main.dir/mnt/dados/Works/ARM/code/openlpc-deps/CMSIS/src/system_lpc17xx.c.obj (__aeabi_uldivmod)
/opt/CodeSourcery/Sourcery_G++_Lite/bin/../lib/gcc/arm-none-eabi/4.5.2/thumb2/libgcc.a(bpabi.o)
[...]
Memory Configuration

Name             Origin             Length             Attributes
MFlash512        0x00010000         0x00070000         xr
RamLoc32         0x10000000         0x00007fe0         xrw
RamAHB32         0x2007c000         0x00008000         xrw
*default*        0x00000000         0xffffffff

Linker script and memory map

LOAD /opt/CodeSourcery/Sourcery_G++_Lite/bin/../lib/gcc/arm-none-eabi/4.5.2/thumb2/crti.o
LOAD /opt/CodeSourcery/Sourcery_G++_Lite/bin/../lib/gcc/arm-none-eabi/4.5.2/thumb2/crtbegin.o
LOAD CMakeFiles/main.dir/src/main.c.obj
LOAD CMakeFiles/main.dir/mnt/dados/Works/ARM/code/openlpc-deps/basefiles_FreeRTOS/startup_lpc17xx.c.obj
LOAD CMakeFiles/main.dir/mnt/dados/Works/ARM/code/openlpc-deps/basefiles_FreeRTOS/syscalls.c.obj
LOAD CMakeFiles/main.dir/mnt/dados/Works/ARM/code/openlpc-deps/basefiles_FreeRTOS/tasks.c.obj
LOAD CMakeFiles/main.dir/mnt/dados/Works/ARM/code/openlpc-deps/basefiles_FreeRTOS/queue.c.obj
LOAD CMakeFiles/main.dir/mnt/dados/Works/ARM/code/openlpc-deps/basefiles_FreeRTOS/timers.c.obj
LOAD CMakeFiles/main.dir/mnt/dados/Works/ARM/code/openlpc-deps/basefiles_FreeRTOS/croutine.c.obj
LOAD CMakeFiles/main.dir/mnt/dados/Works/ARM/code/openlpc-deps/basefiles_FreeRTOS/list.c.obj
LOAD CMakeFiles/main.dir/mnt/dados/Works/ARM/code/openlpc-deps/basefiles_FreeRTOS/portable/MemMang/heap_2.c.obj
LOAD CMakeFiles/main.dir/mnt/dados/Works/ARM/code/openlpc-deps/basefiles_FreeRTOS/portable/ARM_CM3/port.c.obj
LOAD CMakeFiles/main.dir/mnt/dados/Works/ARM/code/openlpc-deps/CMSIS/src/core_cm3.c.obj
LOAD CMakeFiles/main.dir/mnt/dados/Works/ARM/code/openlpc-deps/CMSIS/src/system_lpc17xx.c.obj
LOAD CMakeFiles/main.dir/mnt/dados/Works/ARM/code/openlpc-deps/CMSIS/DSP_Lib/src/Common/source/math_helper.c.obj
LOAD CMakeFiles/main.dir/usbstack/src/usb_cdc.c.obj
LOAD CMakeFiles/main.dir/usbstack/src/usbcontrol.c.obj
LOAD CMakeFiles/main.dir/usbstack/src/usbhw_lpc.c.obj
LOAD CMakeFiles/main.dir/usbstack/src/usbinit.c.obj
LOAD CMakeFiles/main.dir/usbstack/src/usbstdreq.c.obj
LOAD /opt/CodeSourcery/Sourcery_G++_Lite/bin/../lib/gcc/arm-none-eabi/4.5.2/../../../../arm-none-eabi/lib/thumb2/libm.a
LOAD ../../openlpc-deps/CMSIS/DSP_Lib/lib/arm_cortexM3_math.lib
START GROUP
LOAD /opt/CodeSourcery/Sourcery_G++_Lite/bin/../lib/gcc/arm-none-eabi/4.5.2/thumb2/libgcc.a
LOAD /opt/CodeSourcery/Sourcery_G++_Lite/bin/../lib/gcc/arm-none-eabi/4.5.2/../../../../arm-none-eabi/lib/thumb2/libc.a
END GROUP
LOAD /opt/CodeSourcery/Sourcery_G++_Lite/bin/../lib/gcc/arm-none-eabi/4.5.2/thumb2/crtend.o
LOAD /opt/CodeSourcery/Sourcery_G++_Lite/bin/../lib/gcc/arm-none-eabi/4.5.2/thumb2/crtn.o
                0x00080000                __top_MFlash512 = 0x80000
                0x10007fe0                __top_RamLoc32 = 0x10007fe0
                0x20084000                __top_RamAHB32 = 0x20084000

.text           0x00010000     0xaa50
 FILL mask 0xff
 *(.isr_vector)
 .isr_vector    0x00010000       0xc8 CMakeFiles/main.dir/mnt/dados/Works/ARM/code/openlpc-deps/basefiles_FreeRTOS/startup_lpc17xx.c.obj
                0x00010000                g_pfnVectors
                0x000100c8                . = ALIGN (0x4)
                0x000100c8                __section_table_start = .
                0x000100c8                __data_section_table = .
                0x000100c8        0x4 LONG 0x1aa70 LOADADDR (.data)
                0x000100cc        0x4 LONG 0x10000000 ADDR (.data)
                0x000100d0        0x4 LONG 0x5a0 SIZEOF (.data)
                0x000100d4        0x4 LONG 0x1aa70 LOADADDR (.data_RAM2)
                0x000100d8        0x4 LONG 0x2007c000 ADDR (.data_RAM2)
                0x000100dc        0x4 LONG 0x0 SIZEOF (.data_RAM2)
                0x000100e0                __data_section_table_end = .
                0x000100e0                __bss_section_table = .
                0x000100e0        0x4 LONG 0x100005b0 ADDR (.bss)
                0x000100e4        0x4 LONG 0x4f3c SIZEOF (.bss)
                0x000100e8        0x4 LONG 0x2007c000 ADDR (.bss_RAM2)
                0x000100ec        0x4 LONG 0x0 SIZEOF (.bss_RAM2)
                0x000100f0                __bss_section_table_end = .
                0x000100f0                __section_table_end = .
 *(.after_vectors*)
 *(.text*)
 .text          0x000100f0        0x0 /opt/CodeSourcery/Sourcery_G++_Lite/bin/../lib/gcc/arm-none-eabi/4.5.2/thumb2/crti.o
 .text          0x000100f0       0x30 /opt/CodeSourcery/Sourcery_G++_Lite/bin/../lib/gcc/arm-none-eabi/4.5.2/thumb2/crtbegin.o
 .text          0x00010120        0x0 CMakeFiles/main.dir/src/main.c.obj
 .text.vLedBlink
                0x00010120       0x4c CMakeFiles/main.dir/src/main.c.obj
 .text.main     0x0001016c       0x48 CMakeFiles/main.dir/src/main.c.obj
                0x0001016c                main
 .text.vApplicationStackOverflowHook
                0x000101b4        0x4 CMakeFiles/main.dir/src/main.c.obj
                0x000101b4                vApplicationStackOverflowHook
 .text          0x000101b8        0x0 CMakeFiles/main.dir/mnt/dados/Works/ARM/code/openlpc-deps/basefiles_FreeRTOS/startup_lpc17xx.c.obj
 .text.NMI_Handler
                0x000101b8        0x4 CMakeFiles/main.dir/mnt/dados/Works/ARM/code/openlpc-deps/basefiles_FreeRTOS/startup_lpc17xx.c.obj
                0x000101b8                NMI_Handler
 .text.HardFault_Handler
                0x000101bc        0x4 CMakeFiles/main.dir/mnt/dados/Works/ARM/code/openlpc-deps/basefiles_FreeRTOS/startup_lpc17xx.c.obj
                0x000101bc                HardFault_Handler
 .text.MemManage_Handler
                0x000101c0        0x4 CMakeFiles/main.dir/mnt/dados/Works/ARM/code/openlpc-deps/basefiles_FreeRTOS/startup_lpc17xx.c.obj
                0x000101c0                MemManage_Handler
 .text.BusFault_Handler
                0x000101c4        0x4 CMakeFiles/main.dir/mnt/dados/Works/ARM/code/openlpc-deps/basefiles_FreeRTOS/startup_lpc17xx.c.obj
                0x000101c4                BusFault_Handler
 .text.UsageFault_Handler
                0x000101c8        0x4 CMakeFiles/main.dir/mnt/dados/Works/ARM/code/openlpc-deps/basefiles_FreeRTOS/startup_lpc17xx.c.obj
                0x000101c8                UsageFault_Handler
 .text.DebugMon_Handler
                0x000101cc        0x4 CMakeFiles/main.dir/mnt/dados/Works/ARM/code/openlpc-deps/basefiles_FreeRTOS/startup_lpc17xx.c.obj
                0x000101cc                DebugMon_Handler
 .text.ResetISR
                0x000101d0       0x80 CMakeFiles/main.dir/mnt/dados/Works/ARM/code/openlpc-deps/basefiles_FreeRTOS/startup_lpc17xx.c.obj
                0x000101d0                ResetISR
 .text.IntDefaultHandler
                0x00010250        0x4 CMakeFiles/main.dir/mnt/dados/Works/ARM/code/openlpc-deps/basefiles_FreeRTOS/startup_lpc17xx.c.obj
                0x00010250                TIMER2_IRQHandler
                0x00010250                RIT_IRQHandler
                0x00010250                I2C0_IRQHandler
                0x00010250                USBActivity_IRQHandler
                0x00010250                PWM1_IRQHandler
                0x00010250                I2C1_IRQHandler
                0x00010250                EINT2_IRQHandler
                0x00010250                UART1_IRQHandler
                0x00010250                EINT3_IRQHandler
                0x00010250                CANActivity_IRQHandler
                0x00010250                TIMER3_IRQHandler
                0x00010250                UART0_IRQHandler
                0x00010250                IntDefaultHandler
                0x00010250                PLL0_IRQHandler
                0x00010250                CAN_IRQHandler
                0x00010250                PLL1_IRQHandler
                0x00010250                SSP0_IRQHandler
                0x00010250                I2S_IRQHandler
                0x00010250                I2C2_IRQHandler
                0x00010250                RTC_IRQHandler
                0x00010250                TIMER0_IRQHandler
                0x00010250                SPI_IRQHandler
                0x00010250                EINT1_IRQHandler
                0x00010250                TIMER1_IRQHandler
                0x00010250                UART2_IRQHandler
                0x00010250                ADC_IRQHandler
                0x00010250                SSP1_IRQHandler
                0x00010250                BOD_IRQHandler
                0x00010250                WDT_IRQHandler
                0x00010250                QEI_IRQHandler
                0x00010250                EINT0_IRQHandler
                0x00010250                DMA_IRQHandler
                0x00010250                UART3_IRQHandler
                0x00010250                MCPWM_IRQHandler
                0x00010250                ENET_IRQHandler
 .text          0x00010254        0x0 CMakeFiles/main.dir/mnt/dados/Works/ARM/code/openlpc-deps/basefiles_FreeRTOS/syscalls.c.obj
 .text._read_r  0x00010254        0x8 CMakeFiles/main.dir/mnt/dados/Works/ARM/code/openlpc-deps/basefiles_FreeRTOS/syscalls.c.obj
                0x00010254                _read_r
 .text._lseek_r
                0x0001025c        0x4 CMakeFiles/main.dir/mnt/dados/Works/ARM/code/openlpc-deps/basefiles_FreeRTOS/syscalls.c.obj
                0x0001025c                _lseek_r
 .text._write_r
                0x00010260        0x4 CMakeFiles/main.dir/mnt/dados/Works/ARM/code/openlpc-deps/basefiles_FreeRTOS/syscalls.c.obj
                0x00010260                _write_r
 .text._close_r
                0x00010264        0x4 CMakeFiles/main.dir/mnt/dados/Works/ARM/code/openlpc-deps/basefiles_FreeRTOS/syscalls.c.obj
                0x00010264                _close_r
 .text._sbrk_r  0x00010268        0x4 CMakeFiles/main.dir/mnt/dados/Works/ARM/code/openlpc-deps/basefiles_FreeRTOS/syscalls.c.obj
                0x00010268                _sbrk_r
 .text._fstat_r
                0x0001026c        0x4 CMakeFiles/main.dir/mnt/dados/Works/ARM/code/openlpc-deps/basefiles_FreeRTOS/syscalls.c.obj
                0x0001026c                _fstat_r
 .text._isatty_r
                0x00010270        0x4 CMakeFiles/main.dir/mnt/dados/Works/ARM/code/openlpc-deps/basefiles_FreeRTOS/syscalls.c.obj
                0x00010270                _isatty_r
 .text          0x00010274        0x0 CMakeFiles/main.dir/mnt/dados/Works/ARM/code/openlpc-deps/basefiles_FreeRTOS/tasks.c.obj
 .text.prvAddCurrentTaskToDelayedList
                0x00010274       0x50 CMakeFiles/main.dir/mnt/dados/Works/ARM/code/openlpc-deps/basefiles_FreeRTOS/tasks.c.obj
 .text.prvListTaskWithinSingleList
                0x000102c4       0x98 CMakeFiles/main.dir/mnt/dados/Works/ARM/code/openlpc-deps/basefiles_FreeRTOS/tasks.c.obj
 .text.xTaskGenericCreate
                0x0001035c      0x1d8 CMakeFiles/main.dir/mnt/dados/Works/ARM/code/openlpc-deps/basefiles_FreeRTOS/tasks.c.obj
                0x0001035c                xTaskGenericCreate
 .text.vTaskDelete
                0x00010534       0x70 CMakeFiles/main.dir/mnt/dados/Works/ARM/code/openlpc-deps/basefiles_FreeRTOS/tasks.c.obj
                0x00010534                vTaskDelete
 .text.uxTaskPriorityGet
                0x000105a4       0x28 CMakeFiles/main.dir/mnt/dados/Works/ARM/code/openlpc-deps/basefiles_FreeRTOS/tasks.c.obj
                0x000105a4                uxTaskPriorityGet
 .text.vTaskPrioritySet
                0x000105cc       0xa4 CMakeFiles/main.dir/mnt/dados/Works/ARM/code/openlpc-deps/basefiles_FreeRTOS/tasks.c.obj
                0x000105cc                vTaskPrioritySet
 .text.xTaskIsTaskSuspended
                0x00010670       0x2c CMakeFiles/main.dir/mnt/dados/Works/ARM/code/openlpc-deps/basefiles_FreeRTOS/tasks.c.obj
                0x00010670                xTaskIsTaskSuspended
 .text.vTaskResume
                0x0001069c       0x80 CMakeFiles/main.dir/mnt/dados/Works/ARM/code/openlpc-deps/basefiles_FreeRTOS/tasks.c.obj
                0x0001069c                vTaskResume
 .text.xTaskResumeFromISR
                0x0001071c       0xa0 CMakeFiles/main.dir/mnt/dados/Works/ARM/code/openlpc-deps/basefiles_FreeRTOS/tasks.c.obj
                0x0001071c                xTaskResumeFromISR
 .text.vTaskStartScheduler
                0x000107bc       0x50 CMakeFiles/main.dir/mnt/dados/Works/ARM/code/openlpc-deps/basefiles_FreeRTOS/tasks.c.obj
                0x000107bc                vTaskStartScheduler
 .text.vTaskEndScheduler
                0x0001080c       0x18 CMakeFiles/main.dir/mnt/dados/Works/ARM/code/openlpc-deps/basefiles_FreeRTOS/tasks.c.obj
                0x0001080c                vTaskEndScheduler
 .text.vTaskSuspendAll
                0x00010824       0x10 CMakeFiles/main.dir/mnt/dados/Works/ARM/code/openlpc-deps/basefiles_FreeRTOS/tasks.c.obj
                0x00010824                vTaskSuspendAll
 .text.xTaskGetTickCount
                0x00010834       0x18 CMakeFiles/main.dir/mnt/dados/Works/ARM/code/openlpc-deps/basefiles_FreeRTOS/tasks.c.obj
                0x00010834                xTaskGetTickCount
 .text.xTaskGetTickCountFromISR
                0x0001084c       0x1c CMakeFiles/main.dir/mnt/dados/Works/ARM/code/openlpc-deps/basefiles_FreeRTOS/tasks.c.obj
                0x0001084c                xTaskGetTickCountFromISR
 .text.uxTaskGetNumberOfTasks
                0x00010868        0xc CMakeFiles/main.dir/mnt/dados/Works/ARM/code/openlpc-deps/basefiles_FreeRTOS/tasks.c.obj
                0x00010868                uxTaskGetNumberOfTasks
 .text.vTaskIncrementTick
                0x00010874      0x124 CMakeFiles/main.dir/mnt/dados/Works/ARM/code/openlpc-deps/basefiles_FreeRTOS/tasks.c.obj
                0x00010874                vTaskIncrementTick
 .text.xTaskResumeAll
                0x00010998       0xe0 CMakeFiles/main.dir/mnt/dados/Works/ARM/code/openlpc-deps/basefiles_FreeRTOS/tasks.c.obj
                0x00010998                xTaskResumeAll
 .text.vTaskList
                0x00010a78      0x114 CMakeFiles/main.dir/mnt/dados/Works/ARM/code/openlpc-deps/basefiles_FreeRTOS/tasks.c.obj
                0x00010a78                vTaskList
 .text.prvIdleTask
                0x00010b8c       0x70 CMakeFiles/main.dir/mnt/dados/Works/ARM/code/openlpc-deps/basefiles_FreeRTOS/tasks.c.obj
 .text.vTaskDelay
                0x00010bfc       0x40 CMakeFiles/main.dir/mnt/dados/Works/ARM/code/openlpc-deps/basefiles_FreeRTOS/tasks.c.obj
                0x00010bfc                vTaskDelay
 .text.vTaskDelayUntil
                0x00010c3c       0x60 CMakeFiles/main.dir/mnt/dados/Works/ARM/code/openlpc-deps/basefiles_FreeRTOS/tasks.c.obj
                0x00010c3c                vTaskDelayUntil
 .text.vTaskSwitchContext
                0x00010c9c       0xc8 CMakeFiles/main.dir/mnt/dados/Works/ARM/code/openlpc-deps/basefiles_FreeRTOS/tasks.c.obj
                0x00010c9c                vTaskSwitchContext
 .text.vTaskSuspend
                0x00010d64       0x7c CMakeFiles/main.dir/mnt/dados/Works/ARM/code/openlpc-deps/basefiles_FreeRTOS/tasks.c.obj
                0x00010d64                vTaskSuspend
 .text.vTaskPlaceOnEventList
                0x00010de0       0x44 CMakeFiles/main.dir/mnt/dados/Works/ARM/code/openlpc-deps/basefiles_FreeRTOS/tasks.c.obj
                0x00010de0                vTaskPlaceOnEventList
 .text.xTaskRemoveFromEventList
                0x00010e24       0x6c CMakeFiles/main.dir/mnt/dados/Works/ARM/code/openlpc-deps/basefiles_FreeRTOS/tasks.c.obj
                0x00010e24                xTaskRemoveFromEventList
 .text.vTaskSetTimeOutState
                0x00010e90       0x18 CMakeFiles/main.dir/mnt/dados/Works/ARM/code/openlpc-deps/basefiles_FreeRTOS/tasks.c.obj
                0x00010e90                vTaskSetTimeOutState
 .text.xTaskCheckForTimeOut
                0x00010ea8       0x7c CMakeFiles/main.dir/mnt/dados/Works/ARM/code/openlpc-deps/basefiles_FreeRTOS/tasks.c.obj
                0x00010ea8                xTaskCheckForTimeOut
 .text.vTaskMissedYield
                0x00010f24        0xc CMakeFiles/main.dir/mnt/dados/Works/ARM/code/openlpc-deps/basefiles_FreeRTOS/tasks.c.obj
                0x00010f24                vTaskMissedYield
 .text.uxTaskGetTaskNumber
                0x00010f30        0x8 CMakeFiles/main.dir/mnt/dados/Works/ARM/code/openlpc-deps/basefiles_FreeRTOS/tasks.c.obj
                0x00010f30                uxTaskGetTaskNumber
 .text.vTaskSetTaskNumber
                0x00010f38        0x8 CMakeFiles/main.dir/mnt/dados/Works/ARM/code/openlpc-deps/basefiles_FreeRTOS/tasks.c.obj
                0x00010f38                vTaskSetTaskNumber
 .text.uxTaskGetStackHighWaterMark
                0x00010f40       0x2c CMakeFiles/main.dir/mnt/dados/Works/ARM/code/openlpc-deps/basefiles_FreeRTOS/tasks.c.obj
                0x00010f40                uxTaskGetStackHighWaterMark
 .text.xTaskGetCurrentTaskHandle
                0x00010f6c        0xc CMakeFiles/main.dir/mnt/dados/Works/ARM/code/openlpc-deps/basefiles_FreeRTOS/tasks.c.obj
                0x00010f6c                xTaskGetCurrentTaskHandle
 .text.vTaskPriorityInherit
                0x00010f78       0x6c CMakeFiles/main.dir/mnt/dados/Works/ARM/code/openlpc-deps/basefiles_FreeRTOS/tasks.c.obj
                0x00010f78                vTaskPriorityInherit
 .text.vTaskPriorityDisinherit
                0x00010fe4       0x48 CMakeFiles/main.dir/mnt/dados/Works/ARM/code/openlpc-deps/basefiles_FreeRTOS/tasks.c.obj
                0x00010fe4                vTaskPriorityDisinherit
 .text          0x0001102c        0x0 CMakeFiles/main.dir/mnt/dados/Works/ARM/code/openlpc-deps/basefiles_FreeRTOS/queue.c.obj
 .text.prvUnlockQueue
                0x0001102c       0x90 CMakeFiles/main.dir/mnt/dados/Works/ARM/code/openlpc-deps/basefiles_FreeRTOS/queue.c.obj
 .text.prvCopyDataToQueue
                0x000110bc       0x6c CMakeFiles/main.dir/mnt/dados/Works/ARM/code/openlpc-deps/basefiles_FreeRTOS/queue.c.obj
 .text.xQueueGenericReset
                0x00011128       0x4c CMakeFiles/main.dir/mnt/dados/Works/ARM/code/openlpc-deps/basefiles_FreeRTOS/queue.c.obj
                0x00011128                xQueueGenericReset
 .text.xQueueGenericCreate
                0x00011174       0x50 CMakeFiles/main.dir/mnt/dados/Works/ARM/code/openlpc-deps/basefiles_FreeRTOS/queue.c.obj
                0x00011174                xQueueGenericCreate
 .text.xQueueGetMutexHolder
                0x000111c4       0x20 CMakeFiles/main.dir/mnt/dados/Works/ARM/code/openlpc-deps/basefiles_FreeRTOS/queue.c.obj
                0x000111c4                xQueueGetMutexHolder
 .text.xQueueCreateCountingSemaphore
                0x000111e4       0x14 CMakeFiles/main.dir/mnt/dados/Works/ARM/code/openlpc-deps/basefiles_FreeRTOS/queue.c.obj
                0x000111e4                xQueueCreateCountingSemaphore
 .text.xQueueGenericSend
                0x000111f8       0xf0 CMakeFiles/main.dir/mnt/dados/Works/ARM/code/openlpc-deps/basefiles_FreeRTOS/queue.c.obj
                0x000111f8                xQueueGenericSend
 .text.xQueueGiveMutexRecursive
                0x000112e8       0x2c CMakeFiles/main.dir/mnt/dados/Works/ARM/code/openlpc-deps/basefiles_FreeRTOS/queue.c.obj
                0x000112e8                xQueueGiveMutexRecursive
 .text.xQueueCreateMutex
                0x00011314       0x4c CMakeFiles/main.dir/mnt/dados/Works/ARM/code/openlpc-deps/basefiles_FreeRTOS/queue.c.obj
                0x00011314                xQueueCreateMutex
 .text.xQueueGenericSendFromISR
                0x00011360       0x60 CMakeFiles/main.dir/mnt/dados/Works/ARM/code/openlpc-deps/basefiles_FreeRTOS/queue.c.obj
                0x00011360                xQueueGenericSendFromISR
 .text.xQueueGenericReceive
                0x000113c0      0x148 CMakeFiles/main.dir/mnt/dados/Works/ARM/code/openlpc-deps/basefiles_FreeRTOS/queue.c.obj
                0x000113c0                xQueueGenericReceive
 .text.xQueueTakeMutexRecursive
                0x00011508       0x34 CMakeFiles/main.dir/mnt/dados/Works/ARM/code/openlpc-deps/basefiles_FreeRTOS/queue.c.obj
                0x00011508                xQueueTakeMutexRecursive
 .text.xQueueReceiveFromISR
                0x0001153c       0x74 CMakeFiles/main.dir/mnt/dados/Works/ARM/code/openlpc-deps/basefiles_FreeRTOS/queue.c.obj
                0x0001153c                xQueueReceiveFromISR
 .text.uxQueueMessagesWaiting
                0x000115b0       0x14 CMakeFiles/main.dir/mnt/dados/Works/ARM/code/openlpc-deps/basefiles_FreeRTOS/queue.c.obj
                0x000115b0                uxQueueMessagesWaiting
 .text.uxQueueMessagesWaitingFromISR
                0x000115c4        0x4 CMakeFiles/main.dir/mnt/dados/Works/ARM/code/openlpc-deps/basefiles_FreeRTOS/queue.c.obj
                0x000115c4                uxQueueMessagesWaitingFromISR
 .text.vQueueDelete
                0x000115c8       0x84 CMakeFiles/main.dir/mnt/dados/Works/ARM/code/openlpc-deps/basefiles_FreeRTOS/queue.c.obj
                0x000115c8                vQueueDelete
 .text.ucQueueGetQueueNumber
                0x0001164c        0x8 CMakeFiles/main.dir/mnt/dados/Works/ARM/code/openlpc-deps/basefiles_FreeRTOS/queue.c.obj
                0x0001164c                ucQueueGetQueueNumber
 .text.vQueueSetQueueNumber
                0x00011654        0x8 CMakeFiles/main.dir/mnt/dados/Works/ARM/code/openlpc-deps/basefiles_FreeRTOS/queue.c.obj
                0x00011654                vQueueSetQueueNumber
 .text.ucQueueGetQueueType
                0x0001165c        0x8 CMakeFiles/main.dir/mnt/dados/Works/ARM/code/openlpc-deps/basefiles_FreeRTOS/queue.c.obj
                0x0001165c                ucQueueGetQueueType
 .text.xQueueIsQueueEmptyFromISR
                0x00011664        0xc CMakeFiles/main.dir/mnt/dados/Works/ARM/code/openlpc-deps/basefiles_FreeRTOS/queue.c.obj
                0x00011664                xQueueIsQueueEmptyFromISR
 .text.xQueueIsQueueFullFromISR
                0x00011670       0x10 CMakeFiles/main.dir/mnt/dados/Works/ARM/code/openlpc-deps/basefiles_FreeRTOS/queue.c.obj
                0x00011670                xQueueIsQueueFullFromISR
 .text.vQueueAddToRegistry
                0x00011680       0x64 CMakeFiles/main.dir/mnt/dados/Works/ARM/code/openlpc-deps/basefiles_FreeRTOS/queue.c.obj
                0x00011680                vQueueAddToRegistry
 .text          0x000116e4        0x0 CMakeFiles/main.dir/mnt/dados/Works/ARM/code/openlpc-deps/basefiles_FreeRTOS/timers.c.obj
 .text          0x000116e4        0x0 CMakeFiles/main.dir/mnt/dados/Works/ARM/code/openlpc-deps/basefiles_FreeRTOS/croutine.c.obj
 .text.xCoRoutineCreate
                0x000116e4       0xcc CMakeFiles/main.dir/mnt/dados/Works/ARM/code/openlpc-deps/basefiles_FreeRTOS/croutine.c.obj
                0x000116e4                xCoRoutineCreate
 .text.vCoRoutineAddToDelayedList
                0x000117b0       0x5c CMakeFiles/main.dir/mnt/dados/Works/ARM/code/openlpc-deps/basefiles_FreeRTOS/croutine.c.obj
                0x000117b0                vCoRoutineAddToDelayedList
 .text.vCoRoutineSchedule
                0x0001180c      0x1f8 CMakeFiles/main.dir/mnt/dados/Works/ARM/code/openlpc-deps/basefiles_FreeRTOS/croutine.c.obj
                0x0001180c                vCoRoutineSchedule
 .text.xCoRoutineRemoveFromEventList
                0x00011a04       0x34 CMakeFiles/main.dir/mnt/dados/Works/ARM/code/openlpc-deps/basefiles_FreeRTOS/croutine.c.obj
                0x00011a04                xCoRoutineRemoveFromEventList
 .text          0x00011a38        0x0 CMakeFiles/main.dir/mnt/dados/Works/ARM/code/openlpc-deps/basefiles_FreeRTOS/list.c.obj
 .text.vListInitialise
                0x00011a38       0x18 CMakeFiles/main.dir/mnt/dados/Works/ARM/code/openlpc-deps/basefiles_FreeRTOS/list.c.obj
                0x00011a38                vListInitialise
 .text.vListInitialiseItem
                0x00011a50        0x8 CMakeFiles/main.dir/mnt/dados/Works/ARM/code/openlpc-deps/basefiles_FreeRTOS/list.c.obj
                0x00011a50                vListInitialiseItem
 .text.vListInsertEnd
                0x00011a58       0x1c CMakeFiles/main.dir/mnt/dados/Works/ARM/code/openlpc-deps/basefiles_FreeRTOS/list.c.obj
                0x00011a58                vListInsertEnd
 .text.vListInsert
                0x00011a74       0x3c CMakeFiles/main.dir/mnt/dados/Works/ARM/code/openlpc-deps/basefiles_FreeRTOS/list.c.obj
                0x00011a74                vListInsert
 .text.vListRemove
                0x00011ab0       0x24 CMakeFiles/main.dir/mnt/dados/Works/ARM/code/openlpc-deps/basefiles_FreeRTOS/list.c.obj
                0x00011ab0                vListRemove
 .text          0x00011ad4        0x0 CMakeFiles/main.dir/mnt/dados/Works/ARM/code/openlpc-deps/basefiles_FreeRTOS/portable/MemMang/heap_2.c.obj
 .text.pvPortMalloc
                0x00011ad4       0xb0 CMakeFiles/main.dir/mnt/dados/Works/ARM/code/openlpc-deps/basefiles_FreeRTOS/portable/MemMang/heap_2.c.obj
                0x00011ad4                pvPortMalloc
 .text.vPortFree
                0x00011b84       0x40 CMakeFiles/main.dir/mnt/dados/Works/ARM/code/openlpc-deps/basefiles_FreeRTOS/portable/MemMang/heap_2.c.obj
                0x00011b84                vPortFree
 .text.xPortGetFreeHeapSize
                0x00011bc4        0xc CMakeFiles/main.dir/mnt/dados/Works/ARM/code/openlpc-deps/basefiles_FreeRTOS/portable/MemMang/heap_2.c.obj
                0x00011bc4                xPortGetFreeHeapSize
 .text.vPortInitialiseBlocks
                0x00011bd0        0x4 CMakeFiles/main.dir/mnt/dados/Works/ARM/code/openlpc-deps/basefiles_FreeRTOS/portable/MemMang/heap_2.c.obj
                0x00011bd0                vPortInitialiseBlocks
 .text          0x00011bd4        0x0 CMakeFiles/main.dir/mnt/dados/Works/ARM/code/openlpc-deps/basefiles_FreeRTOS/portable/ARM_CM3/port.c.obj
 .text.prvPortStartFirstTask
                0x00011bd4       0x14 CMakeFiles/main.dir/mnt/dados/Works/ARM/code/openlpc-deps/basefiles_FreeRTOS/portable/ARM_CM3/port.c.obj
 .text.pxPortInitialiseStack
                0x00011be8       0x24 CMakeFiles/main.dir/mnt/dados/Works/ARM/code/openlpc-deps/basefiles_FreeRTOS/portable/ARM_CM3/port.c.obj
                0x00011be8                pxPortInitialiseStack
 .text.vPortSVCHandler
                0x00011c0c       0x20 CMakeFiles/main.dir/mnt/dados/Works/ARM/code/openlpc-deps/basefiles_FreeRTOS/portable/ARM_CM3/port.c.obj
                0x00011c0c                vPortSVCHandler
 .text.xPortStartScheduler
                0x00011c2c       0x40 CMakeFiles/main.dir/mnt/dados/Works/ARM/code/openlpc-deps/basefiles_FreeRTOS/portable/ARM_CM3/port.c.obj
                0x00011c2c                xPortStartScheduler
 .text.vPortEndScheduler
                0x00011c6c        0x4 CMakeFiles/main.dir/mnt/dados/Works/ARM/code/openlpc-deps/basefiles_FreeRTOS/portable/ARM_CM3/port.c.obj
                0x00011c6c                vPortEndScheduler
 .text.vPortYieldFromISR
                0x00011c70       0x10 CMakeFiles/main.dir/mnt/dados/Works/ARM/code/openlpc-deps/basefiles_FreeRTOS/portable/ARM_CM3/port.c.obj
                0x00011c70                vPortYieldFromISR
 .text.vPortEnterCritical
                0x00011c80       0x18 CMakeFiles/main.dir/mnt/dados/Works/ARM/code/openlpc-deps/basefiles_FreeRTOS/portable/ARM_CM3/port.c.obj
                0x00011c80                vPortEnterCritical
 .text.vPortExitCritical
                0x00011c98       0x18 CMakeFiles/main.dir/mnt/dados/Works/ARM/code/openlpc-deps/basefiles_FreeRTOS/portable/ARM_CM3/port.c.obj
                0x00011c98                vPortExitCritical
 .text.xPortPendSVHandler
                0x00011cb0       0x3c CMakeFiles/main.dir/mnt/dados/Works/ARM/code/openlpc-deps/basefiles_FreeRTOS/portable/ARM_CM3/port.c.obj
                0x00011cb0                xPortPendSVHandler
 .text.xPortSysTickHandler
                0x00011cec       0x24 CMakeFiles/main.dir/mnt/dados/Works/ARM/code/openlpc-deps/basefiles_FreeRTOS/portable/ARM_CM3/port.c.obj
                0x00011cec                xPortSysTickHandler
 .text          0x00011d10        0x0 CMakeFiles/main.dir/mnt/dados/Works/ARM/code/openlpc-deps/CMSIS/src/core_cm3.c.obj
 .text          0x00011d10        0x0 CMakeFiles/main.dir/mnt/dados/Works/ARM/code/openlpc-deps/CMSIS/src/system_lpc17xx.c.obj
 .text.SystemCoreClockUpdate
                0x00011d10      0x100 CMakeFiles/main.dir/mnt/dados/Works/ARM/code/openlpc-deps/CMSIS/src/system_lpc17xx.c.obj
                0x00011d10                SystemCoreClockUpdate
 .text.SystemInit
                0x00011e10       0xec CMakeFiles/main.dir/mnt/dados/Works/ARM/code/openlpc-deps/CMSIS/src/system_lpc17xx.c.obj
                0x00011e10                SystemInit
 .text          0x00011efc        0x0 CMakeFiles/main.dir/mnt/dados/Works/ARM/code/openlpc-deps/CMSIS/DSP_Lib/src/Common/source/math_helper.c.obj
 .text.arm_snr_f32
                0x00011efc      0x128 CMakeFiles/main.dir/mnt/dados/Works/ARM/code/openlpc-deps/CMSIS/DSP_Lib/src/Common/source/math_helper.c.obj
                0x00011efc                arm_snr_f32
 .text.arm_provide_guard_bits_q15
                0x00012024       0x54 CMakeFiles/main.dir/mnt/dados/Works/ARM/code/openlpc-deps/CMSIS/DSP_Lib/src/Common/source/math_helper.c.obj
                0x00012024                arm_provide_guard_bits_q15
 .text.arm_float_to_q12_20
                0x00012078      0x1e8 CMakeFiles/main.dir/mnt/dados/Works/ARM/code/openlpc-deps/CMSIS/DSP_Lib/src/Common/source/math_helper.c.obj
                0x00012078                arm_float_to_q12_20
 .text.arm_compare_fixed_q15
                0x00012260       0x94 CMakeFiles/main.dir/mnt/dados/Works/ARM/code/openlpc-deps/CMSIS/DSP_Lib/src/Common/source/math_helper.c.obj
                0x00012260                arm_compare_fixed_q15
 .text.arm_compare_fixed_q31
                0x000122f4       0x8c CMakeFiles/main.dir/mnt/dados/Works/ARM/code/openlpc-deps/CMSIS/DSP_Lib/src/Common/source/math_helper.c.obj
                0x000122f4                arm_compare_fixed_q31
 .text.arm_provide_guard_bits_q31
                0x00012380       0x4c CMakeFiles/main.dir/mnt/dados/Works/ARM/code/openlpc-deps/CMSIS/DSP_Lib/src/Common/source/math_helper.c.obj
                0x00012380                arm_provide_guard_bits_q31
 .text.arm_provide_guard_bits_q7
                0x000123cc       0x50 CMakeFiles/main.dir/mnt/dados/Works/ARM/code/openlpc-deps/CMSIS/DSP_Lib/src/Common/source/math_helper.c.obj
                0x000123cc                arm_provide_guard_bits_q7
 .text.arm_calc_guard_bits
                0x0001241c       0x1c CMakeFiles/main.dir/mnt/dados/Works/ARM/code/openlpc-deps/CMSIS/DSP_Lib/src/Common/source/math_helper.c.obj
                0x0001241c                arm_calc_guard_bits
 .text.arm_apply_guard_bits
                0x00012438       0x54 CMakeFiles/main.dir/mnt/dados/Works/ARM/code/openlpc-deps/CMSIS/DSP_Lib/src/Common/source/math_helper.c.obj
                0x00012438                arm_apply_guard_bits
 .text.arm_calc_2pow
                0x0001248c       0x2c CMakeFiles/main.dir/mnt/dados/Works/ARM/code/openlpc-deps/CMSIS/DSP_Lib/src/Common/source/math_helper.c.obj
                0x0001248c                arm_calc_2pow
 .text.arm_float_to_q14
                0x000124b8      0x1f8 CMakeFiles/main.dir/mnt/dados/Works/ARM/code/openlpc-deps/CMSIS/DSP_Lib/src/Common/source/math_helper.c.obj
                0x000124b8                arm_float_to_q14
 .text.arm_float_to_q30
                0x000126b0      0x1ec CMakeFiles/main.dir/mnt/dados/Works/ARM/code/openlpc-deps/CMSIS/DSP_Lib/src/Common/source/math_helper.c.obj
                0x000126b0                arm_float_to_q30
 .text.arm_float_to_q29
                0x0001289c      0x1ec CMakeFiles/main.dir/mnt/dados/Works/ARM/code/openlpc-deps/CMSIS/DSP_Lib/src/Common/source/math_helper.c.obj
                0x0001289c                arm_float_to_q29
 .text.arm_float_to_q28
                0x00012a88      0x1ec CMakeFiles/main.dir/mnt/dados/Works/ARM/code/openlpc-deps/CMSIS/DSP_Lib/src/Common/source/math_helper.c.obj
                0x00012a88                arm_float_to_q28
 .text.arm_clip_f32
                0x00012c74       0xf0 CMakeFiles/main.dir/mnt/dados/Works/ARM/code/openlpc-deps/CMSIS/DSP_Lib/src/Common/source/math_helper.c.obj
                0x00012c74                arm_clip_f32
 .text          0x00012d64        0x0 CMakeFiles/main.dir/usbstack/src/usb_cdc.c.obj
 .text.USBFrameHandler
                0x00012d64       0x1c CMakeFiles/main.dir/usbstack/src/usb_cdc.c.obj
 .text.BulkOut  0x00012d80       0x90 CMakeFiles/main.dir/usbstack/src/usb_cdc.c.obj
 .text.BulkIn   0x00012e10       0x70 CMakeFiles/main.dir/usbstack/src/usb_cdc.c.obj
 .text.HandleClassRequest
                0x00012e80       0x38 CMakeFiles/main.dir/usbstack/src/usb_cdc.c.obj
 .text.VCOM_putchar
                0x00012eb8       0x2c CMakeFiles/main.dir/usbstack/src/usb_cdc.c.obj
                0x00012eb8                VCOM_putchar
 .text.VCOM_getchar
                0x00012ee4       0x24 CMakeFiles/main.dir/usbstack/src/usb_cdc.c.obj
                0x00012ee4                VCOM_getchar
 .text.USB_IRQHandler
                0x00012f08        0x4 CMakeFiles/main.dir/usbstack/src/usb_cdc.c.obj
                0x00012f08                USB_IRQHandler
 .text.CPUcpsie
                0x00012f0c        0xc CMakeFiles/main.dir/usbstack/src/usb_cdc.c.obj
                0x00012f0c                CPUcpsie
 .text.vUSBTask
                0x00012f18       0xac CMakeFiles/main.dir/usbstack/src/usb_cdc.c.obj
                0x00012f18                vUSBTask
 .text          0x00012fc4        0x0 CMakeFiles/main.dir/usbstack/src/usbcontrol.c.obj
 .text.DataIn   0x00012fc4       0x30 CMakeFiles/main.dir/usbstack/src/usbcontrol.c.obj
 .text.StallControlPipe.clone.0
                0x00012ff4        0x8 CMakeFiles/main.dir/usbstack/src/usbcontrol.c.obj
 .text.USBHandleControlTransfer
                0x00012ffc       0xe4 CMakeFiles/main.dir/usbstack/src/usbcontrol.c.obj
                0x00012ffc                USBHandleControlTransfer
 .text.USBRegisterRequestHandler
                0x000130e0       0x18 CMakeFiles/main.dir/usbstack/src/usbcontrol.c.obj
                0x000130e0                USBRegisterRequestHandler
 .text          0x000130f8        0x0 CMakeFiles/main.dir/usbstack/src/usbhw_lpc.c.obj
 .text.USBHwCmdWrite
                0x000130f8       0x48 CMakeFiles/main.dir/usbstack/src/usbhw_lpc.c.obj
 .text.USBHwCmdRead
                0x00013140       0x50 CMakeFiles/main.dir/usbstack/src/usbhw_lpc.c.obj
 .text.USBHwEPConfig
                0x00013190       0x4c CMakeFiles/main.dir/usbstack/src/usbhw_lpc.c.obj
                0x00013190                USBHwEPConfig
 .text.USBHwRegisterEPIntHandler
                0x000131dc       0x40 CMakeFiles/main.dir/usbstack/src/usbhw_lpc.c.obj
                0x000131dc                USBHwRegisterEPIntHandler
 .text.USBHwRegisterDevIntHandler
                0x0001321c       0x1c CMakeFiles/main.dir/usbstack/src/usbhw_lpc.c.obj
                0x0001321c                USBHwRegisterDevIntHandler
 .text.USBHwRegisterFrameHandler
                0x00013238       0x1c CMakeFiles/main.dir/usbstack/src/usbhw_lpc.c.obj
                0x00013238                USBHwRegisterFrameHandler
 .text.USBHwSetAddress
                0x00013254        0xc CMakeFiles/main.dir/usbstack/src/usbhw_lpc.c.obj
                0x00013254                USBHwSetAddress
 .text.USBHwConnect
                0x00013260        0xc CMakeFiles/main.dir/usbstack/src/usbhw_lpc.c.obj
                0x00013260                USBHwConnect
 .text.USBHwNakIntEnable
                0x0001326c        0x8 CMakeFiles/main.dir/usbstack/src/usbhw_lpc.c.obj
                0x0001326c                USBHwNakIntEnable
 .text.USBHwEPGetStatus
                0x00013274       0x10 CMakeFiles/main.dir/usbstack/src/usbhw_lpc.c.obj
                0x00013274                USBHwEPGetStatus
 .text.USBHwEPStall
                0x00013284       0x18 CMakeFiles/main.dir/usbstack/src/usbhw_lpc.c.obj
                0x00013284                USBHwEPStall
 .text.USBHwEPWrite
                0x0001329c       0xa0 CMakeFiles/main.dir/usbstack/src/usbhw_lpc.c.obj
                0x0001329c                USBHwEPWrite
 .text.USBHwEPRead
                0x0001333c       0xdc CMakeFiles/main.dir/usbstack/src/usbhw_lpc.c.obj
                0x0001333c                USBHwEPRead
 .text.USBHwConfigDevice
                0x00013418        0xc CMakeFiles/main.dir/usbstack/src/usbhw_lpc.c.obj
                0x00013418                USBHwConfigDevice
 .text.USBHwISR
                0x00013424       0xb8 CMakeFiles/main.dir/usbstack/src/usbhw_lpc.c.obj
                0x00013424                USBHwISR
 .text.USBHwInit
                0x000134dc       0x98 CMakeFiles/main.dir/usbstack/src/usbhw_lpc.c.obj
                0x000134dc                USBHwInit
 .text          0x00013574        0x0 CMakeFiles/main.dir/usbstack/src/usbinit.c.obj
 .text.HandleUsbReset
                0x00013574        0x4 CMakeFiles/main.dir/usbstack/src/usbinit.c.obj
 .text.USBInit  0x00013578       0x4c CMakeFiles/main.dir/usbstack/src/usbinit.c.obj
                0x00013578                USBInit
 .text          0x000135c4        0x0 CMakeFiles/main.dir/usbstack/src/usbstdreq.c.obj
 .text.USBRegisterDescriptors
                0x000135c4        0xc CMakeFiles/main.dir/usbstack/src/usbstdreq.c.obj
                0x000135c4                USBRegisterDescriptors
 .text.USBGetDescriptor
                0x000135d0       0x54 CMakeFiles/main.dir/usbstack/src/usbstdreq.c.obj
                0x000135d0                USBGetDescriptor
 .text.USBHandleStandardRequest
                0x00013624      0x17c CMakeFiles/main.dir/usbstack/src/usbstdreq.c.obj
                0x00013624                USBHandleStandardRequest
 .text.USBRegisterCustomReqHandler
                0x000137a0        0xc CMakeFiles/main.dir/usbstack/src/usbstdreq.c.obj
                0x000137a0                USBRegisterCustomReqHandler
 .text          0x000137ac      0x100 /opt/CodeSourcery/Sourcery_G++_Lite/bin/../lib/gcc/arm-none-eabi/4.5.2/../../../../arm-none-eabi/lib/thumb2/libm.a(lib_a-w_log10.o)
                0x000137ac                log10
 *fill*         0x000138ac        0x4 00
 .text          0x000138b0      0x128 /opt/CodeSourcery/Sourcery_G++_Lite/bin/../lib/gcc/arm-none-eabi/4.5.2/../../../../arm-none-eabi/lib/thumb2/libm.a(lib_a-e_log10.o)
                0x000138b0                __ieee754_log10
 .text          0x000139d8       0x90 /opt/CodeSourcery/Sourcery_G++_Lite/bin/../lib/gcc/arm-none-eabi/4.5.2/../../../../arm-none-eabi/lib/thumb2/libm.a(lib_a-s_fpclassify.o)
                0x000139d8                __fpclassifyd
 .text          0x00013a68        0x0 /opt/CodeSourcery/Sourcery_G++_Lite/bin/../lib/gcc/arm-none-eabi/4.5.2/../../../../arm-none-eabi/lib/thumb2/libm.a(lib_a-s_lib_ver.o)
 .text          0x00013a68        0x4 /opt/CodeSourcery/Sourcery_G++_Lite/bin/../lib/gcc/arm-none-eabi/4.5.2/../../../../arm-none-eabi/lib/thumb2/libm.a(lib_a-s_matherr.o)
                0x00013a68                matherr
 .text          0x00013a6c        0xc /opt/CodeSourcery/Sourcery_G++_Lite/bin/../lib/gcc/arm-none-eabi/4.5.2/../../../../arm-none-eabi/lib/thumb2/libm.a(lib_a-s_nan.o)
                0x00013a6c                nan
 .text          0x00013a78      0x420 /opt/CodeSourcery/Sourcery_G++_Lite/bin/../lib/gcc/arm-none-eabi/4.5.2/../../../../arm-none-eabi/lib/thumb2/libm.a(lib_a-e_log.o)
                0x00013a78                __ieee754_log
 .text          0x00013e98      0x370 /opt/CodeSourcery/Sourcery_G++_Lite/bin/../lib/gcc/arm-none-eabi/4.5.2/thumb2/libgcc.a(_arm_addsubdf3.o)
                0x00013e98                __aeabi_drsub
                0x00013ea0                __aeabi_dsub
                0x00013ea0                __subdf3
                0x00013ea4                __adddf3
                0x00013ea4                __aeabi_dadd
                0x0001411c                __aeabi_ui2d
                0x0001411c                __floatunsidf
                0x0001413c                __floatsidf
                0x0001413c                __aeabi_i2d
                0x00014160                __extendsfdf2
                0x00014160                __aeabi_f2d
                0x0001419c                __aeabi_ul2d
                0x0001419c                __floatundidf
                0x000141ac                __floatdidf
                0x000141ac                __aeabi_l2d
 .text          0x00014208      0x424 /opt/CodeSourcery/Sourcery_G++_Lite/bin/../lib/gcc/arm-none-eabi/4.5.2/thumb2/libgcc.a(_arm_muldivdf3.o)
                0x00014208                __aeabi_dmul
                0x00014208                __muldf3
                0x0001445c                __aeabi_ddiv
                0x0001445c                __divdf3
 .text          0x0001462c      0x110 /opt/CodeSourcery/Sourcery_G++_Lite/bin/../lib/gcc/arm-none-eabi/4.5.2/thumb2/libgcc.a(_arm_cmpdf2.o)
                0x0001462c                __gtdf2
                0x0001462c                __gedf2
                0x00014634                __ltdf2
                0x00014634                __ledf2
                0x0001463c                __cmpdf2
                0x0001463c                __eqdf2
                0x0001463c                __nedf2
                0x000146b8                __aeabi_cdrcmple
                0x000146c8                __aeabi_cdcmple
                0x000146c8                __aeabi_cdcmpeq
                0x000146d8                __aeabi_dcmpeq
                0x000146ec                __aeabi_dcmplt
                0x00014700                __aeabi_dcmple
                0x00014714                __aeabi_dcmpge
                0x00014728                __aeabi_dcmpgt
 .text          0x0001473c       0x50 /opt/CodeSourcery/Sourcery_G++_Lite/bin/../lib/gcc/arm-none-eabi/4.5.2/thumb2/libgcc.a(_arm_fixdfsi.o)
                0x0001473c                __fixdfsi
                0x0001473c                __aeabi_d2iz
 .text          0x0001478c       0xa0 /opt/CodeSourcery/Sourcery_G++_Lite/bin/../lib/gcc/arm-none-eabi/4.5.2/thumb2/libgcc.a(_arm_truncdfsf2.o)
                0x0001478c                __aeabi_d2f
                0x0001478c                __truncdfsf2
 .text          0x0001482c      0x21c /opt/CodeSourcery/Sourcery_G++_Lite/bin/../lib/gcc/arm-none-eabi/4.5.2/thumb2/libgcc.a(_arm_addsubsf3.o)
                0x0001482c                __aeabi_frsub
                0x00014834                __subsf3
                0x00014834                __aeabi_fsub
                0x00014838                __aeabi_fadd
                0x00014838                __addsf3
                0x00014998                __aeabi_ui2f
                0x00014998                __floatunsisf
                0x000149a0                __aeabi_i2f
                0x000149a0                __floatsisf
                0x000149bc                __floatundisf
                0x000149bc                __aeabi_ul2f
                0x000149cc                __floatdisf
                0x000149cc                __aeabi_l2f
 .text          0x00014a48      0x2a0 /opt/CodeSourcery/Sourcery_G++_Lite/bin/../lib/gcc/arm-none-eabi/4.5.2/thumb2/libgcc.a(_arm_muldivsf3.o)
                0x00014a48                __mulsf3
                0x00014a48                __aeabi_fmul
                0x00014bb0                __divsf3
                0x00014bb0                __aeabi_fdiv
 .text          0x00014ce8       0xec /opt/CodeSourcery/Sourcery_G++_Lite/bin/../lib/gcc/arm-none-eabi/4.5.2/thumb2/libgcc.a(_arm_cmpsf2.o)
                0x00014ce8                __gtsf2
                0x00014ce8                __gesf2
                0x00014cf0                __lesf2
                0x00014cf0                __ltsf2
                0x00014cf8                __nesf2
                0x00014cf8                __eqsf2
                0x00014cf8                __cmpsf2
                0x00014d58                __aeabi_cfrcmple
                0x00014d60                __aeabi_cfcmple
                0x00014d60                __aeabi_cfcmpeq
                0x00014d70                __aeabi_fcmpeq
                0x00014d84                __aeabi_fcmplt
                0x00014d98                __aeabi_fcmple
                0x00014dac                __aeabi_fcmpge
                0x00014dc0                __aeabi_fcmpgt
 .text          0x00014dd4       0x4c /opt/CodeSourcery/Sourcery_G++_Lite/bin/../lib/gcc/arm-none-eabi/4.5.2/thumb2/libgcc.a(_arm_fixsfsi.o)
                0x00014dd4                __fixsfsi
                0x00014dd4                __aeabi_f2iz
 .text          0x00014e20       0x2c /opt/CodeSourcery/Sourcery_G++_Lite/bin/../lib/gcc/arm-none-eabi/4.5.2/thumb2/libgcc.a(_aeabi_uldivmod.o)
                0x00014e20                __aeabi_uldivmod
 .text          0x00014e4c       0x60 /opt/CodeSourcery/Sourcery_G++_Lite/bin/../lib/gcc/arm-none-eabi/4.5.2/thumb2/libgcc.a(bpabi.o)
                0x00014e4c                __gnu_ldivmod_helper
                0x00014e7c                __gnu_uldivmod_helper
 .text          0x00014eac        0x4 /opt/CodeSourcery/Sourcery_G++_Lite/bin/../lib/gcc/arm-none-eabi/4.5.2/thumb2/libgcc.a(_dvmd_tls.o)
                0x00014eac                __aeabi_ldiv0
                0x00014eac                __aeabi_idiv0
 .text          0x00014eb0      0x360 /opt/CodeSourcery/Sourcery_G++_Lite/bin/../lib/gcc/arm-none-eabi/4.5.2/thumb2/libgcc.a(_divdi3.o)
                0x00014eb0                __divdi3
 .text          0x00015210      0x308 /opt/CodeSourcery/Sourcery_G++_Lite/bin/../lib/gcc/arm-none-eabi/4.5.2/thumb2/libgcc.a(_udivdi3.o)
                0x00015210                __udivdi3
 .text          0x00015518      0x278 /opt/CodeSourcery/Sourcery_G++_Lite/bin/../lib/gcc/arm-none-eabi/4.5.2/thumb2/libgcc.a(_udivsi3.o)
                0x00015518                __udivsi3
                0x00015518                __aeabi_uidiv
                0x00015774                __aeabi_uidivmod
 .text          0x00015790        0xc /opt/CodeSourcery/Sourcery_G++_Lite/bin/../lib/gcc/arm-none-eabi/4.5.2/../../../../arm-none-eabi/lib/thumb2/libc.a(lib_a-errno.o)
                0x00015790                __errno
 .text          0x0001579c        0x0 /opt/CodeSourcery/Sourcery_G++_Lite/bin/../lib/gcc/arm-none-eabi/4.5.2/../../../../arm-none-eabi/lib/thumb2/libc.a(lib_a-impure.o)
 .text          0x0001579c       0x64 /opt/CodeSourcery/Sourcery_G++_Lite/bin/../lib/gcc/arm-none-eabi/4.5.2/../../../../arm-none-eabi/lib/thumb2/libc.a(lib_a-memcmp.o)
                0x0001579c                memcmp
 .text          0x00015800      0x150 /opt/CodeSourcery/Sourcery_G++_Lite/bin/../lib/gcc/arm-none-eabi/4.5.2/../../../../arm-none-eabi/lib/thumb2/libc.a(lib_a-memcpy.o)
                0x00015800                memcpy
 .text          0x00015950       0xb4 /opt/CodeSourcery/Sourcery_G++_Lite/bin/../lib/gcc/arm-none-eabi/4.5.2/../../../../arm-none-eabi/lib/thumb2/libc.a(lib_a-memset.o)
                0x00015950                memset
 .text          0x00015a04       0x94 /opt/CodeSourcery/Sourcery_G++_Lite/bin/../lib/gcc/arm-none-eabi/4.5.2/../../../../arm-none-eabi/lib/thumb2/libc.a(lib_a-sprintf.o)
                0x00015a04                _sprintf_r
                0x00015a48                sprintf
 .text          0x00015a98       0x48 /opt/CodeSourcery/Sourcery_G++_Lite/bin/../lib/gcc/arm-none-eabi/4.5.2/../../../../arm-none-eabi/lib/thumb2/libc.a(lib_a-strcat.o)
                0x00015a98                strcat
 .text          0x00015ae0       0xbc /opt/CodeSourcery/Sourcery_G++_Lite/bin/../lib/gcc/arm-none-eabi/4.5.2/../../../../arm-none-eabi/lib/thumb2/libc.a(lib_a-strcpy.o)
                0x00015ae0                strcpy
 .text          0x00015b9c       0x78 /opt/CodeSourcery/Sourcery_G++_Lite/bin/../lib/gcc/arm-none-eabi/4.5.2/../../../../arm-none-eabi/lib/thumb2/libc.a(lib_a-strncpy.o)
                0x00015b9c                strncpy
 .text          0x00015c14     0x1640 /opt/CodeSourcery/Sourcery_G++_Lite/bin/../lib/gcc/arm-none-eabi/4.5.2/../../../../arm-none-eabi/lib/thumb2/libc.a(lib_a-svfprintf.o)
                0x00015c14                _svfprintf_r
 *fill*         0x00017254        0x4 00
 .text          0x00017258      0xfe8 /opt/CodeSourcery/Sourcery_G++_Lite/bin/../lib/gcc/arm-none-eabi/4.5.2/../../../../arm-none-eabi/lib/thumb2/libc.a(lib_a-dtoa.o)
                0x00017384                _dtoa_r
 .text          0x00018240       0xa0 /opt/CodeSourcery/Sourcery_G++_Lite/bin/../lib/gcc/arm-none-eabi/4.5.2/../../../../arm-none-eabi/lib/thumb2/libc.a(lib_a-locale.o)
                0x00018240                _setlocale_r
                0x0001829c                __locale_charset
                0x000182a8                __locale_mb_cur_max
                0x000182b4                __locale_msgcharset
                0x000182bc                __locale_cjk_lang
                0x000182c0                _localeconv_r
                0x000182c8                setlocale
                0x000182d8                localeconv
 .text          0x000182e0       0x20 /opt/CodeSourcery/Sourcery_G++_Lite/bin/../lib/gcc/arm-none-eabi/4.5.2/../../../../arm-none-eabi/lib/thumb2/libc.a(lib_a-malloc.o)
                0x000182e0                malloc
                0x000182f0                free
 .text          0x00018300      0x57c /opt/CodeSourcery/Sourcery_G++_Lite/bin/../lib/gcc/arm-none-eabi/4.5.2/../../../../arm-none-eabi/lib/thumb2/libc.a(lib_a-mallocr.o)
                0x00018300                _malloc_r
 .text          0x0001887c       0x8c /opt/CodeSourcery/Sourcery_G++_Lite/bin/../lib/gcc/arm-none-eabi/4.5.2/../../../../arm-none-eabi/lib/thumb2/libc.a(lib_a-memchr.o)
                0x0001887c                memchr
 .text          0x00018908        0x8 /opt/CodeSourcery/Sourcery_G++_Lite/bin/../lib/gcc/arm-none-eabi/4.5.2/../../../../arm-none-eabi/lib/thumb2/libc.a(lib_a-mlock.o)
                0x00018908                __malloc_lock
                0x0001890c                __malloc_unlock
 .text          0x00018910      0x91c /opt/CodeSourcery/Sourcery_G++_Lite/bin/../lib/gcc/arm-none-eabi/4.5.2/../../../../arm-none-eabi/lib/thumb2/libc.a(lib_a-mprec.o)
                0x00018910                _Balloc
                0x00018978                _Bfree
                0x000189b0                __multadd
                0x00018a34                __s2b
                0x00018acc                __hi0bits
                0x00018b0c                __lo0bits
                0x00018b70                __i2b
                0x00018b84                __multiply
                0x00018cac                __pow5mult
                0x00018d50                __lshift
                0x00018dfc                __mcmp
                0x00018e38                __mdiff
                0x00018f30                __ulp
                0x00018f78                __b2d
                0x00019024                __d2b
                0x000190ec                __ratio
                0x00019154                _mprec_log10
                0x00019188                __copybits
                0x000191d0                __any_on
 .text          0x0001922c      0x1dc /opt/CodeSourcery/Sourcery_G++_Lite/bin/../lib/gcc/arm-none-eabi/4.5.2/../../../../arm-none-eabi/lib/thumb2/libc.a(lib_a-strcmp.o)
                0x0001922c                strcmp
 .text          0x00019408       0x60 /opt/CodeSourcery/Sourcery_G++_Lite/bin/../lib/gcc/arm-none-eabi/4.5.2/../../../../arm-none-eabi/lib/thumb2/libc.a(lib_a-strlen.o)
                0x00019408                strlen
 .text          0x00019468      0xbe8 /opt/CodeSourcery/Sourcery_G++_Lite/bin/../lib/gcc/arm-none-eabi/4.5.2/../../../../arm-none-eabi/lib/thumb2/libc.a(lib_a-svfiprintf.o)
                0x00019468                __ssprint_r
                0x00019570                _svfiprintf_r
 .text          0x0001a050       0x5c /opt/CodeSourcery/Sourcery_G++_Lite/bin/../lib/gcc/arm-none-eabi/4.5.2/../../../../arm-none-eabi/lib/thumb2/libc.a(lib_a-callocr.o)
                0x0001a050                _calloc_r
 .text          0x0001a0ac      0x240 /opt/CodeSourcery/Sourcery_G++_Lite/bin/../lib/gcc/arm-none-eabi/4.5.2/../../../../arm-none-eabi/lib/thumb2/libc.a(lib_a-freer.o)
                0x0001a0ac                _malloc_trim_r
                0x0001a154                _free_r
 .text          0x0001a2ec       0xb4 /opt/CodeSourcery/Sourcery_G++_Lite/bin/../lib/gcc/arm-none-eabi/4.5.2/../../../../arm-none-eabi/lib/thumb2/libc.a(lib_a-memmove.o)
                0x0001a2ec                memmove
 .text          0x0001a3a0      0x41c /opt/CodeSourcery/Sourcery_G++_Lite/bin/../lib/gcc/arm-none-eabi/4.5.2/../../../../arm-none-eabi/lib/thumb2/libc.a(lib_a-reallocr.o)
                0x0001a3a0                _realloc_r
 .text          0x0001a7bc        0x0 /opt/CodeSourcery/Sourcery_G++_Lite/bin/../lib/gcc/arm-none-eabi/4.5.2/thumb2/crtend.o
 .text          0x0001a7bc        0x0 /opt/CodeSourcery/Sourcery_G++_Lite/bin/../lib/gcc/arm-none-eabi/4.5.2/thumb2/crtn.o
 *(.rodata .rodata.*)
 .rodata.str1.4
                0x0001a7bc        0x8 CMakeFiles/main.dir/src/main.c.obj
 .rodata.ucExpectedStackBytes.6452
                0x0001a7c4       0x14 CMakeFiles/main.dir/mnt/dados/Works/ARM/code/openlpc-deps/basefiles_FreeRTOS/tasks.c.obj
 .rodata.str1.4
                0x0001a7d8       0x1f CMakeFiles/main.dir/mnt/dados/Works/ARM/code/openlpc-deps/basefiles_FreeRTOS/tasks.c.obj
                                 0x20 (size before relaxing)
 *fill*         0x0001a7f7        0x1 00
 .rodata.ulKernelPriority
                0x0001a7f8        0x4 CMakeFiles/main.dir/mnt/dados/Works/ARM/code/openlpc-deps/basefiles_FreeRTOS/portable/ARM_CM3/port.c.obj
                0x0001a7f8                ulKernelPriority
 .rodata.abDescriptors
                0x0001a7fc       0x7c CMakeFiles/main.dir/usbstack/src/usb_cdc.c.obj
 .rodata.str1.4
                0x0001a878        0x6 /opt/CodeSourcery/Sourcery_G++_Lite/bin/../lib/gcc/arm-none-eabi/4.5.2/../../../../arm-none-eabi/lib/thumb2/libm.a(lib_a-w_log10.o)
                                  0xc (size before relaxing)
 *fill*         0x0001a87e        0x2 00
 .rodata        0x0001a880        0x4 /opt/CodeSourcery/Sourcery_G++_Lite/bin/../lib/gcc/arm-none-eabi/4.5.2/../../../../arm-none-eabi/lib/thumb2/libc.a(lib_a-impure.o)
                0x0001a880                _global_impure_ptr
 .rodata.str1.4
                0x0001a884        0x2 /opt/CodeSourcery/Sourcery_G++_Lite/bin/../lib/gcc/arm-none-eabi/4.5.2/../../../../arm-none-eabi/lib/thumb2/libc.a(lib_a-impure.o)
                                  0x4 (size before relaxing)
 *fill*         0x0001a886        0x2 00
 .rodata        0x0001a888       0x20 /opt/CodeSourcery/Sourcery_G++_Lite/bin/../lib/gcc/arm-none-eabi/4.5.2/../../../../arm-none-eabi/lib/thumb2/libc.a(lib_a-svfprintf.o)
 .rodata.str1.4
                0x0001a8a8       0x3f /opt/CodeSourcery/Sourcery_G++_Lite/bin/../lib/gcc/arm-none-eabi/4.5.2/../../../../arm-none-eabi/lib/thumb2/libc.a(lib_a-svfprintf.o)
                                 0x44 (size before relaxing)
 *fill*         0x0001a8e7        0x1 00
 .rodata.str1.4
                0x0001a8e8       0x10 /opt/CodeSourcery/Sourcery_G++_Lite/bin/../lib/gcc/arm-none-eabi/4.5.2/../../../../arm-none-eabi/lib/thumb2/libc.a(lib_a-dtoa.o)
                                 0x14 (size before relaxing)
 .rodata.str1.4
                0x0001a8f8        0xc /opt/CodeSourcery/Sourcery_G++_Lite/bin/../lib/gcc/arm-none-eabi/4.5.2/../../../../arm-none-eabi/lib/thumb2/libc.a(lib_a-locale.o)
                                 0x14 (size before relaxing)
 *fill*         0x0001a904        0x4 00
 .rodata        0x0001a908      0x128 /opt/CodeSourcery/Sourcery_G++_Lite/bin/../lib/gcc/arm-none-eabi/4.5.2/../../../../arm-none-eabi/lib/thumb2/libc.a(lib_a-mprec.o)
                0x0001a918                __mprec_tens
                0x0001a9e0                __mprec_bigtens
                0x0001aa08                __mprec_tinytens
 .rodata        0x0001aa30       0x20 /opt/CodeSourcery/Sourcery_G++_Lite/bin/../lib/gcc/arm-none-eabi/4.5.2/../../../../arm-none-eabi/lib/thumb2/libc.a(lib_a-svfiprintf.o)
 .rodata.str1.4
                0x00000000       0x30 /opt/CodeSourcery/Sourcery_G++_Lite/bin/../lib/gcc/arm-none-eabi/4.5.2/../../../../arm-none-eabi/lib/thumb2/libc.a(lib_a-svfiprintf.o)
                0x0001aa50                . = ALIGN (0x4)

.glue_7         0x0001aa50        0x0
 .glue_7        0x00000000        0x0 linker stubs

.glue_7t        0x0001aa50        0x0
 .glue_7t       0x00000000        0x0 linker stubs

.vfp11_veneer   0x0001aa50        0x0
 .vfp11_veneer  0x00000000        0x0 linker stubs

.v4_bx          0x0001aa50        0x0
 .v4_bx         0x00000000        0x0 linker stubs

.init           0x0001aa50        0xc
 .init          0x0001aa50        0x4 /opt/CodeSourcery/Sourcery_G++_Lite/bin/../lib/gcc/arm-none-eabi/4.5.2/thumb2/crti.o
                0x0001aa50                _init
 .init          0x0001aa54        0x8 /opt/CodeSourcery/Sourcery_G++_Lite/bin/../lib/gcc/arm-none-eabi/4.5.2/thumb2/crtn.o

.fini           0x0001aa5c        0xc
 .fini          0x0001aa5c        0x4 /opt/CodeSourcery/Sourcery_G++_Lite/bin/../lib/gcc/arm-none-eabi/4.5.2/thumb2/crti.o
                0x0001aa5c                _fini
 .fini          0x0001aa60        0x8 /opt/CodeSourcery/Sourcery_G++_Lite/bin/../lib/gcc/arm-none-eabi/4.5.2/thumb2/crtn.o

.ARM.extab      0x0001aa68        0x0
 *(.ARM.extab* .gnu.linkonce.armextab.*)
 .ARM.extab     0x0001aa68        0x0 /opt/CodeSourcery/Sourcery_G++_Lite/bin/../lib/gcc/arm-none-eabi/4.5.2/thumb2/libgcc.a(_divdi3.o)
 .ARM.extab     0x0001aa68        0x0 /opt/CodeSourcery/Sourcery_G++_Lite/bin/../lib/gcc/arm-none-eabi/4.5.2/thumb2/libgcc.a(_udivdi3.o)
                0x0001aa68                __exidx_start = .

.ARM.exidx      0x0001aa68        0x8
 *(.ARM.exidx* .gnu.linkonce.armexidx.*)
 .ARM.exidx     0x0001aa68        0x8 /opt/CodeSourcery/Sourcery_G++_Lite/bin/../lib/gcc/arm-none-eabi/4.5.2/thumb2/libgcc.a(_divdi3.o)
 .ARM.exidx     0x0001aa70        0x0 /opt/CodeSourcery/Sourcery_G++_Lite/bin/../lib/gcc/arm-none-eabi/4.5.2/thumb2/libgcc.a(_udivdi3.o)
                                  0x8 (size before relaxing)
                0x0001aa70                __exidx_end = .
                0x0001aa70                _etext = .

.data_RAM2      0x2007c000        0x0 load address 0x0001aa70
 FILL mask 0xff
 *(.data.$RAM2*)
 *(.data.$RamAHB32*)
                0x2007c000                . = ALIGN (0x4)

.uninit_RESERVED
 *(.bss.$RESERVED*)

.data           0x10000000      0x5a0 load address 0x0001aa70
 FILL mask 0xff
                0x10000000                _data = .
 *(vtable)
 *(.data*)
 .data          0x10000000        0x0 /opt/CodeSourcery/Sourcery_G++_Lite/bin/../lib/gcc/arm-none-eabi/4.5.2/thumb2/crti.o
 .data          0x10000000        0x4 /opt/CodeSourcery/Sourcery_G++_Lite/bin/../lib/gcc/arm-none-eabi/4.5.2/thumb2/crtbegin.o
                0x10000000                __dso_handle
 .data          0x10000004        0x0 CMakeFiles/main.dir/src/main.c.obj
 .data          0x10000004        0x0 CMakeFiles/main.dir/mnt/dados/Works/ARM/code/openlpc-deps/basefiles_FreeRTOS/startup_lpc17xx.c.obj
 .data          0x10000004        0x0 CMakeFiles/main.dir/mnt/dados/Works/ARM/code/openlpc-deps/basefiles_FreeRTOS/syscalls.c.obj
 .data          0x10000004        0x0 CMakeFiles/main.dir/mnt/dados/Works/ARM/code/openlpc-deps/basefiles_FreeRTOS/tasks.c.obj
 .data.xNextTaskUnblockTime
                0x10000004        0x4 CMakeFiles/main.dir/mnt/dados/Works/ARM/code/openlpc-deps/basefiles_FreeRTOS/tasks.c.obj
 .data          0x10000008        0x0 CMakeFiles/main.dir/mnt/dados/Works/ARM/code/openlpc-deps/basefiles_FreeRTOS/queue.c.obj
 .data          0x10000008        0x0 CMakeFiles/main.dir/mnt/dados/Works/ARM/code/openlpc-deps/basefiles_FreeRTOS/timers.c.obj
 .data          0x10000008        0x0 CMakeFiles/main.dir/mnt/dados/Works/ARM/code/openlpc-deps/basefiles_FreeRTOS/croutine.c.obj
 .data          0x10000008        0x0 CMakeFiles/main.dir/mnt/dados/Works/ARM/code/openlpc-deps/basefiles_FreeRTOS/list.c.obj
 .data          0x10000008        0x0 CMakeFiles/main.dir/mnt/dados/Works/ARM/code/openlpc-deps/basefiles_FreeRTOS/portable/MemMang/heap_2.c.obj
 .data.xFreeBytesRemaining
                0x10000008        0x4 CMakeFiles/main.dir/mnt/dados/Works/ARM/code/openlpc-deps/basefiles_FreeRTOS/portable/MemMang/heap_2.c.obj
 .data          0x1000000c        0x0 CMakeFiles/main.dir/mnt/dados/Works/ARM/code/openlpc-deps/basefiles_FreeRTOS/portable/ARM_CM3/port.c.obj
 .data.uxCriticalNesting
                0x1000000c        0x4 CMakeFiles/main.dir/mnt/dados/Works/ARM/code/openlpc-deps/basefiles_FreeRTOS/portable/ARM_CM3/port.c.obj
 .data          0x10000010        0x0 CMakeFiles/main.dir/mnt/dados/Works/ARM/code/openlpc-deps/CMSIS/src/core_cm3.c.obj
 .data          0x10000010        0x0 CMakeFiles/main.dir/mnt/dados/Works/ARM/code/openlpc-deps/CMSIS/src/system_lpc17xx.c.obj
 .data.SystemCoreClock
                0x10000010        0x4 CMakeFiles/main.dir/mnt/dados/Works/ARM/code/openlpc-deps/CMSIS/src/system_lpc17xx.c.obj
                0x10000010                SystemCoreClock
 .data          0x10000014        0x0 CMakeFiles/main.dir/mnt/dados/Works/ARM/code/openlpc-deps/CMSIS/DSP_Lib/src/Common/source/math_helper.c.obj
 .data          0x10000014        0x0 CMakeFiles/main.dir/usbstack/src/usb_cdc.c.obj
 .data.LineCoding
                0x10000014        0x8 CMakeFiles/main.dir/usbstack/src/usb_cdc.c.obj
 .data          0x1000001c        0x0 CMakeFiles/main.dir/usbstack/src/usbcontrol.c.obj
 .data          0x1000001c        0x0 CMakeFiles/main.dir/usbstack/src/usbhw_lpc.c.obj
 .data          0x1000001c        0x0 CMakeFiles/main.dir/usbstack/src/usbinit.c.obj
 .data          0x1000001c        0x0 CMakeFiles/main.dir/usbstack/src/usbstdreq.c.obj
 .data          0x1000001c        0x0 /opt/CodeSourcery/Sourcery_G++_Lite/bin/../lib/gcc/arm-none-eabi/4.5.2/../../../../arm-none-eabi/lib/thumb2/libm.a(lib_a-w_log10.o)
 .data          0x1000001c        0x0 /opt/CodeSourcery/Sourcery_G++_Lite/bin/../lib/gcc/arm-none-eabi/4.5.2/../../../../arm-none-eabi/lib/thumb2/libm.a(lib_a-e_log10.o)
 .data          0x1000001c        0x0 /opt/CodeSourcery/Sourcery_G++_Lite/bin/../lib/gcc/arm-none-eabi/4.5.2/../../../../arm-none-eabi/lib/thumb2/libm.a(lib_a-s_fpclassify.o)
 .data          0x1000001c        0x1 /opt/CodeSourcery/Sourcery_G++_Lite/bin/../lib/gcc/arm-none-eabi/4.5.2/../../../../arm-none-eabi/lib/thumb2/libm.a(lib_a-s_lib_ver.o)
                0x1000001c                __fdlib_version
 .data          0x1000001d        0x0 /opt/CodeSourcery/Sourcery_G++_Lite/bin/../lib/gcc/arm-none-eabi/4.5.2/../../../../arm-none-eabi/lib/thumb2/libm.a(lib_a-s_matherr.o)
 .data          0x1000001d        0x0 /opt/CodeSourcery/Sourcery_G++_Lite/bin/../lib/gcc/arm-none-eabi/4.5.2/../../../../arm-none-eabi/lib/thumb2/libm.a(lib_a-s_nan.o)
 .data          0x1000001d        0x0 /opt/CodeSourcery/Sourcery_G++_Lite/bin/../lib/gcc/arm-none-eabi/4.5.2/../../../../arm-none-eabi/lib/thumb2/libm.a(lib_a-e_log.o)
 .data          0x1000001d        0x0 /opt/CodeSourcery/Sourcery_G++_Lite/bin/../lib/gcc/arm-none-eabi/4.5.2/thumb2/libgcc.a(_arm_addsubdf3.o)
 .data          0x1000001d        0x0 /opt/CodeSourcery/Sourcery_G++_Lite/bin/../lib/gcc/arm-none-eabi/4.5.2/thumb2/libgcc.a(_arm_muldivdf3.o)
 .data          0x1000001d        0x0 /opt/CodeSourcery/Sourcery_G++_Lite/bin/../lib/gcc/arm-none-eabi/4.5.2/thumb2/libgcc.a(_arm_cmpdf2.o)
 .data          0x1000001d        0x0 /opt/CodeSourcery/Sourcery_G++_Lite/bin/../lib/gcc/arm-none-eabi/4.5.2/thumb2/libgcc.a(_arm_fixdfsi.o)
 .data          0x1000001d        0x0 /opt/CodeSourcery/Sourcery_G++_Lite/bin/../lib/gcc/arm-none-eabi/4.5.2/thumb2/libgcc.a(_arm_truncdfsf2.o)
 .data          0x1000001d        0x0 /opt/CodeSourcery/Sourcery_G++_Lite/bin/../lib/gcc/arm-none-eabi/4.5.2/thumb2/libgcc.a(_arm_addsubsf3.o)
 .data          0x1000001d        0x0 /opt/CodeSourcery/Sourcery_G++_Lite/bin/../lib/gcc/arm-none-eabi/4.5.2/thumb2/libgcc.a(_arm_muldivsf3.o)
 .data          0x1000001d        0x0 /opt/CodeSourcery/Sourcery_G++_Lite/bin/../lib/gcc/arm-none-eabi/4.5.2/thumb2/libgcc.a(_arm_cmpsf2.o)
 .data          0x1000001d        0x0 /opt/CodeSourcery/Sourcery_G++_Lite/bin/../lib/gcc/arm-none-eabi/4.5.2/thumb2/libgcc.a(_arm_fixsfsi.o)
 .data          0x1000001d        0x0 /opt/CodeSourcery/Sourcery_G++_Lite/bin/../lib/gcc/arm-none-eabi/4.5.2/thumb2/libgcc.a(_aeabi_uldivmod.o)
 .data          0x1000001d        0x0 /opt/CodeSourcery/Sourcery_G++_Lite/bin/../lib/gcc/arm-none-eabi/4.5.2/thumb2/libgcc.a(bpabi.o)
 .data          0x1000001d        0x0 /opt/CodeSourcery/Sourcery_G++_Lite/bin/../lib/gcc/arm-none-eabi/4.5.2/thumb2/libgcc.a(_dvmd_tls.o)
 .data          0x1000001d        0x0 /opt/CodeSourcery/Sourcery_G++_Lite/bin/../lib/gcc/arm-none-eabi/4.5.2/thumb2/libgcc.a(_divdi3.o)
 .data          0x1000001d        0x0 /opt/CodeSourcery/Sourcery_G++_Lite/bin/../lib/gcc/arm-none-eabi/4.5.2/thumb2/libgcc.a(_udivdi3.o)
 .data          0x1000001d        0x0 /opt/CodeSourcery/Sourcery_G++_Lite/bin/../lib/gcc/arm-none-eabi/4.5.2/thumb2/libgcc.a(_udivsi3.o)
 .data          0x1000001d        0x0 /opt/CodeSourcery/Sourcery_G++_Lite/bin/../lib/gcc/arm-none-eabi/4.5.2/../../../../arm-none-eabi/lib/thumb2/libc.a(lib_a-errno.o)
 *fill*         0x1000001d        0x3 00
 .data          0x10000020       0xf4 /opt/CodeSourcery/Sourcery_G++_Lite/bin/../lib/gcc/arm-none-eabi/4.5.2/../../../../arm-none-eabi/lib/thumb2/libc.a(lib_a-impure.o)
                0x10000020                _impure_ptr
 .data          0x10000114        0x0 /opt/CodeSourcery/Sourcery_G++_Lite/bin/../lib/gcc/arm-none-eabi/4.5.2/../../../../arm-none-eabi/lib/thumb2/libc.a(lib_a-memcmp.o)
 .data          0x10000114        0x0 /opt/CodeSourcery/Sourcery_G++_Lite/bin/../lib/gcc/arm-none-eabi/4.5.2/../../../../arm-none-eabi/lib/thumb2/libc.a(lib_a-memcpy.o)
 .data          0x10000114        0x0 /opt/CodeSourcery/Sourcery_G++_Lite/bin/../lib/gcc/arm-none-eabi/4.5.2/../../../../arm-none-eabi/lib/thumb2/libc.a(lib_a-memset.o)
 .data          0x10000114        0x0 /opt/CodeSourcery/Sourcery_G++_Lite/bin/../lib/gcc/arm-none-eabi/4.5.2/../../../../arm-none-eabi/lib/thumb2/libc.a(lib_a-sprintf.o)
 .data          0x10000114        0x0 /opt/CodeSourcery/Sourcery_G++_Lite/bin/../lib/gcc/arm-none-eabi/4.5.2/../../../../arm-none-eabi/lib/thumb2/libc.a(lib_a-strcat.o)
 .data          0x10000114        0x0 /opt/CodeSourcery/Sourcery_G++_Lite/bin/../lib/gcc/arm-none-eabi/4.5.2/../../../../arm-none-eabi/lib/thumb2/libc.a(lib_a-strcpy.o)
 .data          0x10000114        0x0 /opt/CodeSourcery/Sourcery_G++_Lite/bin/../lib/gcc/arm-none-eabi/4.5.2/../../../../arm-none-eabi/lib/thumb2/libc.a(lib_a-strncpy.o)
 .data          0x10000114        0x0 /opt/CodeSourcery/Sourcery_G++_Lite/bin/../lib/gcc/arm-none-eabi/4.5.2/../../../../arm-none-eabi/lib/thumb2/libc.a(lib_a-svfprintf.o)
 .data          0x10000114        0x0 /opt/CodeSourcery/Sourcery_G++_Lite/bin/../lib/gcc/arm-none-eabi/4.5.2/../../../../arm-none-eabi/lib/thumb2/libc.a(lib_a-dtoa.o)
 .data          0x10000114       0x7c /opt/CodeSourcery/Sourcery_G++_Lite/bin/../lib/gcc/arm-none-eabi/4.5.2/../../../../arm-none-eabi/lib/thumb2/libc.a(lib_a-locale.o)
                0x10000134                __mb_cur_max
 .data          0x10000190        0x0 /opt/CodeSourcery/Sourcery_G++_Lite/bin/../lib/gcc/arm-none-eabi/4.5.2/../../../../arm-none-eabi/lib/thumb2/libc.a(lib_a-malloc.o)
 .data          0x10000190      0x410 /opt/CodeSourcery/Sourcery_G++_Lite/bin/../lib/gcc/arm-none-eabi/4.5.2/../../../../arm-none-eabi/lib/thumb2/libc.a(lib_a-mallocr.o)
                0x10000190                __malloc_av_
                0x10000598                __malloc_sbrk_base
                0x1000059c                __malloc_trim_threshold
 .data          0x100005a0        0x0 /opt/CodeSourcery/Sourcery_G++_Lite/bin/../lib/gcc/arm-none-eabi/4.5.2/../../../../arm-none-eabi/lib/thumb2/libc.a(lib_a-memchr.o)
 .data          0x100005a0        0x0 /opt/CodeSourcery/Sourcery_G++_Lite/bin/../lib/gcc/arm-none-eabi/4.5.2/../../../../arm-none-eabi/lib/thumb2/libc.a(lib_a-mlock.o)
 .data          0x100005a0        0x0 /opt/CodeSourcery/Sourcery_G++_Lite/bin/../lib/gcc/arm-none-eabi/4.5.2/../../../../arm-none-eabi/lib/thumb2/libc.a(lib_a-mprec.o)
 .data          0x100005a0        0x0 /opt/CodeSourcery/Sourcery_G++_Lite/bin/../lib/gcc/arm-none-eabi/4.5.2/../../../../arm-none-eabi/lib/thumb2/libc.a(lib_a-strcmp.o)
 .data          0x100005a0        0x0 /opt/CodeSourcery/Sourcery_G++_Lite/bin/../lib/gcc/arm-none-eabi/4.5.2/../../../../arm-none-eabi/lib/thumb2/libc.a(lib_a-strlen.o)
 .data          0x100005a0        0x0 /opt/CodeSourcery/Sourcery_G++_Lite/bin/../lib/gcc/arm-none-eabi/4.5.2/../../../../arm-none-eabi/lib/thumb2/libc.a(lib_a-svfiprintf.o)
 .data          0x100005a0        0x0 /opt/CodeSourcery/Sourcery_G++_Lite/bin/../lib/gcc/arm-none-eabi/4.5.2/../../../../arm-none-eabi/lib/thumb2/libc.a(lib_a-callocr.o)
 .data          0x100005a0        0x0 /opt/CodeSourcery/Sourcery_G++_Lite/bin/../lib/gcc/arm-none-eabi/4.5.2/../../../../arm-none-eabi/lib/thumb2/libc.a(lib_a-freer.o)
 .data          0x100005a0        0x0 /opt/CodeSourcery/Sourcery_G++_Lite/bin/../lib/gcc/arm-none-eabi/4.5.2/../../../../arm-none-eabi/lib/thumb2/libc.a(lib_a-memmove.o)
 .data          0x100005a0        0x0 /opt/CodeSourcery/Sourcery_G++_Lite/bin/../lib/gcc/arm-none-eabi/4.5.2/../../../../arm-none-eabi/lib/thumb2/libc.a(lib_a-reallocr.o)
 .data          0x100005a0        0x0 /opt/CodeSourcery/Sourcery_G++_Lite/bin/../lib/gcc/arm-none-eabi/4.5.2/thumb2/crtend.o
 .data          0x100005a0        0x0 /opt/CodeSourcery/Sourcery_G++_Lite/bin/../lib/gcc/arm-none-eabi/4.5.2/thumb2/crtn.o
                0x100005a0                . = ALIGN (0x4)
                0x100005a0                _edata = .

.init_array     0x100005a0        0x4 load address 0x0001b010
 .init_array    0x100005a0        0x4 /opt/CodeSourcery/Sourcery_G++_Lite/bin/../lib/gcc/arm-none-eabi/4.5.2/thumb2/crtbegin.o

.fini_array     0x100005a4        0x4 load address 0x0001b014
 .fini_array    0x100005a4        0x4 /opt/CodeSourcery/Sourcery_G++_Lite/bin/../lib/gcc/arm-none-eabi/4.5.2/thumb2/crtbegin.o

.jcr            0x100005a8        0x4 load address 0x0001b018
 .jcr           0x100005a8        0x0 /opt/CodeSourcery/Sourcery_G++_Lite/bin/../lib/gcc/arm-none-eabi/4.5.2/thumb2/crtbegin.o
 .jcr           0x100005a8        0x4 /opt/CodeSourcery/Sourcery_G++_Lite/bin/../lib/gcc/arm-none-eabi/4.5.2/thumb2/crtend.o

.bss_RAM2       0x2007c000        0x0
 *(.bss.$RAM2*)
 *(.bss.$RamAHB32*)
                0x2007c000                . = ALIGN (0x4)

.bss            0x100005b0     0x4f3c
                0x100005b0                _bss = .
 *(.bss*)
 .bss           0x100005b0        0x0 /opt/CodeSourcery/Sourcery_G++_Lite/bin/../lib/gcc/arm-none-eabi/4.5.2/thumb2/crti.o
 .bss           0x100005b0        0x1 /opt/CodeSourcery/Sourcery_G++_Lite/bin/../lib/gcc/arm-none-eabi/4.5.2/thumb2/crtbegin.o
 .bss           0x100005b1        0x0 CMakeFiles/main.dir/src/main.c.obj
 .bss           0x100005b1        0x0 CMakeFiles/main.dir/mnt/dados/Works/ARM/code/openlpc-deps/basefiles_FreeRTOS/startup_lpc17xx.c.obj
 .bss           0x100005b1        0x0 CMakeFiles/main.dir/mnt/dados/Works/ARM/code/openlpc-deps/basefiles_FreeRTOS/syscalls.c.obj
 .bss           0x100005b1        0x0 CMakeFiles/main.dir/mnt/dados/Works/ARM/code/openlpc-deps/basefiles_FreeRTOS/tasks.c.obj
 *fill*         0x100005b1        0x3 00
 .bss.uxMissedTicks
                0x100005b4        0x4 CMakeFiles/main.dir/mnt/dados/Works/ARM/code/openlpc-deps/basefiles_FreeRTOS/tasks.c.obj
 .bss.xSuspendedTaskList
                0x100005b8       0x14 CMakeFiles/main.dir/mnt/dados/Works/ARM/code/openlpc-deps/basefiles_FreeRTOS/tasks.c.obj
 .bss.pxDelayedTaskList
                0x100005cc        0x4 CMakeFiles/main.dir/mnt/dados/Works/ARM/code/openlpc-deps/basefiles_FreeRTOS/tasks.c.obj
 .bss.xSchedulerRunning
                0x100005d0        0x4 CMakeFiles/main.dir/mnt/dados/Works/ARM/code/openlpc-deps/basefiles_FreeRTOS/tasks.c.obj
 .bss.uxTasksDeleted
                0x100005d4        0x4 CMakeFiles/main.dir/mnt/dados/Works/ARM/code/openlpc-deps/basefiles_FreeRTOS/tasks.c.obj
 .bss.xTasksWaitingTermination
                0x100005d8       0x14 CMakeFiles/main.dir/mnt/dados/Works/ARM/code/openlpc-deps/basefiles_FreeRTOS/tasks.c.obj
 .bss.xDelayedTaskList2
                0x100005ec       0x14 CMakeFiles/main.dir/mnt/dados/Works/ARM/code/openlpc-deps/basefiles_FreeRTOS/tasks.c.obj
 .bss.pcStatusString.6527
                0x10000600       0x34 CMakeFiles/main.dir/mnt/dados/Works/ARM/code/openlpc-deps/basefiles_FreeRTOS/tasks.c.obj
 .bss.uxTopReadyPriority
                0x10000634        0x4 CMakeFiles/main.dir/mnt/dados/Works/ARM/code/openlpc-deps/basefiles_FreeRTOS/tasks.c.obj
 .bss.pxReadyTasksLists
                0x10000638       0x64 CMakeFiles/main.dir/mnt/dados/Works/ARM/code/openlpc-deps/basefiles_FreeRTOS/tasks.c.obj
 .bss.uxSchedulerSuspended
                0x1000069c        0x4 CMakeFiles/main.dir/mnt/dados/Works/ARM/code/openlpc-deps/basefiles_FreeRTOS/tasks.c.obj
 .bss.pxCurrentTCB
                0x100006a0        0x4 CMakeFiles/main.dir/mnt/dados/Works/ARM/code/openlpc-deps/basefiles_FreeRTOS/tasks.c.obj
                0x100006a0                pxCurrentTCB
 .bss.xPendingReadyList
                0x100006a4       0x14 CMakeFiles/main.dir/mnt/dados/Works/ARM/code/openlpc-deps/basefiles_FreeRTOS/tasks.c.obj
 .bss.xNumOfOverflows
                0x100006b8        0x4 CMakeFiles/main.dir/mnt/dados/Works/ARM/code/openlpc-deps/basefiles_FreeRTOS/tasks.c.obj
 .bss.xTickCount
                0x100006bc        0x4 CMakeFiles/main.dir/mnt/dados/Works/ARM/code/openlpc-deps/basefiles_FreeRTOS/tasks.c.obj
 .bss.pxOverflowDelayedTaskList
                0x100006c0        0x4 CMakeFiles/main.dir/mnt/dados/Works/ARM/code/openlpc-deps/basefiles_FreeRTOS/tasks.c.obj
 .bss.uxTaskNumber
                0x100006c4        0x4 CMakeFiles/main.dir/mnt/dados/Works/ARM/code/openlpc-deps/basefiles_FreeRTOS/tasks.c.obj
 .bss.xDelayedTaskList1
                0x100006c8       0x14 CMakeFiles/main.dir/mnt/dados/Works/ARM/code/openlpc-deps/basefiles_FreeRTOS/tasks.c.obj
 .bss.xMissedYield
                0x100006dc        0x4 CMakeFiles/main.dir/mnt/dados/Works/ARM/code/openlpc-deps/basefiles_FreeRTOS/tasks.c.obj
 .bss.uxCurrentNumberOfTasks
                0x100006e0        0x4 CMakeFiles/main.dir/mnt/dados/Works/ARM/code/openlpc-deps/basefiles_FreeRTOS/tasks.c.obj
 .bss.uxTopUsedPriority
                0x100006e4        0x4 CMakeFiles/main.dir/mnt/dados/Works/ARM/code/openlpc-deps/basefiles_FreeRTOS/tasks.c.obj
 .bss           0x100006e8        0x0 CMakeFiles/main.dir/mnt/dados/Works/ARM/code/openlpc-deps/basefiles_FreeRTOS/queue.c.obj
 .bss           0x100006e8        0x0 CMakeFiles/main.dir/mnt/dados/Works/ARM/code/openlpc-deps/basefiles_FreeRTOS/timers.c.obj
 .bss           0x100006e8        0x0 CMakeFiles/main.dir/mnt/dados/Works/ARM/code/openlpc-deps/basefiles_FreeRTOS/croutine.c.obj
 .bss.xDelayedCoRoutineList1
                0x100006e8       0x14 CMakeFiles/main.dir/mnt/dados/Works/ARM/code/openlpc-deps/basefiles_FreeRTOS/croutine.c.obj
 .bss.xPassedTicks
                0x100006fc        0x4 CMakeFiles/main.dir/mnt/dados/Works/ARM/code/openlpc-deps/basefiles_FreeRTOS/croutine.c.obj
 .bss.xPendingReadyCoRoutineList
                0x10000700       0x14 CMakeFiles/main.dir/mnt/dados/Works/ARM/code/openlpc-deps/basefiles_FreeRTOS/croutine.c.obj
 .bss.pxCurrentCoRoutine
                0x10000714        0x4 CMakeFiles/main.dir/mnt/dados/Works/ARM/code/openlpc-deps/basefiles_FreeRTOS/croutine.c.obj
                0x10000714                pxCurrentCoRoutine
 .bss.xDelayedCoRoutineList2
                0x10000718       0x14 CMakeFiles/main.dir/mnt/dados/Works/ARM/code/openlpc-deps/basefiles_FreeRTOS/croutine.c.obj
 .bss.xCoRoutineTickCount
                0x1000072c        0x4 CMakeFiles/main.dir/mnt/dados/Works/ARM/code/openlpc-deps/basefiles_FreeRTOS/croutine.c.obj
 .bss.xLastTickCount
                0x10000730        0x4 CMakeFiles/main.dir/mnt/dados/Works/ARM/code/openlpc-deps/basefiles_FreeRTOS/croutine.c.obj
 .bss.pxDelayedCoRoutineList
                0x10000734        0x4 CMakeFiles/main.dir/mnt/dados/Works/ARM/code/openlpc-deps/basefiles_FreeRTOS/croutine.c.obj
 .bss.pxReadyCoRoutineLists
                0x10000738       0x28 CMakeFiles/main.dir/mnt/dados/Works/ARM/code/openlpc-deps/basefiles_FreeRTOS/croutine.c.obj
 .bss.uxTopCoRoutineReadyPriority
                0x10000760        0x4 CMakeFiles/main.dir/mnt/dados/Works/ARM/code/openlpc-deps/basefiles_FreeRTOS/croutine.c.obj
 .bss.pxOverflowDelayedCoRoutineList
                0x10000764        0x4 CMakeFiles/main.dir/mnt/dados/Works/ARM/code/openlpc-deps/basefiles_FreeRTOS/croutine.c.obj
 .bss           0x10000768        0x0 CMakeFiles/main.dir/mnt/dados/Works/ARM/code/openlpc-deps/basefiles_FreeRTOS/list.c.obj
 .bss           0x10000768        0x0 CMakeFiles/main.dir/mnt/dados/Works/ARM/code/openlpc-deps/basefiles_FreeRTOS/portable/MemMang/heap_2.c.obj
 .bss.xHeap     0x10000768     0x4c00 CMakeFiles/main.dir/mnt/dados/Works/ARM/code/openlpc-deps/basefiles_FreeRTOS/portable/MemMang/heap_2.c.obj
 .bss.xStart    0x10005368        0x8 CMakeFiles/main.dir/mnt/dados/Works/ARM/code/openlpc-deps/basefiles_FreeRTOS/portable/MemMang/heap_2.c.obj
 .bss.xHeapHasBeenInitialised.5390
                0x10005370        0x4 CMakeFiles/main.dir/mnt/dados/Works/ARM/code/openlpc-deps/basefiles_FreeRTOS/portable/MemMang/heap_2.c.obj
 .bss.xEnd      0x10005374        0x8 CMakeFiles/main.dir/mnt/dados/Works/ARM/code/openlpc-deps/basefiles_FreeRTOS/portable/MemMang/heap_2.c.obj
 .bss           0x1000537c        0x0 CMakeFiles/main.dir/mnt/dados/Works/ARM/code/openlpc-deps/basefiles_FreeRTOS/portable/ARM_CM3/port.c.obj
 .bss           0x1000537c        0x0 CMakeFiles/main.dir/mnt/dados/Works/ARM/code/openlpc-deps/CMSIS/src/core_cm3.c.obj
 .bss           0x1000537c        0x0 CMakeFiles/main.dir/mnt/dados/Works/ARM/code/openlpc-deps/CMSIS/src/system_lpc17xx.c.obj
 .bss           0x1000537c        0x0 CMakeFiles/main.dir/mnt/dados/Works/ARM/code/openlpc-deps/CMSIS/DSP_Lib/src/Common/source/math_helper.c.obj
 .bss           0x1000537c        0x0 CMakeFiles/main.dir/usbstack/src/usb_cdc.c.obj
 .bss.abBulkBuf
                0x1000537c       0x40 CMakeFiles/main.dir/usbstack/src/usb_cdc.c.obj
 .bss.xCharsForTx
                0x100053bc        0x4 CMakeFiles/main.dir/usbstack/src/usb_cdc.c.obj
 .bss.xRxedChars
                0x100053c0        0x4 CMakeFiles/main.dir/usbstack/src/usb_cdc.c.obj
 .bss.abClassReqData
                0x100053c4        0x8 CMakeFiles/main.dir/usbstack/src/usb_cdc.c.obj
 .bss           0x100053cc        0x0 CMakeFiles/main.dir/usbstack/src/usbcontrol.c.obj
 .bss.apfnReqHandlers
                0x100053cc       0x10 CMakeFiles/main.dir/usbstack/src/usbcontrol.c.obj
 .bss.apbDataStore
                0x100053dc       0x10 CMakeFiles/main.dir/usbstack/src/usbcontrol.c.obj
 .bss.Setup     0x100053ec        0x8 CMakeFiles/main.dir/usbstack/src/usbcontrol.c.obj
 .bss.iResidue  0x100053f4        0x4 CMakeFiles/main.dir/usbstack/src/usbcontrol.c.obj
 .bss.pbData    0x100053f8        0x4 CMakeFiles/main.dir/usbstack/src/usbcontrol.c.obj
 .bss.iLen      0x100053fc        0x4 CMakeFiles/main.dir/usbstack/src/usbcontrol.c.obj
 .bss           0x10005400        0x0 CMakeFiles/main.dir/usbstack/src/usbhw_lpc.c.obj
 .bss._pfnFrameHandler
                0x10005400        0x4 CMakeFiles/main.dir/usbstack/src/usbhw_lpc.c.obj
 .bss._pfnDevIntHandler
                0x10005404        0x4 CMakeFiles/main.dir/usbstack/src/usbhw_lpc.c.obj
 .bss._apfnEPIntHandlers
                0x10005408       0x40 CMakeFiles/main.dir/usbstack/src/usbhw_lpc.c.obj
 .bss           0x10005448        0x0 CMakeFiles/main.dir/usbstack/src/usbinit.c.obj
 .bss.abStdReqData
                0x10005448        0x8 CMakeFiles/main.dir/usbstack/src/usbinit.c.obj
 .bss           0x10005450        0x0 CMakeFiles/main.dir/usbstack/src/usbstdreq.c.obj
 .bss.pfnHandleCustomReq
                0x10005450        0x4 CMakeFiles/main.dir/usbstack/src/usbstdreq.c.obj
 .bss.pabDescrip
                0x10005454        0x4 CMakeFiles/main.dir/usbstack/src/usbstdreq.c.obj
 .bss.bConfiguration
                0x10005458        0x1 CMakeFiles/main.dir/usbstack/src/usbstdreq.c.obj
 .bss           0x10005459        0x0 /opt/CodeSourcery/Sourcery_G++_Lite/bin/../lib/gcc/arm-none-eabi/4.5.2/../../../../arm-none-eabi/lib/thumb2/libm.a(lib_a-w_log10.o)
 .bss           0x10005459        0x0 /opt/CodeSourcery/Sourcery_G++_Lite/bin/../lib/gcc/arm-none-eabi/4.5.2/../../../../arm-none-eabi/lib/thumb2/libm.a(lib_a-e_log10.o)
 .bss           0x10005459        0x0 /opt/CodeSourcery/Sourcery_G++_Lite/bin/../lib/gcc/arm-none-eabi/4.5.2/../../../../arm-none-eabi/lib/thumb2/libm.a(lib_a-s_fpclassify.o)
 .bss           0x10005459        0x0 /opt/CodeSourcery/Sourcery_G++_Lite/bin/../lib/gcc/arm-none-eabi/4.5.2/../../../../arm-none-eabi/lib/thumb2/libm.a(lib_a-s_lib_ver.o)
 .bss           0x10005459        0x0 /opt/CodeSourcery/Sourcery_G++_Lite/bin/../lib/gcc/arm-none-eabi/4.5.2/../../../../arm-none-eabi/lib/thumb2/libm.a(lib_a-s_matherr.o)
 .bss           0x10005459        0x0 /opt/CodeSourcery/Sourcery_G++_Lite/bin/../lib/gcc/arm-none-eabi/4.5.2/../../../../arm-none-eabi/lib/thumb2/libm.a(lib_a-s_nan.o)
 .bss           0x10005459        0x0 /opt/CodeSourcery/Sourcery_G++_Lite/bin/../lib/gcc/arm-none-eabi/4.5.2/../../../../arm-none-eabi/lib/thumb2/libm.a(lib_a-e_log.o)
 .bss           0x10005459        0x0 /opt/CodeSourcery/Sourcery_G++_Lite/bin/../lib/gcc/arm-none-eabi/4.5.2/thumb2/libgcc.a(_arm_addsubdf3.o)
 .bss           0x10005459        0x0 /opt/CodeSourcery/Sourcery_G++_Lite/bin/../lib/gcc/arm-none-eabi/4.5.2/thumb2/libgcc.a(_arm_muldivdf3.o)
 .bss           0x10005459        0x0 /opt/CodeSourcery/Sourcery_G++_Lite/bin/../lib/gcc/arm-none-eabi/4.5.2/thumb2/libgcc.a(_arm_cmpdf2.o)
 .bss           0x10005459        0x0 /opt/CodeSourcery/Sourcery_G++_Lite/bin/../lib/gcc/arm-none-eabi/4.5.2/thumb2/libgcc.a(_arm_fixdfsi.o)
 .bss           0x10005459        0x0 /opt/CodeSourcery/Sourcery_G++_Lite/bin/../lib/gcc/arm-none-eabi/4.5.2/thumb2/libgcc.a(_arm_truncdfsf2.o)
 .bss           0x10005459        0x0 /opt/CodeSourcery/Sourcery_G++_Lite/bin/../lib/gcc/arm-none-eabi/4.5.2/thumb2/libgcc.a(_arm_addsubsf3.o)
 .bss           0x10005459        0x0 /opt/CodeSourcery/Sourcery_G++_Lite/bin/../lib/gcc/arm-none-eabi/4.5.2/thumb2/libgcc.a(_arm_muldivsf3.o)
 .bss           0x10005459        0x0 /opt/CodeSourcery/Sourcery_G++_Lite/bin/../lib/gcc/arm-none-eabi/4.5.2/thumb2/libgcc.a(_arm_cmpsf2.o)
 .bss           0x10005459        0x0 /opt/CodeSourcery/Sourcery_G++_Lite/bin/../lib/gcc/arm-none-eabi/4.5.2/thumb2/libgcc.a(_arm_fixsfsi.o)
 .bss           0x10005459        0x0 /opt/CodeSourcery/Sourcery_G++_Lite/bin/../lib/gcc/arm-none-eabi/4.5.2/thumb2/libgcc.a(_aeabi_uldivmod.o)
 .bss           0x10005459        0x0 /opt/CodeSourcery/Sourcery_G++_Lite/bin/../lib/gcc/arm-none-eabi/4.5.2/thumb2/libgcc.a(bpabi.o)
 .bss           0x10005459        0x0 /opt/CodeSourcery/Sourcery_G++_Lite/bin/../lib/gcc/arm-none-eabi/4.5.2/thumb2/libgcc.a(_dvmd_tls.o)
 .bss           0x10005459        0x0 /opt/CodeSourcery/Sourcery_G++_Lite/bin/../lib/gcc/arm-none-eabi/4.5.2/thumb2/libgcc.a(_divdi3.o)
 .bss           0x10005459        0x0 /opt/CodeSourcery/Sourcery_G++_Lite/bin/../lib/gcc/arm-none-eabi/4.5.2/thumb2/libgcc.a(_udivdi3.o)
 .bss           0x10005459        0x0 /opt/CodeSourcery/Sourcery_G++_Lite/bin/../lib/gcc/arm-none-eabi/4.5.2/thumb2/libgcc.a(_udivsi3.o)
 .bss           0x10005459        0x0 /opt/CodeSourcery/Sourcery_G++_Lite/bin/../lib/gcc/arm-none-eabi/4.5.2/../../../../arm-none-eabi/lib/thumb2/libc.a(lib_a-errno.o)
 .bss           0x10005459        0x0 /opt/CodeSourcery/Sourcery_G++_Lite/bin/../lib/gcc/arm-none-eabi/4.5.2/../../../../arm-none-eabi/lib/thumb2/libc.a(lib_a-impure.o)
 .bss           0x10005459        0x0 /opt/CodeSourcery/Sourcery_G++_Lite/bin/../lib/gcc/arm-none-eabi/4.5.2/../../../../arm-none-eabi/lib/thumb2/libc.a(lib_a-memcmp.o)
 .bss           0x10005459        0x0 /opt/CodeSourcery/Sourcery_G++_Lite/bin/../lib/gcc/arm-none-eabi/4.5.2/../../../../arm-none-eabi/lib/thumb2/libc.a(lib_a-memcpy.o)
 .bss           0x10005459        0x0 /opt/CodeSourcery/Sourcery_G++_Lite/bin/../lib/gcc/arm-none-eabi/4.5.2/../../../../arm-none-eabi/lib/thumb2/libc.a(lib_a-memset.o)
 .bss           0x10005459        0x0 /opt/CodeSourcery/Sourcery_G++_Lite/bin/../lib/gcc/arm-none-eabi/4.5.2/../../../../arm-none-eabi/lib/thumb2/libc.a(lib_a-sprintf.o)
 .bss           0x10005459        0x0 /opt/CodeSourcery/Sourcery_G++_Lite/bin/../lib/gcc/arm-none-eabi/4.5.2/../../../../arm-none-eabi/lib/thumb2/libc.a(lib_a-strcat.o)
 .bss           0x10005459        0x0 /opt/CodeSourcery/Sourcery_G++_Lite/bin/../lib/gcc/arm-none-eabi/4.5.2/../../../../arm-none-eabi/lib/thumb2/libc.a(lib_a-strcpy.o)
 .bss           0x10005459        0x0 /opt/CodeSourcery/Sourcery_G++_Lite/bin/../lib/gcc/arm-none-eabi/4.5.2/../../../../arm-none-eabi/lib/thumb2/libc.a(lib_a-strncpy.o)
 .bss           0x10005459        0x0 /opt/CodeSourcery/Sourcery_G++_Lite/bin/../lib/gcc/arm-none-eabi/4.5.2/../../../../arm-none-eabi/lib/thumb2/libc.a(lib_a-svfprintf.o)
 .bss           0x10005459        0x0 /opt/CodeSourcery/Sourcery_G++_Lite/bin/../lib/gcc/arm-none-eabi/4.5.2/../../../../arm-none-eabi/lib/thumb2/libc.a(lib_a-dtoa.o)
 *fill*         0x10005459        0x3 00
 .bss           0x1000545c        0xc /opt/CodeSourcery/Sourcery_G++_Lite/bin/../lib/gcc/arm-none-eabi/4.5.2/../../../../arm-none-eabi/lib/thumb2/libc.a(lib_a-locale.o)
                0x1000545c                __nlocale_changed
                0x10005460                __mlocale_changed
                0x10005464                _PathLocale
 .bss           0x10005468        0x0 /opt/CodeSourcery/Sourcery_G++_Lite/bin/../lib/gcc/arm-none-eabi/4.5.2/../../../../arm-none-eabi/lib/thumb2/libc.a(lib_a-malloc.o)
 .bss           0x10005468       0x34 /opt/CodeSourcery/Sourcery_G++_Lite/bin/../lib/gcc/arm-none-eabi/4.5.2/../../../../arm-none-eabi/lib/thumb2/libc.a(lib_a-mallocr.o)
                0x10005468                __malloc_top_pad
                0x1000546c                __malloc_current_mallinfo
                0x10005494                __malloc_max_sbrked_mem
                0x10005498                __malloc_max_total_mem
 .bss           0x1000549c        0x0 /opt/CodeSourcery/Sourcery_G++_Lite/bin/../lib/gcc/arm-none-eabi/4.5.2/../../../../arm-none-eabi/lib/thumb2/libc.a(lib_a-memchr.o)
 .bss           0x1000549c        0x0 /opt/CodeSourcery/Sourcery_G++_Lite/bin/../lib/gcc/arm-none-eabi/4.5.2/../../../../arm-none-eabi/lib/thumb2/libc.a(lib_a-mlock.o)
 .bss           0x1000549c        0x0 /opt/CodeSourcery/Sourcery_G++_Lite/bin/../lib/gcc/arm-none-eabi/4.5.2/../../../../arm-none-eabi/lib/thumb2/libc.a(lib_a-mprec.o)
 .bss           0x1000549c        0x0 /opt/CodeSourcery/Sourcery_G++_Lite/bin/../lib/gcc/arm-none-eabi/4.5.2/../../../../arm-none-eabi/lib/thumb2/libc.a(lib_a-strcmp.o)
 .bss           0x1000549c        0x0 /opt/CodeSourcery/Sourcery_G++_Lite/bin/../lib/gcc/arm-none-eabi/4.5.2/../../../../arm-none-eabi/lib/thumb2/libc.a(lib_a-strlen.o)
 .bss           0x1000549c        0x0 /opt/CodeSourcery/Sourcery_G++_Lite/bin/../lib/gcc/arm-none-eabi/4.5.2/../../../../arm-none-eabi/lib/thumb2/libc.a(lib_a-svfiprintf.o)
 .bss           0x1000549c        0x0 /opt/CodeSourcery/Sourcery_G++_Lite/bin/../lib/gcc/arm-none-eabi/4.5.2/../../../../arm-none-eabi/lib/thumb2/libc.a(lib_a-callocr.o)
 .bss           0x1000549c        0x0 /opt/CodeSourcery/Sourcery_G++_Lite/bin/../lib/gcc/arm-none-eabi/4.5.2/../../../../arm-none-eabi/lib/thumb2/libc.a(lib_a-freer.o)
 .bss           0x1000549c        0x0 /opt/CodeSourcery/Sourcery_G++_Lite/bin/../lib/gcc/arm-none-eabi/4.5.2/../../../../arm-none-eabi/lib/thumb2/libc.a(lib_a-memmove.o)
 .bss           0x1000549c        0x0 /opt/CodeSourcery/Sourcery_G++_Lite/bin/../lib/gcc/arm-none-eabi/4.5.2/../../../../arm-none-eabi/lib/thumb2/libc.a(lib_a-reallocr.o)
 .bss           0x1000549c        0x0 /opt/CodeSourcery/Sourcery_G++_Lite/bin/../lib/gcc/arm-none-eabi/4.5.2/thumb2/crtend.o
 .bss           0x1000549c        0x0 /opt/CodeSourcery/Sourcery_G++_Lite/bin/../lib/gcc/arm-none-eabi/4.5.2/thumb2/crtn.o
 *(COMMON)
 COMMON         0x1000549c       0x50 CMakeFiles/main.dir/mnt/dados/Works/ARM/code/openlpc-deps/basefiles_FreeRTOS/queue.c.obj
                0x1000549c                xQueueRegistry
                0x100054ec                . = ALIGN (0x4)
                0x100054ec                _ebss = .
                0x100054ec                PROVIDE (end, .)
                0x100054ec                PROVIDE (_pvHeapStart, .)
                0x10007fe0                PROVIDE (_vStackTop, (__top_RamLoc32 - 0x0))
OUTPUT(main elf32-littlearm)

.ARM.attributes
                0x00000000       0x25
 .ARM.attributes
                0x00000000       0x19 /opt/CodeSourcery/Sourcery_G++_Lite/bin/../lib/gcc/arm-none-eabi/4.5.2/thumb2/crti.o
 .ARM.attributes
                0x00000019       0x29 /opt/CodeSourcery/Sourcery_G++_Lite/bin/../lib/gcc/arm-none-eabi/4.5.2/thumb2/crtbegin.o
 .ARM.attributes
                0x00000042       0x31 CMakeFiles/main.dir/src/main.c.obj
 .ARM.attributes
                0x00000073       0x31 CMakeFiles/main.dir/mnt/dados/Works/ARM/code/openlpc-deps/basefiles_FreeRTOS/startup_lpc17xx.c.obj
 .ARM.attributes
                0x000000a4       0x31 CMakeFiles/main.dir/mnt/dados/Works/ARM/code/openlpc-deps/basefiles_FreeRTOS/syscalls.c.obj
 .ARM.attributes
                0x000000d5       0x31 CMakeFiles/main.dir/mnt/dados/Works/ARM/code/openlpc-deps/basefiles_FreeRTOS/tasks.c.obj
 .ARM.attributes
                0x00000106       0x31 CMakeFiles/main.dir/mnt/dados/Works/ARM/code/openlpc-deps/basefiles_FreeRTOS/queue.c.obj
 .ARM.attributes
                0x00000137       0x31 CMakeFiles/main.dir/mnt/dados/Works/ARM/code/openlpc-deps/basefiles_FreeRTOS/timers.c.obj
 .ARM.attributes
                0x00000168       0x31 CMakeFiles/main.dir/mnt/dados/Works/ARM/code/openlpc-deps/basefiles_FreeRTOS/croutine.c.obj
 .ARM.attributes
                0x00000199       0x31 CMakeFiles/main.dir/mnt/dados/Works/ARM/code/openlpc-deps/basefiles_FreeRTOS/list.c.obj
 .ARM.attributes
                0x000001ca       0x31 CMakeFiles/main.dir/mnt/dados/Works/ARM/code/openlpc-deps/basefiles_FreeRTOS/portable/MemMang/heap_2.c.obj
 .ARM.attributes
                0x000001fb       0x31 CMakeFiles/main.dir/mnt/dados/Works/ARM/code/openlpc-deps/basefiles_FreeRTOS/portable/ARM_CM3/port.c.obj
 .ARM.attributes
                0x0000022c       0x31 CMakeFiles/main.dir/mnt/dados/Works/ARM/code/openlpc-deps/CMSIS/src/core_cm3.c.obj
 .ARM.attributes
                0x0000025d       0x31 CMakeFiles/main.dir/mnt/dados/Works/ARM/code/openlpc-deps/CMSIS/src/system_lpc17xx.c.obj
 .ARM.attributes
                0x0000028e       0x31 CMakeFiles/main.dir/mnt/dados/Works/ARM/code/openlpc-deps/CMSIS/DSP_Lib/src/Common/source/math_helper.c.obj
 .ARM.attributes
                0x000002bf       0x31 CMakeFiles/main.dir/usbstack/src/usb_cdc.c.obj
 .ARM.attributes
                0x000002f0       0x31 CMakeFiles/main.dir/usbstack/src/usbcontrol.c.obj
 .ARM.attributes
                0x00000321       0x31 CMakeFiles/main.dir/usbstack/src/usbhw_lpc.c.obj
 .ARM.attributes
                0x00000352       0x31 CMakeFiles/main.dir/usbstack/src/usbinit.c.obj
 .ARM.attributes
                0x00000383       0x31 CMakeFiles/main.dir/usbstack/src/usbstdreq.c.obj
 .ARM.attributes
                0x000003b4       0x29 /opt/CodeSourcery/Sourcery_G++_Lite/bin/../lib/gcc/arm-none-eabi/4.5.2/../../../../arm-none-eabi/lib/thumb2/libm.a(lib_a-w_log10.o)
 .ARM.attributes
                0x000003dd       0x29 /opt/CodeSourcery/Sourcery_G++_Lite/bin/../lib/gcc/arm-none-eabi/4.5.2/../../../../arm-none-eabi/lib/thumb2/libm.a(lib_a-e_log10.o)
 .ARM.attributes
                0x00000406       0x29 /opt/CodeSourcery/Sourcery_G++_Lite/bin/../lib/gcc/arm-none-eabi/4.5.2/../../../../arm-none-eabi/lib/thumb2/libm.a(lib_a-s_fpclassify.o)
 .ARM.attributes
                0x0000042f       0x29 /opt/CodeSourcery/Sourcery_G++_Lite/bin/../lib/gcc/arm-none-eabi/4.5.2/../../../../arm-none-eabi/lib/thumb2/libm.a(lib_a-s_lib_ver.o)
 .ARM.attributes
                0x00000458       0x29 /opt/CodeSourcery/Sourcery_G++_Lite/bin/../lib/gcc/arm-none-eabi/4.5.2/../../../../arm-none-eabi/lib/thumb2/libm.a(lib_a-s_matherr.o)
 .ARM.attributes
                0x00000481       0x29 /opt/CodeSourcery/Sourcery_G++_Lite/bin/../lib/gcc/arm-none-eabi/4.5.2/../../../../arm-none-eabi/lib/thumb2/libm.a(lib_a-s_nan.o)
 .ARM.attributes
                0x000004aa       0x29 /opt/CodeSourcery/Sourcery_G++_Lite/bin/../lib/gcc/arm-none-eabi/4.5.2/../../../../arm-none-eabi/lib/thumb2/libm.a(lib_a-e_log.o)
 .ARM.attributes
                0x000004d3       0x1b /opt/CodeSourcery/Sourcery_G++_Lite/bin/../lib/gcc/arm-none-eabi/4.5.2/thumb2/libgcc.a(_arm_addsubdf3.o)
 .ARM.attributes
                0x000004ee       0x1b /opt/CodeSourcery/Sourcery_G++_Lite/bin/../lib/gcc/arm-none-eabi/4.5.2/thumb2/libgcc.a(_arm_muldivdf3.o)
 .ARM.attributes
                0x00000509       0x1b /opt/CodeSourcery/Sourcery_G++_Lite/bin/../lib/gcc/arm-none-eabi/4.5.2/thumb2/libgcc.a(_arm_cmpdf2.o)
 .ARM.attributes
                0x00000524       0x1b /opt/CodeSourcery/Sourcery_G++_Lite/bin/../lib/gcc/arm-none-eabi/4.5.2/thumb2/libgcc.a(_arm_fixdfsi.o)
 .ARM.attributes
                0x0000053f       0x1b /opt/CodeSourcery/Sourcery_G++_Lite/bin/../lib/gcc/arm-none-eabi/4.5.2/thumb2/libgcc.a(_arm_truncdfsf2.o)
 .ARM.attributes
                0x0000055a       0x1b /opt/CodeSourcery/Sourcery_G++_Lite/bin/../lib/gcc/arm-none-eabi/4.5.2/thumb2/libgcc.a(_arm_addsubsf3.o)
 .ARM.attributes
                0x00000575       0x1b /opt/CodeSourcery/Sourcery_G++_Lite/bin/../lib/gcc/arm-none-eabi/4.5.2/thumb2/libgcc.a(_arm_muldivsf3.o)
 .ARM.attributes