Archive member included because of file (symbol)

/opt/CodeSourcery/Sourcery_G++_Lite/bin/../lib/gcc/arm-none-eabi/4.5.2/thumb2/libgcc.a(_aeabi_uldivmod.o)
                              CMakeFiles/main.dir/mnt/dados/Works/ARM/code/openlpc-deps/CMSIS/src/system_lpc17xx.c.obj (__aeabi_uldivmod)
/opt/CodeSourcery/Sourcery_G++_Lite/bin/../lib/gcc/arm-none-eabi/4.5.2/thumb2/libgcc.a(bpabi.o)
                              /opt/CodeSourcery/Sourcery_G++_Lite/bin/../lib/gcc/arm-none-eabi/4.5.2/thumb2/libgcc.a(_aeabi_uldivmod.o) (__gnu_uldivmod_helper)
/opt/CodeSourcery/Sourcery_G++_Lite/bin/../lib/gcc/arm-none-eabi/4.5.2/thumb2/libgcc.a(_dvmd_tls.o)
                              /opt/CodeSourcery/Sourcery_G++_Lite/bin/../lib/gcc/arm-none-eabi/4.5.2/thumb2/libgcc.a(_aeabi_uldivmod.o) (__aeabi_ldiv0)
/opt/CodeSourcery/Sourcery_G++_Lite/bin/../lib/gcc/arm-none-eabi/4.5.2/thumb2/libgcc.a(_divdi3.o)
                              /opt/CodeSourcery/Sourcery_G++_Lite/bin/../lib/gcc/arm-none-eabi/4.5.2/thumb2/libgcc.a(bpabi.o) (__divdi3)
/opt/CodeSourcery/Sourcery_G++_Lite/bin/../lib/gcc/arm-none-eabi/4.5.2/thumb2/libgcc.a(_udivdi3.o)
                              /opt/CodeSourcery/Sourcery_G++_Lite/bin/../lib/gcc/arm-none-eabi/4.5.2/thumb2/libgcc.a(bpabi.o) (__udivdi3)
/opt/CodeSourcery/Sourcery_G++_Lite/bin/../lib/gcc/arm-none-eabi/4.5.2/thumb2/libgcc.a(_udivsi3.o)
                              /opt/CodeSourcery/Sourcery_G++_Lite/bin/../lib/gcc/arm-none-eabi/4.5.2/thumb2/libgcc.a(_divdi3.o) (__aeabi_uidiv)
/opt/CodeSourcery/Sourcery_G++_Lite/bin/../lib/gcc/arm-none-eabi/4.5.2/../../../../arm-none-eabi/lib/thumb2/libc.a(lib_a-memcmp.o)
                              CMakeFiles/main.dir/mnt/dados/Works/ARM/code/openlpc-deps/basefiles_FreeRTOS/tasks.c.obj (memcmp)
/opt/CodeSourcery/Sourcery_G++_Lite/bin/../lib/gcc/arm-none-eabi/4.5.2/../../../../arm-none-eabi/lib/thumb2/libc.a(lib_a-memcpy.o)
                              CMakeFiles/main.dir/mnt/dados/Works/ARM/code/openlpc-deps/basefiles_FreeRTOS/queue.c.obj (memcpy)
/opt/CodeSourcery/Sourcery_G++_Lite/bin/../lib/gcc/arm-none-eabi/4.5.2/../../../../arm-none-eabi/lib/thumb2/libc.a(lib_a-memset.o)
                              CMakeFiles/main.dir/mnt/dados/Works/ARM/code/openlpc-deps/basefiles_FreeRTOS/tasks.c.obj (memset)
/opt/CodeSourcery/Sourcery_G++_Lite/bin/../lib/gcc/arm-none-eabi/4.5.2/../../../../arm-none-eabi/lib/thumb2/libc.a(lib_a-sprintf.o)
                              CMakeFiles/main.dir/mnt/dados/Works/ARM/code/openlpc-deps/basefiles_FreeRTOS/tasks.c.obj (sprintf)
/opt/CodeSourcery/Sourcery_G++_Lite/bin/../lib/gcc/arm-none-eabi/4.5.2/../../../../arm-none-eabi/lib/thumb2/libc.a(lib_a-strcat.o)
                              CMakeFiles/main.dir/mnt/dados/Works/ARM/code/openlpc-deps/basefiles_FreeRTOS/tasks.c.obj (strcat)
/opt/CodeSourcery/Sourcery_G++_Lite/bin/../lib/gcc/arm-none-eabi/4.5.2/../../../../arm-none-eabi/lib/thumb2/libc.a(lib_a-strcpy.o)
                              /opt/CodeSourcery/Sourcery_G++_Lite/bin/../lib/gcc/arm-none-eabi/4.5.2/../../../../arm-none-eabi/lib/thumb2/libc.a(lib_a-strcat.o) (strcpy)
/opt/CodeSourcery/Sourcery_G++_Lite/bin/../lib/gcc/arm-none-eabi/4.5.2/../../../../arm-none-eabi/lib/thumb2/libc.a(lib_a-strncpy.o)
                              CMakeFiles/main.dir/mnt/dados/Works/ARM/code/openlpc-deps/basefiles_FreeRTOS/tasks.c.obj (strncpy)
/opt/CodeSourcery/Sourcery_G++_Lite/bin/../lib/gcc/arm-none-eabi/4.5.2/../../../../arm-none-eabi/lib/thumb2/libc.a(lib_a-svfprintf.o)
                              /opt/CodeSourcery/Sourcery_G++_Lite/bin/../lib/gcc/arm-none-eabi/4.5.2/../../../../arm-none-eabi/lib/thumb2/libc.a(lib_a-sprintf.o) (_svfprintf_r)
/opt/CodeSourcery/Sourcery_G++_Lite/bin/../lib/gcc/arm-none-eabi/4.5.2/../../../../arm-none-eabi/lib/thumb2/libc.a(lib_a-dtoa.o)
                              /opt/CodeSourcery/Sourcery_G++_Lite/bin/../lib/gcc/arm-none-eabi/4.5.2/../../../../arm-none-eabi/lib/thumb2/libc.a(lib_a-svfprintf.o) (_dtoa_r)
/opt/CodeSourcery/Sourcery_G++_Lite/bin/../lib/gcc/arm-none-eabi/4.5.2/../../../../arm-none-eabi/lib/thumb2/libc.a(lib_a-impure.o)
                              /opt/CodeSourcery/Sourcery_G++_Lite/bin/../lib/gcc/arm-none-eabi/4.5.2/../../../../arm-none-eabi/lib/thumb2/libc.a(lib_a-sprintf.o) (_impure_ptr)
/opt/CodeSourcery/Sourcery_G++_Lite/bin/../lib/gcc/arm-none-eabi/4.5.2/../../../../arm-none-eabi/lib/thumb2/libc.a(lib_a-locale.o)
                              /opt/CodeSourcery/Sourcery_G++_Lite/bin/../lib/gcc/arm-none-eabi/4.5.2/../../../../arm-none-eabi/lib/thumb2/libc.a(lib_a-svfprintf.o) (_localeconv_r)
/opt/CodeSourcery/Sourcery_G++_Lite/bin/../lib/gcc/arm-none-eabi/4.5.2/../../../../arm-none-eabi/lib/thumb2/libc.a(lib_a-malloc.o)
                              /opt/CodeSourcery/Sourcery_G++_Lite/bin/../lib/gcc/arm-none-eabi/4.5.2/../../../../arm-none-eabi/lib/thumb2/libc.a(lib_a-dtoa.o) (malloc)
[...]
Memory Configuration

Name             Origin             Length             Attributes
MFlash512        0x00010000         0x00070000         xr
RamLoc32         0x10000000         0x00007fe0         xrw
RamAHB32         0x2007c000         0x00008000         xrw
*default*        0x00000000         0xffffffff

Linker script and memory map

LOAD /opt/CodeSourcery/Sourcery_G++_Lite/bin/../lib/gcc/arm-none-eabi/4.5.2/thumb2/crti.o
LOAD /opt/CodeSourcery/Sourcery_G++_Lite/bin/../lib/gcc/arm-none-eabi/4.5.2/thumb2/crtbegin.o
LOAD CMakeFiles/main.dir/src/main.c.obj
LOAD CMakeFiles/main.dir/mnt/dados/Works/ARM/code/openlpc-deps/basefiles_FreeRTOS/startup_lpc17xx.c.obj
LOAD CMakeFiles/main.dir/mnt/dados/Works/ARM/code/openlpc-deps/basefiles_FreeRTOS/syscalls.c.obj
LOAD CMakeFiles/main.dir/mnt/dados/Works/ARM/code/openlpc-deps/basefiles_FreeRTOS/tasks.c.obj
LOAD CMakeFiles/main.dir/mnt/dados/Works/ARM/code/openlpc-deps/basefiles_FreeRTOS/queue.c.obj
LOAD CMakeFiles/main.dir/mnt/dados/Works/ARM/code/openlpc-deps/basefiles_FreeRTOS/timers.c.obj
LOAD CMakeFiles/main.dir/mnt/dados/Works/ARM/code/openlpc-deps/basefiles_FreeRTOS/croutine.c.obj
LOAD CMakeFiles/main.dir/mnt/dados/Works/ARM/code/openlpc-deps/basefiles_FreeRTOS/list.c.obj
LOAD CMakeFiles/main.dir/mnt/dados/Works/ARM/code/openlpc-deps/basefiles_FreeRTOS/portable/MemMang/heap_2.c.obj
LOAD CMakeFiles/main.dir/mnt/dados/Works/ARM/code/openlpc-deps/basefiles_FreeRTOS/portable/ARM_CM3/port.c.obj
LOAD CMakeFiles/main.dir/mnt/dados/Works/ARM/code/openlpc-deps/CMSIS/src/core_cm3.c.obj
LOAD CMakeFiles/main.dir/mnt/dados/Works/ARM/code/openlpc-deps/CMSIS/src/system_lpc17xx.c.obj
LOAD CMakeFiles/main.dir/usbstack/src/usb_cdc.c.obj
LOAD CMakeFiles/main.dir/usbstack/src/usbcontrol.c.obj
LOAD CMakeFiles/main.dir/usbstack/src/usbhw_lpc.c.obj
LOAD CMakeFiles/main.dir/usbstack/src/usbinit.c.obj
LOAD CMakeFiles/main.dir/usbstack/src/usbstdreq.c.obj
LOAD /opt/CodeSourcery/Sourcery_G++_Lite/bin/../lib/gcc/arm-none-eabi/4.5.2/../../../../arm-none-eabi/lib/thumb2/libm.a
START GROUP
LOAD /opt/CodeSourcery/Sourcery_G++_Lite/bin/../lib/gcc/arm-none-eabi/4.5.2/thumb2/libgcc.a
LOAD /opt/CodeSourcery/Sourcery_G++_Lite/bin/../lib/gcc/arm-none-eabi/4.5.2/../../../../arm-none-eabi/lib/thumb2/libc.a
END GROUP
LOAD /opt/CodeSourcery/Sourcery_G++_Lite/bin/../lib/gcc/arm-none-eabi/4.5.2/thumb2/crtend.o
LOAD /opt/CodeSourcery/Sourcery_G++_Lite/bin/../lib/gcc/arm-none-eabi/4.5.2/thumb2/crtn.o
                0x00080000                __top_MFlash512 = 0x80000
                0x10007fe0                __top_RamLoc32 = 0x10007fe0
                0x20084000                __top_RamAHB32 = 0x20084000

.text           0x00010000     0x8ee8
 FILL mask 0xff
 *(.isr_vector)
 .isr_vector    0x00010000       0xc8 CMakeFiles/main.dir/mnt/dados/Works/ARM/code/openlpc-deps/basefiles_FreeRTOS/startup_lpc17xx.c.obj
                0x00010000                g_pfnVectors
                0x000100c8                . = ALIGN (0x4)
                0x000100c8                __section_table_start = .
                0x000100c8                __data_section_table = .
                0x000100c8        0x4 LONG 0x18f08 LOADADDR (.data)
                0x000100cc        0x4 LONG 0x10000000 ADDR (.data)
                0x000100d0        0x4 LONG 0x59c SIZEOF (.data)
                0x000100d4        0x4 LONG 0x18f08 LOADADDR (.data_RAM2)
                0x000100d8        0x4 LONG 0x2007c000 ADDR (.data_RAM2)
                0x000100dc        0x4 LONG 0x0 SIZEOF (.data_RAM2)
                0x000100e0                __data_section_table_end = .
                0x000100e0                __bss_section_table = .
                0x000100e0        0x4 LONG 0x100005a8 ADDR (.bss)
                0x000100e4        0x4 LONG 0x4f3c SIZEOF (.bss)
                0x000100e8        0x4 LONG 0x2007c000 ADDR (.bss_RAM2)
                0x000100ec        0x4 LONG 0x0 SIZEOF (.bss_RAM2)
                0x000100f0                __bss_section_table_end = .
                0x000100f0                __section_table_end = .
 *(.after_vectors*)
 *(.text*)
 .text          0x000100f0        0x0 /opt/CodeSourcery/Sourcery_G++_Lite/bin/../lib/gcc/arm-none-eabi/4.5.2/thumb2/crti.o
 .text          0x000100f0       0x30 /opt/CodeSourcery/Sourcery_G++_Lite/bin/../lib/gcc/arm-none-eabi/4.5.2/thumb2/crtbegin.o
 .text          0x00010120        0x0 CMakeFiles/main.dir/src/main.c.obj
 .text.vLedBlink
                0x00010120       0x4c CMakeFiles/main.dir/src/main.c.obj
 .text.main     0x0001016c       0x48 CMakeFiles/main.dir/src/main.c.obj
                0x0001016c                main
 .text.vApplicationStackOverflowHook
                0x000101b4        0x4 CMakeFiles/main.dir/src/main.c.obj
                0x000101b4                vApplicationStackOverflowHook
 .text          0x000101b8        0x0 CMakeFiles/main.dir/mnt/dados/Works/ARM/code/openlpc-deps/basefiles_FreeRTOS/startup_lpc17xx.c.obj
 .text.NMI_Handler
                0x000101b8        0x4 CMakeFiles/main.dir/mnt/dados/Works/ARM/code/openlpc-deps/basefiles_FreeRTOS/startup_lpc17xx.c.obj
                0x000101b8                NMI_Handler
 .text.HardFault_Handler
                0x000101bc        0x4 CMakeFiles/main.dir/mnt/dados/Works/ARM/code/openlpc-deps/basefiles_FreeRTOS/startup_lpc17xx.c.obj
                0x000101bc                HardFault_Handler
 .text.MemManage_Handler
                0x000101c0        0x4 CMakeFiles/main.dir/mnt/dados/Works/ARM/code/openlpc-deps/basefiles_FreeRTOS/startup_lpc17xx.c.obj
                0x000101c0                MemManage_Handler
 .text.BusFault_Handler
                0x000101c4        0x4 CMakeFiles/main.dir/mnt/dados/Works/ARM/code/openlpc-deps/basefiles_FreeRTOS/startup_lpc17xx.c.obj
                0x000101c4                BusFault_Handler
 .text.UsageFault_Handler
                0x000101c8        0x4 CMakeFiles/main.dir/mnt/dados/Works/ARM/code/openlpc-deps/basefiles_FreeRTOS/startup_lpc17xx.c.obj
                0x000101c8                UsageFault_Handler
 .text.DebugMon_Handler
                0x000101cc        0x4 CMakeFiles/main.dir/mnt/dados/Works/ARM/code/openlpc-deps/basefiles_FreeRTOS/startup_lpc17xx.c.obj
                0x000101cc                DebugMon_Handler
 .text.ResetISR
                0x000101d0       0x80 CMakeFiles/main.dir/mnt/dados/Works/ARM/code/openlpc-deps/basefiles_FreeRTOS/startup_lpc17xx.c.obj
                0x000101d0                ResetISR
 .text.IntDefaultHandler
                0x00010250        0x4 CMakeFiles/main.dir/mnt/dados/Works/ARM/code/openlpc-deps/basefiles_FreeRTOS/startup_lpc17xx.c.obj
                0x00010250                TIMER2_IRQHandler
                0x00010250                RIT_IRQHandler
                0x00010250                I2C0_IRQHandler
                0x00010250                USBActivity_IRQHandler
                0x00010250                PWM1_IRQHandler
                0x00010250                I2C1_IRQHandler
                0x00010250                EINT2_IRQHandler
                0x00010250                UART1_IRQHandler
                0x00010250                EINT3_IRQHandler
                0x00010250                CANActivity_IRQHandler
                0x00010250                TIMER3_IRQHandler
                0x00010250                UART0_IRQHandler
                0x00010250                IntDefaultHandler
                0x00010250                PLL0_IRQHandler
                0x00010250                CAN_IRQHandler
                0x00010250                PLL1_IRQHandler
                0x00010250                SSP0_IRQHandler
                0x00010250                I2S_IRQHandler
                0x00010250                I2C2_IRQHandler
                0x00010250                RTC_IRQHandler
                0x00010250                TIMER0_IRQHandler
                0x00010250                SPI_IRQHandler
                0x00010250                EINT1_IRQHandler
                0x00010250                TIMER1_IRQHandler
                0x00010250                UART2_IRQHandler
                0x00010250                ADC_IRQHandler
                0x00010250                SSP1_IRQHandler
                0x00010250                BOD_IRQHandler
                0x00010250                WDT_IRQHandler
                0x00010250                QEI_IRQHandler
                0x00010250                EINT0_IRQHandler
                0x00010250                DMA_IRQHandler
                0x00010250                UART3_IRQHandler
                0x00010250                MCPWM_IRQHandler
                0x00010250                ENET_IRQHandler
 .text          0x00010254        0x0 CMakeFiles/main.dir/mnt/dados/Works/ARM/code/openlpc-deps/basefiles_FreeRTOS/syscalls.c.obj
 .text._read_r  0x00010254        0x8 CMakeFiles/main.dir/mnt/dados/Works/ARM/code/openlpc-deps/basefiles_FreeRTOS/syscalls.c.obj
                0x00010254                _read_r
 .text._lseek_r
                0x0001025c        0x4 CMakeFiles/main.dir/mnt/dados/Works/ARM/code/openlpc-deps/basefiles_FreeRTOS/syscalls.c.obj
                0x0001025c                _lseek_r
 .text._write_r
                0x00010260        0x4 CMakeFiles/main.dir/mnt/dados/Works/ARM/code/openlpc-deps/basefiles_FreeRTOS/syscalls.c.obj
                0x00010260                _write_r
 .text._close_r
                0x00010264        0x4 CMakeFiles/main.dir/mnt/dados/Works/ARM/code/openlpc-deps/basefiles_FreeRTOS/syscalls.c.obj
                0x00010264                _close_r
 .text._sbrk_r  0x00010268        0x4 CMakeFiles/main.dir/mnt/dados/Works/ARM/code/openlpc-deps/basefiles_FreeRTOS/syscalls.c.obj
                0x00010268                _sbrk_r
 .text._fstat_r
                0x0001026c        0x4 CMakeFiles/main.dir/mnt/dados/Works/ARM/code/openlpc-deps/basefiles_FreeRTOS/syscalls.c.obj
                0x0001026c                _fstat_r
 .text._isatty_r
                0x00010270        0x4 CMakeFiles/main.dir/mnt/dados/Works/ARM/code/openlpc-deps/basefiles_FreeRTOS/syscalls.c.obj
                0x00010270                _isatty_r
 .text          0x00010274        0x0 CMakeFiles/main.dir/mnt/dados/Works/ARM/code/openlpc-deps/basefiles_FreeRTOS/tasks.c.obj
 .text.prvAddCurrentTaskToDelayedList
                0x00010274       0x50 CMakeFiles/main.dir/mnt/dados/Works/ARM/code/openlpc-deps/basefiles_FreeRTOS/tasks.c.obj
 .text.prvListTaskWithinSingleList
                0x000102c4       0x98 CMakeFiles/main.dir/mnt/dados/Works/ARM/code/openlpc-deps/basefiles_FreeRTOS/tasks.c.obj
 .text.xTaskGenericCreate
                0x0001035c      0x1d8 CMakeFiles/main.dir/mnt/dados/Works/ARM/code/openlpc-deps/basefiles_FreeRTOS/tasks.c.obj
                0x0001035c                xTaskGenericCreate
 .text.vTaskDelete
                0x00010534       0x70 CMakeFiles/main.dir/mnt/dados/Works/ARM/code/openlpc-deps/basefiles_FreeRTOS/tasks.c.obj
                0x00010534                vTaskDelete
 .text.uxTaskPriorityGet
                0x000105a4       0x28 CMakeFiles/main.dir/mnt/dados/Works/ARM/code/openlpc-deps/basefiles_FreeRTOS/tasks.c.obj
                0x000105a4                uxTaskPriorityGet
 .text.vTaskPrioritySet
                0x000105cc       0xa4 CMakeFiles/main.dir/mnt/dados/Works/ARM/code/openlpc-deps/basefiles_FreeRTOS/tasks.c.obj
                0x000105cc                vTaskPrioritySet
 .text.xTaskIsTaskSuspended
                0x00010670       0x2c CMakeFiles/main.dir/mnt/dados/Works/ARM/code/openlpc-deps/basefiles_FreeRTOS/tasks.c.obj
                0x00010670                xTaskIsTaskSuspended
 .text.vTaskResume
                0x0001069c       0x80 CMakeFiles/main.dir/mnt/dados/Works/ARM/code/openlpc-deps/basefiles_FreeRTOS/tasks.c.obj
                0x0001069c                vTaskResume
 .text.xTaskResumeFromISR
                0x0001071c       0xa0 CMakeFiles/main.dir/mnt/dados/Works/ARM/code/openlpc-deps/basefiles_FreeRTOS/tasks.c.obj
                0x0001071c                xTaskResumeFromISR
 .text.vTaskStartScheduler
                0x000107bc       0x50 CMakeFiles/main.dir/mnt/dados/Works/ARM/code/openlpc-deps/basefiles_FreeRTOS/tasks.c.obj
                0x000107bc                vTaskStartScheduler
 .text.vTaskEndScheduler
                0x0001080c       0x18 CMakeFiles/main.dir/mnt/dados/Works/ARM/code/openlpc-deps/basefiles_FreeRTOS/tasks.c.obj
                0x0001080c                vTaskEndScheduler
 .text.vTaskSuspendAll
                0x00010824       0x10 CMakeFiles/main.dir/mnt/dados/Works/ARM/code/openlpc-deps/basefiles_FreeRTOS/tasks.c.obj
                0x00010824                vTaskSuspendAll
 .text.xTaskGetTickCount
                0x00010834       0x18 CMakeFiles/main.dir/mnt/dados/Works/ARM/code/openlpc-deps/basefiles_FreeRTOS/tasks.c.obj
                0x00010834                xTaskGetTickCount
 .text.xTaskGetTickCountFromISR
                0x0001084c       0x1c CMakeFiles/main.dir/mnt/dados/Works/ARM/code/openlpc-deps/basefiles_FreeRTOS/tasks.c.obj
                0x0001084c                xTaskGetTickCountFromISR
 .text.uxTaskGetNumberOfTasks
                0x00010868        0xc CMakeFiles/main.dir/mnt/dados/Works/ARM/code/openlpc-deps/basefiles_FreeRTOS/tasks.c.obj
                0x00010868                uxTaskGetNumberOfTasks
 .text.vTaskIncrementTick
                0x00010874      0x124 CMakeFiles/main.dir/mnt/dados/Works/ARM/code/openlpc-deps/basefiles_FreeRTOS/tasks.c.obj
                0x00010874                vTaskIncrementTick
 .text.xTaskResumeAll
                0x00010998       0xe0 CMakeFiles/main.dir/mnt/dados/Works/ARM/code/openlpc-deps/basefiles_FreeRTOS/tasks.c.obj
                0x00010998                xTaskResumeAll
 .text.vTaskList
                0x00010a78      0x114 CMakeFiles/main.dir/mnt/dados/Works/ARM/code/openlpc-deps/basefiles_FreeRTOS/tasks.c.obj
                0x00010a78                vTaskList
 .text.prvIdleTask
                0x00010b8c       0x70 CMakeFiles/main.dir/mnt/dados/Works/ARM/code/openlpc-deps/basefiles_FreeRTOS/tasks.c.obj
 .text.vTaskDelay
                0x00010bfc       0x40 CMakeFiles/main.dir/mnt/dados/Works/ARM/code/openlpc-deps/basefiles_FreeRTOS/tasks.c.obj
                0x00010bfc                vTaskDelay
 .text.vTaskDelayUntil
                0x00010c3c       0x60 CMakeFiles/main.dir/mnt/dados/Works/ARM/code/openlpc-deps/basefiles_FreeRTOS/tasks.c.obj
                0x00010c3c                vTaskDelayUntil
 .text.vTaskSwitchContext
                0x00010c9c       0xc8 CMakeFiles/main.dir/mnt/dados/Works/ARM/code/openlpc-deps/basefiles_FreeRTOS/tasks.c.obj
                0x00010c9c                vTaskSwitchContext
 .text.vTaskSuspend
                0x00010d64       0x7c CMakeFiles/main.dir/mnt/dados/Works/ARM/code/openlpc-deps/basefiles_FreeRTOS/tasks.c.obj
                0x00010d64                vTaskSuspend
 .text.vTaskPlaceOnEventList
                0x00010de0       0x44 CMakeFiles/main.dir/mnt/dados/Works/ARM/code/openlpc-deps/basefiles_FreeRTOS/tasks.c.obj
                0x00010de0                vTaskPlaceOnEventList
 .text.xTaskRemoveFromEventList
                0x00010e24       0x6c CMakeFiles/main.dir/mnt/dados/Works/ARM/code/openlpc-deps/basefiles_FreeRTOS/tasks.c.obj
                0x00010e24                xTaskRemoveFromEventList
 .text.vTaskSetTimeOutState
                0x00010e90       0x18 CMakeFiles/main.dir/mnt/dados/Works/ARM/code/openlpc-deps/basefiles_FreeRTOS/tasks.c.obj
                0x00010e90                vTaskSetTimeOutState
 .text.xTaskCheckForTimeOut
                0x00010ea8       0x7c CMakeFiles/main.dir/mnt/dados/Works/ARM/code/openlpc-deps/basefiles_FreeRTOS/tasks.c.obj
                0x00010ea8                xTaskCheckForTimeOut
 .text.vTaskMissedYield
                0x00010f24        0xc CMakeFiles/main.dir/mnt/dados/Works/ARM/code/openlpc-deps/basefiles_FreeRTOS/tasks.c.obj
                0x00010f24                vTaskMissedYield
 .text.uxTaskGetTaskNumber
                0x00010f30        0x8 CMakeFiles/main.dir/mnt/dados/Works/ARM/code/openlpc-deps/basefiles_FreeRTOS/tasks.c.obj
                0x00010f30                uxTaskGetTaskNumber
 .text.vTaskSetTaskNumber
                0x00010f38        0x8 CMakeFiles/main.dir/mnt/dados/Works/ARM/code/openlpc-deps/basefiles_FreeRTOS/tasks.c.obj
                0x00010f38                vTaskSetTaskNumber
 .text.uxTaskGetStackHighWaterMark
                0x00010f40       0x2c CMakeFiles/main.dir/mnt/dados/Works/ARM/code/openlpc-deps/basefiles_FreeRTOS/tasks.c.obj
                0x00010f40                uxTaskGetStackHighWaterMark
 .text.xTaskGetCurrentTaskHandle
                0x00010f6c        0xc CMakeFiles/main.dir/mnt/dados/Works/ARM/code/openlpc-deps/basefiles_FreeRTOS/tasks.c.obj
                0x00010f6c                xTaskGetCurrentTaskHandle
 .text.vTaskPriorityInherit
                0x00010f78       0x6c CMakeFiles/main.dir/mnt/dados/Works/ARM/code/openlpc-deps/basefiles_FreeRTOS/tasks.c.obj
                0x00010f78                vTaskPriorityInherit
 .text.vTaskPriorityDisinherit
                0x00010fe4       0x48 CMakeFiles/main.dir/mnt/dados/Works/ARM/code/openlpc-deps/basefiles_FreeRTOS/tasks.c.obj
                0x00010fe4                vTaskPriorityDisinherit
 .text          0x0001102c        0x0 CMakeFiles/main.dir/mnt/dados/Works/ARM/code/openlpc-deps/basefiles_FreeRTOS/queue.c.obj
 .text.prvUnlockQueue
                0x0001102c       0x90 CMakeFiles/main.dir/mnt/dados/Works/ARM/code/openlpc-deps/basefiles_FreeRTOS/queue.c.obj
 .text.prvCopyDataToQueue
                0x000110bc       0x6c CMakeFiles/main.dir/mnt/dados/Works/ARM/code/openlpc-deps/basefiles_FreeRTOS/queue.c.obj
 .text.xQueueGenericReset
                0x00011128       0x4c CMakeFiles/main.dir/mnt/dados/Works/ARM/code/openlpc-deps/basefiles_FreeRTOS/queue.c.obj
                0x00011128                xQueueGenericReset
 .text.xQueueGenericCreate
                0x00011174       0x50 CMakeFiles/main.dir/mnt/dados/Works/ARM/code/openlpc-deps/basefiles_FreeRTOS/queue.c.obj
                0x00011174                xQueueGenericCreate
 .text.xQueueGetMutexHolder
                0x000111c4       0x20 CMakeFiles/main.dir/mnt/dados/Works/ARM/code/openlpc-deps/basefiles_FreeRTOS/queue.c.obj
                0x000111c4                xQueueGetMutexHolder
 .text.xQueueCreateCountingSemaphore
                0x000111e4       0x14 CMakeFiles/main.dir/mnt/dados/Works/ARM/code/openlpc-deps/basefiles_FreeRTOS/queue.c.obj
                0x000111e4                xQueueCreateCountingSemaphore
 .text.xQueueGenericSend
                0x000111f8       0xf0 CMakeFiles/main.dir/mnt/dados/Works/ARM/code/openlpc-deps/basefiles_FreeRTOS/queue.c.obj
                0x000111f8                xQueueGenericSend
 .text.xQueueGiveMutexRecursive
                0x000112e8       0x2c CMakeFiles/main.dir/mnt/dados/Works/ARM/code/openlpc-deps/basefiles_FreeRTOS/queue.c.obj
                0x000112e8                xQueueGiveMutexRecursive
 .text.xQueueCreateMutex
                0x00011314       0x4c CMakeFiles/main.dir/mnt/dados/Works/ARM/code/openlpc-deps/basefiles_FreeRTOS/queue.c.obj
                0x00011314                xQueueCreateMutex
 .text.xQueueGenericSendFromISR
                0x00011360       0x60 CMakeFiles/main.dir/mnt/dados/Works/ARM/code/openlpc-deps/basefiles_FreeRTOS/queue.c.obj
                0x00011360                xQueueGenericSendFromISR
 .text.xQueueGenericReceive
                0x000113c0      0x148 CMakeFiles/main.dir/mnt/dados/Works/ARM/code/openlpc-deps/basefiles_FreeRTOS/queue.c.obj
                0x000113c0                xQueueGenericReceive
 .text.xQueueTakeMutexRecursive
                0x00011508       0x34 CMakeFiles/main.dir/mnt/dados/Works/ARM/code/openlpc-deps/basefiles_FreeRTOS/queue.c.obj
                0x00011508                xQueueTakeMutexRecursive
 .text.xQueueReceiveFromISR
                0x0001153c       0x74 CMakeFiles/main.dir/mnt/dados/Works/ARM/code/openlpc-deps/basefiles_FreeRTOS/queue.c.obj
                0x0001153c                xQueueReceiveFromISR
 .text.uxQueueMessagesWaiting
                0x000115b0       0x14 CMakeFiles/main.dir/mnt/dados/Works/ARM/code/openlpc-deps/basefiles_FreeRTOS/queue.c.obj
                0x000115b0                uxQueueMessagesWaiting
 .text.uxQueueMessagesWaitingFromISR
                0x000115c4        0x4 CMakeFiles/main.dir/mnt/dados/Works/ARM/code/openlpc-deps/basefiles_FreeRTOS/queue.c.obj
                0x000115c4                uxQueueMessagesWaitingFromISR
 .text.vQueueDelete
                0x000115c8       0x84 CMakeFiles/main.dir/mnt/dados/Works/ARM/code/openlpc-deps/basefiles_FreeRTOS/queue.c.obj
                0x000115c8                vQueueDelete
 .text.ucQueueGetQueueNumber
                0x0001164c        0x8 CMakeFiles/main.dir/mnt/dados/Works/ARM/code/openlpc-deps/basefiles_FreeRTOS/queue.c.obj
                0x0001164c                ucQueueGetQueueNumber
 .text.vQueueSetQueueNumber
                0x00011654        0x8 CMakeFiles/main.dir/mnt/dados/Works/ARM/code/openlpc-deps/basefiles_FreeRTOS/queue.c.obj
                0x00011654                vQueueSetQueueNumber
 .text.ucQueueGetQueueType
                0x0001165c        0x8 CMakeFiles/main.dir/mnt/dados/Works/ARM/code/openlpc-deps/basefiles_FreeRTOS/queue.c.obj
                0x0001165c                ucQueueGetQueueType
 .text.xQueueIsQueueEmptyFromISR
                0x00011664        0xc CMakeFiles/main.dir/mnt/dados/Works/ARM/code/openlpc-deps/basefiles_FreeRTOS/queue.c.obj
                0x00011664                xQueueIsQueueEmptyFromISR
 .text.xQueueIsQueueFullFromISR
                0x00011670       0x10 CMakeFiles/main.dir/mnt/dados/Works/ARM/code/openlpc-deps/basefiles_FreeRTOS/queue.c.obj
                0x00011670                xQueueIsQueueFullFromISR
 .text.vQueueAddToRegistry
                0x00011680       0x64 CMakeFiles/main.dir/mnt/dados/Works/ARM/code/openlpc-deps/basefiles_FreeRTOS/queue.c.obj
                0x00011680                vQueueAddToRegistry
 .text          0x000116e4        0x0 CMakeFiles/main.dir/mnt/dados/Works/ARM/code/openlpc-deps/basefiles_FreeRTOS/timers.c.obj
 .text          0x000116e4        0x0 CMakeFiles/main.dir/mnt/dados/Works/ARM/code/openlpc-deps/basefiles_FreeRTOS/croutine.c.obj
 .text.xCoRoutineCreate
                0x000116e4       0xcc CMakeFiles/main.dir/mnt/dados/Works/ARM/code/openlpc-deps/basefiles_FreeRTOS/croutine.c.obj
                0x000116e4                xCoRoutineCreate
 .text.vCoRoutineAddToDelayedList
                0x000117b0       0x5c CMakeFiles/main.dir/mnt/dados/Works/ARM/code/openlpc-deps/basefiles_FreeRTOS/croutine.c.obj
                0x000117b0                vCoRoutineAddToDelayedList
 .text.vCoRoutineSchedule
                0x0001180c      0x1f8 CMakeFiles/main.dir/mnt/dados/Works/ARM/code/openlpc-deps/basefiles_FreeRTOS/croutine.c.obj
                0x0001180c                vCoRoutineSchedule
 .text.xCoRoutineRemoveFromEventList
                0x00011a04       0x34 CMakeFiles/main.dir/mnt/dados/Works/ARM/code/openlpc-deps/basefiles_FreeRTOS/croutine.c.obj
                0x00011a04                xCoRoutineRemoveFromEventList
 .text          0x00011a38        0x0 CMakeFiles/main.dir/mnt/dados/Works/ARM/code/openlpc-deps/basefiles_FreeRTOS/list.c.obj
 .text.vListInitialise
                0x00011a38       0x18 CMakeFiles/main.dir/mnt/dados/Works/ARM/code/openlpc-deps/basefiles_FreeRTOS/list.c.obj
                0x00011a38                vListInitialise
 .text.vListInitialiseItem
                0x00011a50        0x8 CMakeFiles/main.dir/mnt/dados/Works/ARM/code/openlpc-deps/basefiles_FreeRTOS/list.c.obj
                0x00011a50                vListInitialiseItem
 .text.vListInsertEnd
                0x00011a58       0x1c CMakeFiles/main.dir/mnt/dados/Works/ARM/code/openlpc-deps/basefiles_FreeRTOS/list.c.obj
                0x00011a58                vListInsertEnd
 .text.vListInsert
                0x00011a74       0x3c CMakeFiles/main.dir/mnt/dados/Works/ARM/code/openlpc-deps/basefiles_FreeRTOS/list.c.obj
                0x00011a74                vListInsert
 .text.vListRemove
                0x00011ab0       0x24 CMakeFiles/main.dir/mnt/dados/Works/ARM/code/openlpc-deps/basefiles_FreeRTOS/list.c.obj
                0x00011ab0                vListRemove
 .text          0x00011ad4        0x0 CMakeFiles/main.dir/mnt/dados/Works/ARM/code/openlpc-deps/basefiles_FreeRTOS/portable/MemMang/heap_2.c.obj
 .text.pvPortMalloc
                0x00011ad4       0xb0 CMakeFiles/main.dir/mnt/dados/Works/ARM/code/openlpc-deps/basefiles_FreeRTOS/portable/MemMang/heap_2.c.obj
                0x00011ad4                pvPortMalloc
 .text.vPortFree
                0x00011b84       0x40 CMakeFiles/main.dir/mnt/dados/Works/ARM/code/openlpc-deps/basefiles_FreeRTOS/portable/MemMang/heap_2.c.obj
                0x00011b84                vPortFree
 .text.xPortGetFreeHeapSize
                0x00011bc4        0xc CMakeFiles/main.dir/mnt/dados/Works/ARM/code/openlpc-deps/basefiles_FreeRTOS/portable/MemMang/heap_2.c.obj
                0x00011bc4                xPortGetFreeHeapSize
 .text.vPortInitialiseBlocks
                0x00011bd0        0x4 CMakeFiles/main.dir/mnt/dados/Works/ARM/code/openlpc-deps/basefiles_FreeRTOS/portable/MemMang/heap_2.c.obj
                0x00011bd0                vPortInitialiseBlocks
 .text          0x00011bd4        0x0 CMakeFiles/main.dir/mnt/dados/Works/ARM/code/openlpc-deps/basefiles_FreeRTOS/portable/ARM_CM3/port.c.obj
 .text.prvPortStartFirstTask
                0x00011bd4       0x14 CMakeFiles/main.dir/mnt/dados/Works/ARM/code/openlpc-deps/basefiles_FreeRTOS/portable/ARM_CM3/port.c.obj
 .text.pxPortInitialiseStack
                0x00011be8       0x24 CMakeFiles/main.dir/mnt/dados/Works/ARM/code/openlpc-deps/basefiles_FreeRTOS/portable/ARM_CM3/port.c.obj
                0x00011be8                pxPortInitialiseStack
 .text.vPortSVCHandler
                0x00011c0c       0x20 CMakeFiles/main.dir/mnt/dados/Works/ARM/code/openlpc-deps/basefiles_FreeRTOS/portable/ARM_CM3/port.c.obj
                0x00011c0c                vPortSVCHandler
 .text.xPortStartScheduler
                0x00011c2c       0x40 CMakeFiles/main.dir/mnt/dados/Works/ARM/code/openlpc-deps/basefiles_FreeRTOS/portable/ARM_CM3/port.c.obj
                0x00011c2c                xPortStartScheduler
 .text.vPortEndScheduler
                0x00011c6c        0x4 CMakeFiles/main.dir/mnt/dados/Works/ARM/code/openlpc-deps/basefiles_FreeRTOS/portable/ARM_CM3/port.c.obj
                0x00011c6c                vPortEndScheduler
 .text.vPortYieldFromISR
                0x00011c70       0x10 CMakeFiles/main.dir/mnt/dados/Works/ARM/code/openlpc-deps/basefiles_FreeRTOS/portable/ARM_CM3/port.c.obj
                0x00011c70                vPortYieldFromISR
 .text.vPortEnterCritical
                0x00011c80       0x18 CMakeFiles/main.dir/mnt/dados/Works/ARM/code/openlpc-deps/basefiles_FreeRTOS/portable/ARM_CM3/port.c.obj
                0x00011c80                vPortEnterCritical
 .text.vPortExitCritical
                0x00011c98       0x18 CMakeFiles/main.dir/mnt/dados/Works/ARM/code/openlpc-deps/basefiles_FreeRTOS/portable/ARM_CM3/port.c.obj
                0x00011c98                vPortExitCritical
 .text.xPortPendSVHandler
                0x00011cb0       0x3c CMakeFiles/main.dir/mnt/dados/Works/ARM/code/openlpc-deps/basefiles_FreeRTOS/portable/ARM_CM3/port.c.obj
                0x00011cb0                xPortPendSVHandler
 .text.xPortSysTickHandler
                0x00011cec       0x24 CMakeFiles/main.dir/mnt/dados/Works/ARM/code/openlpc-deps/basefiles_FreeRTOS/portable/ARM_CM3/port.c.obj
                0x00011cec                xPortSysTickHandler
 .text          0x00011d10        0x0 CMakeFiles/main.dir/mnt/dados/Works/ARM/code/openlpc-deps/CMSIS/src/core_cm3.c.obj
 .text          0x00011d10        0x0 CMakeFiles/main.dir/mnt/dados/Works/ARM/code/openlpc-deps/CMSIS/src/system_lpc17xx.c.obj
 .text.SystemCoreClockUpdate
                0x00011d10      0x100 CMakeFiles/main.dir/mnt/dados/Works/ARM/code/openlpc-deps/CMSIS/src/system_lpc17xx.c.obj
                0x00011d10                SystemCoreClockUpdate
 .text.SystemInit
                0x00011e10       0xec CMakeFiles/main.dir/mnt/dados/Works/ARM/code/openlpc-deps/CMSIS/src/system_lpc17xx.c.obj
                0x00011e10                SystemInit
 .text          0x00011efc        0x0 CMakeFiles/main.dir/usbstack/src/usb_cdc.c.obj
 .text.USBFrameHandler
                0x00011efc       0x1c CMakeFiles/main.dir/usbstack/src/usb_cdc.c.obj
 .text.BulkOut  0x00011f18       0x90 CMakeFiles/main.dir/usbstack/src/usb_cdc.c.obj
 .text.BulkIn   0x00011fa8       0x70 CMakeFiles/main.dir/usbstack/src/usb_cdc.c.obj
 .text.HandleClassRequest
                0x00012018       0x38 CMakeFiles/main.dir/usbstack/src/usb_cdc.c.obj
 .text.VCOM_putchar
                0x00012050       0x2c CMakeFiles/main.dir/usbstack/src/usb_cdc.c.obj
                0x00012050                VCOM_putchar
 .text.VCOM_getchar
                0x0001207c       0x24 CMakeFiles/main.dir/usbstack/src/usb_cdc.c.obj
                0x0001207c                VCOM_getchar
 .text.USB_IRQHandler
                0x000120a0        0x4 CMakeFiles/main.dir/usbstack/src/usb_cdc.c.obj
                0x000120a0                USB_IRQHandler
 .text.CPUcpsie
                0x000120a4        0xc CMakeFiles/main.dir/usbstack/src/usb_cdc.c.obj
                0x000120a4                CPUcpsie
 .text.vUSBTask
                0x000120b0       0xac CMakeFiles/main.dir/usbstack/src/usb_cdc.c.obj
                0x000120b0                vUSBTask
 .text          0x0001215c        0x0 CMakeFiles/main.dir/usbstack/src/usbcontrol.c.obj
 .text.DataIn   0x0001215c       0x30 CMakeFiles/main.dir/usbstack/src/usbcontrol.c.obj
 .text.StallControlPipe.clone.0
                0x0001218c        0x8 CMakeFiles/main.dir/usbstack/src/usbcontrol.c.obj
 .text.USBHandleControlTransfer
                0x00012194       0xe4 CMakeFiles/main.dir/usbstack/src/usbcontrol.c.obj
                0x00012194                USBHandleControlTransfer
 .text.USBRegisterRequestHandler
                0x00012278       0x18 CMakeFiles/main.dir/usbstack/src/usbcontrol.c.obj
                0x00012278                USBRegisterRequestHandler
 .text          0x00012290        0x0 CMakeFiles/main.dir/usbstack/src/usbhw_lpc.c.obj
 .text.USBHwCmdWrite
                0x00012290       0x48 CMakeFiles/main.dir/usbstack/src/usbhw_lpc.c.obj
 .text.USBHwCmdRead
                0x000122d8       0x50 CMakeFiles/main.dir/usbstack/src/usbhw_lpc.c.obj
 .text.USBHwEPConfig
                0x00012328       0x4c CMakeFiles/main.dir/usbstack/src/usbhw_lpc.c.obj
                0x00012328                USBHwEPConfig
 .text.USBHwRegisterEPIntHandler
                0x00012374       0x40 CMakeFiles/main.dir/usbstack/src/usbhw_lpc.c.obj
                0x00012374                USBHwRegisterEPIntHandler
 .text.USBHwRegisterDevIntHandler
                0x000123b4       0x1c CMakeFiles/main.dir/usbstack/src/usbhw_lpc.c.obj
                0x000123b4                USBHwRegisterDevIntHandler
 .text.USBHwRegisterFrameHandler
                0x000123d0       0x1c CMakeFiles/main.dir/usbstack/src/usbhw_lpc.c.obj
                0x000123d0                USBHwRegisterFrameHandler
 .text.USBHwSetAddress
                0x000123ec        0xc CMakeFiles/main.dir/usbstack/src/usbhw_lpc.c.obj
                0x000123ec                USBHwSetAddress
 .text.USBHwConnect
                0x000123f8        0xc CMakeFiles/main.dir/usbstack/src/usbhw_lpc.c.obj
                0x000123f8                USBHwConnect
 .text.USBHwNakIntEnable
                0x00012404        0x8 CMakeFiles/main.dir/usbstack/src/usbhw_lpc.c.obj
                0x00012404                USBHwNakIntEnable
 .text.USBHwEPGetStatus
                0x0001240c       0x10 CMakeFiles/main.dir/usbstack/src/usbhw_lpc.c.obj
                0x0001240c                USBHwEPGetStatus
 .text.USBHwEPStall
                0x0001241c       0x18 CMakeFiles/main.dir/usbstack/src/usbhw_lpc.c.obj
                0x0001241c                USBHwEPStall
 .text.USBHwEPWrite
                0x00012434       0xa0 CMakeFiles/main.dir/usbstack/src/usbhw_lpc.c.obj
                0x00012434                USBHwEPWrite
 .text.USBHwEPRead
                0x000124d4       0xdc CMakeFiles/main.dir/usbstack/src/usbhw_lpc.c.obj
                0x000124d4                USBHwEPRead
 .text.USBHwConfigDevice
                0x000125b0        0xc CMakeFiles/main.dir/usbstack/src/usbhw_lpc.c.obj
                0x000125b0                USBHwConfigDevice
 .text.USBHwISR
                0x000125bc       0xb8 CMakeFiles/main.dir/usbstack/src/usbhw_lpc.c.obj
                0x000125bc                USBHwISR
 .text.USBHwInit
                0x00012674       0x98 CMakeFiles/main.dir/usbstack/src/usbhw_lpc.c.obj
                0x00012674                USBHwInit
 .text          0x0001270c        0x0 CMakeFiles/main.dir/usbstack/src/usbinit.c.obj
 .text.HandleUsbReset
                0x0001270c        0x4 CMakeFiles/main.dir/usbstack/src/usbinit.c.obj
 .text.USBInit  0x00012710       0x4c CMakeFiles/main.dir/usbstack/src/usbinit.c.obj
                0x00012710                USBInit
 .text          0x0001275c        0x0 CMakeFiles/main.dir/usbstack/src/usbstdreq.c.obj
 .text.USBRegisterDescriptors
                0x0001275c        0xc CMakeFiles/main.dir/usbstack/src/usbstdreq.c.obj
                0x0001275c                USBRegisterDescriptors
 .text.USBGetDescriptor
                0x00012768       0x54 CMakeFiles/main.dir/usbstack/src/usbstdreq.c.obj
                0x00012768                USBGetDescriptor
 .text.USBHandleStandardRequest
                0x000127bc      0x17c CMakeFiles/main.dir/usbstack/src/usbstdreq.c.obj
                0x000127bc                USBHandleStandardRequest
 .text.USBRegisterCustomReqHandler
                0x00012938        0xc CMakeFiles/main.dir/usbstack/src/usbstdreq.c.obj
                0x00012938                USBRegisterCustomReqHandler
 .text          0x00012944       0x2c /opt/CodeSourcery/Sourcery_G++_Lite/bin/../lib/gcc/arm-none-eabi/4.5.2/thumb2/libgcc.a(_aeabi_uldivmod.o)
                0x00012944                __aeabi_uldivmod
 .text          0x00012970       0x60 /opt/CodeSourcery/Sourcery_G++_Lite/bin/../lib/gcc/arm-none-eabi/4.5.2/thumb2/libgcc.a(bpabi.o)
                0x00012970                __gnu_ldivmod_helper
                0x000129a0                __gnu_uldivmod_helper
 .text          0x000129d0        0x4 /opt/CodeSourcery/Sourcery_G++_Lite/bin/../lib/gcc/arm-none-eabi/4.5.2/thumb2/libgcc.a(_dvmd_tls.o)
                0x000129d0                __aeabi_ldiv0
                0x000129d0                __aeabi_idiv0
 .text          0x000129d4      0x360 /opt/CodeSourcery/Sourcery_G++_Lite/bin/../lib/gcc/arm-none-eabi/4.5.2/thumb2/libgcc.a(_divdi3.o)
                0x000129d4                __divdi3
 .text          0x00012d34      0x308 /opt/CodeSourcery/Sourcery_G++_Lite/bin/../lib/gcc/arm-none-eabi/4.5.2/thumb2/libgcc.a(_udivdi3.o)
                0x00012d34                __udivdi3
 *fill*         0x0001303c        0x4 00
 .text          0x00013040      0x278 /opt/CodeSourcery/Sourcery_G++_Lite/bin/../lib/gcc/arm-none-eabi/4.5.2/thumb2/libgcc.a(_udivsi3.o)
                0x00013040                __udivsi3
                0x00013040                __aeabi_uidiv
                0x0001329c                __aeabi_uidivmod
 .text          0x000132b8       0x64 /opt/CodeSourcery/Sourcery_G++_Lite/bin/../lib/gcc/arm-none-eabi/4.5.2/../../../../arm-none-eabi/lib/thumb2/libc.a(lib_a-memcmp.o)
                0x000132b8                memcmp
 .text          0x0001331c      0x150 /opt/CodeSourcery/Sourcery_G++_Lite/bin/../lib/gcc/arm-none-eabi/4.5.2/../../../../arm-none-eabi/lib/thumb2/libc.a(lib_a-memcpy.o)
                0x0001331c                memcpy
 .text          0x0001346c       0xb4 /opt/CodeSourcery/Sourcery_G++_Lite/bin/../lib/gcc/arm-none-eabi/4.5.2/../../../../arm-none-eabi/lib/thumb2/libc.a(lib_a-memset.o)
                0x0001346c                memset
 .text          0x00013520       0x94 /opt/CodeSourcery/Sourcery_G++_Lite/bin/../lib/gcc/arm-none-eabi/4.5.2/../../../../arm-none-eabi/lib/thumb2/libc.a(lib_a-sprintf.o)
                0x00013520                _sprintf_r
                0x00013564                sprintf
 .text          0x000135b4       0x48 /opt/CodeSourcery/Sourcery_G++_Lite/bin/../lib/gcc/arm-none-eabi/4.5.2/../../../../arm-none-eabi/lib/thumb2/libc.a(lib_a-strcat.o)
                0x000135b4                strcat
 .text          0x000135fc       0xbc /opt/CodeSourcery/Sourcery_G++_Lite/bin/../lib/gcc/arm-none-eabi/4.5.2/../../../../arm-none-eabi/lib/thumb2/libc.a(lib_a-strcpy.o)
                0x000135fc                strcpy
 .text          0x000136b8       0x78 /opt/CodeSourcery/Sourcery_G++_Lite/bin/../lib/gcc/arm-none-eabi/4.5.2/../../../../arm-none-eabi/lib/thumb2/libc.a(lib_a-strncpy.o)
                0x000136b8                strncpy
 .text          0x00013730     0x1640 /opt/CodeSourcery/Sourcery_G++_Lite/bin/../lib/gcc/arm-none-eabi/4.5.2/../../../../arm-none-eabi/lib/thumb2/libc.a(lib_a-svfprintf.o)
                0x00013730                _svfprintf_r
 .text          0x00014d70      0xfe8 /opt/CodeSourcery/Sourcery_G++_Lite/bin/../lib/gcc/arm-none-eabi/4.5.2/../../../../arm-none-eabi/lib/thumb2/libc.a(lib_a-dtoa.o)
                0x00014e9c                _dtoa_r
 .text          0x00015d58        0x0 /opt/CodeSourcery/Sourcery_G++_Lite/bin/../lib/gcc/arm-none-eabi/4.5.2/../../../../arm-none-eabi/lib/thumb2/libc.a(lib_a-impure.o)
 .text          0x00015d58       0xa0 /opt/CodeSourcery/Sourcery_G++_Lite/bin/../lib/gcc/arm-none-eabi/4.5.2/../../../../arm-none-eabi/lib/thumb2/libc.a(lib_a-locale.o)
                0x00015d58                _setlocale_r
                0x00015db4                __locale_charset
                0x00015dc0                __locale_mb_cur_max
                0x00015dcc                __locale_msgcharset
                0x00015dd4                __locale_cjk_lang
                0x00015dd8                _localeconv_r
                0x00015de0                setlocale
                0x00015df0                localeconv
 .text          0x00015df8       0x20 /opt/CodeSourcery/Sourcery_G++_Lite/bin/../lib/gcc/arm-none-eabi/4.5.2/../../../../arm-none-eabi/lib/thumb2/libc.a(lib_a-malloc.o)
                0x00015df8                malloc
                0x00015e08                free
 .text          0x00015e18      0x57c /opt/CodeSourcery/Sourcery_G++_Lite/bin/../lib/gcc/arm-none-eabi/4.5.2/../../../../arm-none-eabi/lib/thumb2/libc.a(lib_a-mallocr.o)
                0x00015e18                _malloc_r
 .text          0x00016394       0x8c /opt/CodeSourcery/Sourcery_G++_Lite/bin/../lib/gcc/arm-none-eabi/4.5.2/../../../../arm-none-eabi/lib/thumb2/libc.a(lib_a-memchr.o)
                0x00016394                memchr
 .text          0x00016420        0x8 /opt/CodeSourcery/Sourcery_G++_Lite/bin/../lib/gcc/arm-none-eabi/4.5.2/../../../../arm-none-eabi/lib/thumb2/libc.a(lib_a-mlock.o)
                0x00016420                __malloc_lock
                0x00016424                __malloc_unlock
 .text          0x00016428      0x91c /opt/CodeSourcery/Sourcery_G++_Lite/bin/../lib/gcc/arm-none-eabi/4.5.2/../../../../arm-none-eabi/lib/thumb2/libc.a(lib_a-mprec.o)
                0x00016428                _Balloc
                0x00016490                _Bfree
                0x000164c8                __multadd
                0x0001654c                __s2b
                0x000165e4                __hi0bits
                0x00016624                __lo0bits
                0x00016688                __i2b
                0x0001669c                __multiply
                0x000167c4                __pow5mult
                0x00016868                __lshift
                0x00016914                __mcmp
                0x00016950                __mdiff
                0x00016a48                __ulp
                0x00016a90                __b2d
                0x00016b3c                __d2b
                0x00016c04                __ratio
                0x00016c6c                _mprec_log10
                0x00016ca0                __copybits
                0x00016ce8                __any_on
 .text          0x00016d44       0x90 /opt/CodeSourcery/Sourcery_G++_Lite/bin/../lib/gcc/arm-none-eabi/4.5.2/../../../../arm-none-eabi/lib/thumb2/libc.a(lib_a-s_fpclassify.o)
                0x00016d44                __fpclassifyd
 .text          0x00016dd4      0x1dc /opt/CodeSourcery/Sourcery_G++_Lite/bin/../lib/gcc/arm-none-eabi/4.5.2/../../../../arm-none-eabi/lib/thumb2/libc.a(lib_a-strcmp.o)
                0x00016dd4                strcmp
 .text          0x00016fb0       0x60 /opt/CodeSourcery/Sourcery_G++_Lite/bin/../lib/gcc/arm-none-eabi/4.5.2/../../../../arm-none-eabi/lib/thumb2/libc.a(lib_a-strlen.o)
                0x00016fb0                strlen
 .text          0x00017010      0xbe8 /opt/CodeSourcery/Sourcery_G++_Lite/bin/../lib/gcc/arm-none-eabi/4.5.2/../../../../arm-none-eabi/lib/thumb2/libc.a(lib_a-svfiprintf.o)
                0x00017010                __ssprint_r
                0x00017118                _svfiprintf_r
 .text          0x00017bf8       0x5c /opt/CodeSourcery/Sourcery_G++_Lite/bin/../lib/gcc/arm-none-eabi/4.5.2/../../../../arm-none-eabi/lib/thumb2/libc.a(lib_a-callocr.o)
                0x00017bf8                _calloc_r
 .text          0x00017c54      0x240 /opt/CodeSourcery/Sourcery_G++_Lite/bin/../lib/gcc/arm-none-eabi/4.5.2/../../../../arm-none-eabi/lib/thumb2/libc.a(lib_a-freer.o)
                0x00017c54                _malloc_trim_r
                0x00017cfc                _free_r
 .text          0x00017e94       0xb4 /opt/CodeSourcery/Sourcery_G++_Lite/bin/../lib/gcc/arm-none-eabi/4.5.2/../../../../arm-none-eabi/lib/thumb2/libc.a(lib_a-memmove.o)
                0x00017e94                memmove
 .text          0x00017f48      0x41c /opt/CodeSourcery/Sourcery_G++_Lite/bin/../lib/gcc/arm-none-eabi/4.5.2/../../../../arm-none-eabi/lib/thumb2/libc.a(lib_a-reallocr.o)
                0x00017f48                _realloc_r
 .text          0x00018364      0x370 /opt/CodeSourcery/Sourcery_G++_Lite/bin/../lib/gcc/arm-none-eabi/4.5.2/thumb2/libgcc.a(_arm_addsubdf3.o)
                0x00018364                __aeabi_drsub
                0x0001836c                __aeabi_dsub
                0x0001836c                __subdf3
                0x00018370                __adddf3
                0x00018370                __aeabi_dadd
                0x000185e8                __aeabi_ui2d
                0x000185e8                __floatunsidf
                0x00018608                __floatsidf
                0x00018608                __aeabi_i2d
                0x0001862c                __extendsfdf2
                0x0001862c                __aeabi_f2d
                0x00018668                __aeabi_ul2d
                0x00018668                __floatundidf
                0x00018678                __floatdidf
                0x00018678                __aeabi_l2d
 .text          0x000186d4      0x424 /opt/CodeSourcery/Sourcery_G++_Lite/bin/../lib/gcc/arm-none-eabi/4.5.2/thumb2/libgcc.a(_arm_muldivdf3.o)
                0x000186d4                __aeabi_dmul
                0x000186d4                __muldf3
                0x00018928                __aeabi_ddiv
                0x00018928                __divdf3
 .text          0x00018af8      0x110 /opt/CodeSourcery/Sourcery_G++_Lite/bin/../lib/gcc/arm-none-eabi/4.5.2/thumb2/libgcc.a(_arm_cmpdf2.o)
                0x00018af8                __gtdf2
                0x00018af8                __gedf2
                0x00018b00                __ltdf2
                0x00018b00                __ledf2
                0x00018b08                __cmpdf2
                0x00018b08                __eqdf2
                0x00018b08                __nedf2
                0x00018b84                __aeabi_cdrcmple
                0x00018b94                __aeabi_cdcmple
                0x00018b94                __aeabi_cdcmpeq
                0x00018ba4                __aeabi_dcmpeq
                0x00018bb8                __aeabi_dcmplt
                0x00018bcc                __aeabi_dcmple
                0x00018be0                __aeabi_dcmpge
                0x00018bf4                __aeabi_dcmpgt
 .text          0x00018c08       0x50 /opt/CodeSourcery/Sourcery_G++_Lite/bin/../lib/gcc/arm-none-eabi/4.5.2/thumb2/libgcc.a(_arm_fixdfsi.o)
                0x00018c08                __fixdfsi
                0x00018c08                __aeabi_d2iz
 .text          0x00018c58        0x0 /opt/CodeSourcery/Sourcery_G++_Lite/bin/../lib/gcc/arm-none-eabi/4.5.2/thumb2/crtend.o
 .text          0x00018c58        0x0 /opt/CodeSourcery/Sourcery_G++_Lite/bin/../lib/gcc/arm-none-eabi/4.5.2/thumb2/crtn.o
 *(.rodata .rodata.*)
 .rodata.str1.4
                0x00018c58        0x8 CMakeFiles/main.dir/src/main.c.obj
 .rodata.ucExpectedStackBytes.6452
                0x00018c60       0x14 CMakeFiles/main.dir/mnt/dados/Works/ARM/code/openlpc-deps/basefiles_FreeRTOS/tasks.c.obj
 .rodata.str1.4
                0x00018c74       0x1f CMakeFiles/main.dir/mnt/dados/Works/ARM/code/openlpc-deps/basefiles_FreeRTOS/tasks.c.obj
                                 0x20 (size before relaxing)
 *fill*         0x00018c93        0x1 00
 .rodata.ulKernelPriority
                0x00018c94        0x4 CMakeFiles/main.dir/mnt/dados/Works/ARM/code/openlpc-deps/basefiles_FreeRTOS/portable/ARM_CM3/port.c.obj
                0x00018c94                ulKernelPriority
 .rodata.abDescriptors
                0x00018c98       0x7c CMakeFiles/main.dir/usbstack/src/usb_cdc.c.obj
 .rodata        0x00018d14       0x20 /opt/CodeSourcery/Sourcery_G++_Lite/bin/../lib/gcc/arm-none-eabi/4.5.2/../../../../arm-none-eabi/lib/thumb2/libc.a(lib_a-svfprintf.o)
 .rodata.str1.4
                0x00018d34       0x42 /opt/CodeSourcery/Sourcery_G++_Lite/bin/../lib/gcc/arm-none-eabi/4.5.2/../../../../arm-none-eabi/lib/thumb2/libc.a(lib_a-svfprintf.o)
                                 0x44 (size before relaxing)
 *fill*         0x00018d76        0x2 00
 .rodata.str1.4
                0x00018d78       0x10 /opt/CodeSourcery/Sourcery_G++_Lite/bin/../lib/gcc/arm-none-eabi/4.5.2/../../../../arm-none-eabi/lib/thumb2/libc.a(lib_a-dtoa.o)
                                 0x14 (size before relaxing)
 .rodata        0x00018d88        0x4 /opt/CodeSourcery/Sourcery_G++_Lite/bin/../lib/gcc/arm-none-eabi/4.5.2/../../../../arm-none-eabi/lib/thumb2/libc.a(lib_a-impure.o)
                0x00018d88                _global_impure_ptr
 .rodata.str1.4
                0x00018d8c        0x2 /opt/CodeSourcery/Sourcery_G++_Lite/bin/../lib/gcc/arm-none-eabi/4.5.2/../../../../arm-none-eabi/lib/thumb2/libc.a(lib_a-impure.o)
                                  0x4 (size before relaxing)
 *fill*         0x00018d8e        0x2 00
 .rodata.str1.4
                0x00018d90        0xc /opt/CodeSourcery/Sourcery_G++_Lite/bin/../lib/gcc/arm-none-eabi/4.5.2/../../../../arm-none-eabi/lib/thumb2/libc.a(lib_a-locale.o)
                                 0x14 (size before relaxing)
 *fill*         0x00018d9c        0x4 00
 .rodata        0x00018da0      0x128 /opt/CodeSourcery/Sourcery_G++_Lite/bin/../lib/gcc/arm-none-eabi/4.5.2/../../../../arm-none-eabi/lib/thumb2/libc.a(lib_a-mprec.o)
                0x00018db0                __mprec_tens
                0x00018e78                __mprec_bigtens
                0x00018ea0                __mprec_tinytens
 .rodata        0x00018ec8       0x20 /opt/CodeSourcery/Sourcery_G++_Lite/bin/../lib/gcc/arm-none-eabi/4.5.2/../../../../arm-none-eabi/lib/thumb2/libc.a(lib_a-svfiprintf.o)
 .rodata.str1.4
                0x00000000       0x30 /opt/CodeSourcery/Sourcery_G++_Lite/bin/../lib/gcc/arm-none-eabi/4.5.2/../../../../arm-none-eabi/lib/thumb2/libc.a(lib_a-svfiprintf.o)
                0x00018ee8                . = ALIGN (0x4)

.glue_7         0x00018ee8        0x0
 .glue_7        0x00000000        0x0 linker stubs

.glue_7t        0x00018ee8        0x0
 .glue_7t       0x00000000        0x0 linker stubs

.vfp11_veneer   0x00018ee8        0x0
 .vfp11_veneer  0x00000000        0x0 linker stubs

.v4_bx          0x00018ee8        0x0
 .v4_bx         0x00000000        0x0 linker stubs

.init           0x00018ee8        0xc
 .init          0x00018ee8        0x4 /opt/CodeSourcery/Sourcery_G++_Lite/bin/../lib/gcc/arm-none-eabi/4.5.2/thumb2/crti.o
                0x00018ee8                _init
 .init          0x00018eec        0x8 /opt/CodeSourcery/Sourcery_G++_Lite/bin/../lib/gcc/arm-none-eabi/4.5.2/thumb2/crtn.o

.fini           0x00018ef4        0xc
 .fini          0x00018ef4        0x4 /opt/CodeSourcery/Sourcery_G++_Lite/bin/../lib/gcc/arm-none-eabi/4.5.2/thumb2/crti.o
                0x00018ef4                _fini
 .fini          0x00018ef8        0x8 /opt/CodeSourcery/Sourcery_G++_Lite/bin/../lib/gcc/arm-none-eabi/4.5.2/thumb2/crtn.o

.ARM.extab      0x00018f00        0x0
 *(.ARM.extab* .gnu.linkonce.armextab.*)
 .ARM.extab     0x00018f00        0x0 /opt/CodeSourcery/Sourcery_G++_Lite/bin/../lib/gcc/arm-none-eabi/4.5.2/thumb2/libgcc.a(_divdi3.o)
 .ARM.extab     0x00018f00        0x0 /opt/CodeSourcery/Sourcery_G++_Lite/bin/../lib/gcc/arm-none-eabi/4.5.2/thumb2/libgcc.a(_udivdi3.o)
                0x00018f00                __exidx_start = .

.ARM.exidx      0x00018f00        0x8
 *(.ARM.exidx* .gnu.linkonce.armexidx.*)
 .ARM.exidx     0x00018f00        0x8 /opt/CodeSourcery/Sourcery_G++_Lite/bin/../lib/gcc/arm-none-eabi/4.5.2/thumb2/libgcc.a(_divdi3.o)
 .ARM.exidx     0x00018f08        0x0 /opt/CodeSourcery/Sourcery_G++_Lite/bin/../lib/gcc/arm-none-eabi/4.5.2/thumb2/libgcc.a(_udivdi3.o)
                                  0x8 (size before relaxing)
                0x00018f08                __exidx_end = .
                0x00018f08                _etext = .

.data_RAM2      0x2007c000        0x0 load address 0x00018f08
 FILL mask 0xff
 *(.data.$RAM2*)
 *(.data.$RamAHB32*)
                0x2007c000                . = ALIGN (0x4)

.uninit_RESERVED
 *(.bss.$RESERVED*)

.data           0x10000000      0x59c load address 0x00018f08
 FILL mask 0xff
                0x10000000                _data = .
 *(vtable)
 *(.data*)
 .data          0x10000000        0x0 /opt/CodeSourcery/Sourcery_G++_Lite/bin/../lib/gcc/arm-none-eabi/4.5.2/thumb2/crti.o
 .data          0x10000000        0x4 /opt/CodeSourcery/Sourcery_G++_Lite/bin/../lib/gcc/arm-none-eabi/4.5.2/thumb2/crtbegin.o
                0x10000000                __dso_handle
 .data          0x10000004        0x0 CMakeFiles/main.dir/src/main.c.obj
 .data          0x10000004        0x0 CMakeFiles/main.dir/mnt/dados/Works/ARM/code/openlpc-deps/basefiles_FreeRTOS/startup_lpc17xx.c.obj
 .data          0x10000004        0x0 CMakeFiles/main.dir/mnt/dados/Works/ARM/code/openlpc-deps/basefiles_FreeRTOS/syscalls.c.obj
 .data          0x10000004        0x0 CMakeFiles/main.dir/mnt/dados/Works/ARM/code/openlpc-deps/basefiles_FreeRTOS/tasks.c.obj
 .data.xNextTaskUnblockTime
                0x10000004        0x4 CMakeFiles/main.dir/mnt/dados/Works/ARM/code/openlpc-deps/basefiles_FreeRTOS/tasks.c.obj
 .data          0x10000008        0x0 CMakeFiles/main.dir/mnt/dados/Works/ARM/code/openlpc-deps/basefiles_FreeRTOS/queue.c.obj
 .data          0x10000008        0x0 CMakeFiles/main.dir/mnt/dados/Works/ARM/code/openlpc-deps/basefiles_FreeRTOS/timers.c.obj
 .data          0x10000008        0x0 CMakeFiles/main.dir/mnt/dados/Works/ARM/code/openlpc-deps/basefiles_FreeRTOS/croutine.c.obj
 .data          0x10000008        0x0 CMakeFiles/main.dir/mnt/dados/Works/ARM/code/openlpc-deps/basefiles_FreeRTOS/list.c.obj
 .data          0x10000008        0x0 CMakeFiles/main.dir/mnt/dados/Works/ARM/code/openlpc-deps/basefiles_FreeRTOS/portable/MemMang/heap_2.c.obj
 .data.xFreeBytesRemaining
                0x10000008        0x4 CMakeFiles/main.dir/mnt/dados/Works/ARM/code/openlpc-deps/basefiles_FreeRTOS/portable/MemMang/heap_2.c.obj
 .data          0x1000000c        0x0 CMakeFiles/main.dir/mnt/dados/Works/ARM/code/openlpc-deps/basefiles_FreeRTOS/portable/ARM_CM3/port.c.obj
 .data.uxCriticalNesting
                0x1000000c        0x4 CMakeFiles/main.dir/mnt/dados/Works/ARM/code/openlpc-deps/basefiles_FreeRTOS/portable/ARM_CM3/port.c.obj
 .data          0x10000010        0x0 CMakeFiles/main.dir/mnt/dados/Works/ARM/code/openlpc-deps/CMSIS/src/core_cm3.c.obj
 .data          0x10000010        0x0 CMakeFiles/main.dir/mnt/dados/Works/ARM/code/openlpc-deps/CMSIS/src/system_lpc17xx.c.obj
 .data.SystemCoreClock
                0x10000010        0x4 CMakeFiles/main.dir/mnt/dados/Works/ARM/code/openlpc-deps/CMSIS/src/system_lpc17xx.c.obj
                0x10000010                SystemCoreClock
 .data          0x10000014        0x0 CMakeFiles/main.dir/usbstack/src/usb_cdc.c.obj
 .data.LineCoding
                0x10000014        0x8 CMakeFiles/main.dir/usbstack/src/usb_cdc.c.obj
 .data          0x1000001c        0x0 CMakeFiles/main.dir/usbstack/src/usbcontrol.c.obj
 .data          0x1000001c        0x0 CMakeFiles/main.dir/usbstack/src/usbhw_lpc.c.obj
 .data          0x1000001c        0x0 CMakeFiles/main.dir/usbstack/src/usbinit.c.obj
 .data          0x1000001c        0x0 CMakeFiles/main.dir/usbstack/src/usbstdreq.c.obj
 .data          0x1000001c        0x0 /opt/CodeSourcery/Sourcery_G++_Lite/bin/../lib/gcc/arm-none-eabi/4.5.2/thumb2/libgcc.a(_aeabi_uldivmod.o)
 .data          0x1000001c        0x0 /opt/CodeSourcery/Sourcery_G++_Lite/bin/../lib/gcc/arm-none-eabi/4.5.2/thumb2/libgcc.a(bpabi.o)
 .data          0x1000001c        0x0 /opt/CodeSourcery/Sourcery_G++_Lite/bin/../lib/gcc/arm-none-eabi/4.5.2/thumb2/libgcc.a(_dvmd_tls.o)
 .data          0x1000001c        0x0 /opt/CodeSourcery/Sourcery_G++_Lite/bin/../lib/gcc/arm-none-eabi/4.5.2/thumb2/libgcc.a(_divdi3.o)
 .data          0x1000001c        0x0 /opt/CodeSourcery/Sourcery_G++_Lite/bin/../lib/gcc/arm-none-eabi/4.5.2/thumb2/libgcc.a(_udivdi3.o)
 .data          0x1000001c        0x0 /opt/CodeSourcery/Sourcery_G++_Lite/bin/../lib/gcc/arm-none-eabi/4.5.2/thumb2/libgcc.a(_udivsi3.o)
 .data          0x1000001c        0x0 /opt/CodeSourcery/Sourcery_G++_Lite/bin/../lib/gcc/arm-none-eabi/4.5.2/../../../../arm-none-eabi/lib/thumb2/libc.a(lib_a-memcmp.o)
 .data          0x1000001c        0x0 /opt/CodeSourcery/Sourcery_G++_Lite/bin/../lib/gcc/arm-none-eabi/4.5.2/../../../../arm-none-eabi/lib/thumb2/libc.a(lib_a-memcpy.o)
 .data          0x1000001c        0x0 /opt/CodeSourcery/Sourcery_G++_Lite/bin/../lib/gcc/arm-none-eabi/4.5.2/../../../../arm-none-eabi/lib/thumb2/libc.a(lib_a-memset.o)
 .data          0x1000001c        0x0 /opt/CodeSourcery/Sourcery_G++_Lite/bin/../lib/gcc/arm-none-eabi/4.5.2/../../../../arm-none-eabi/lib/thumb2/libc.a(lib_a-sprintf.o)
 .data          0x1000001c        0x0 /opt/CodeSourcery/Sourcery_G++_Lite/bin/../lib/gcc/arm-none-eabi/4.5.2/../../../../arm-none-eabi/lib/thumb2/libc.a(lib_a-strcat.o)
 .data          0x1000001c        0x0 /opt/CodeSourcery/Sourcery_G++_Lite/bin/../lib/gcc/arm-none-eabi/4.5.2/../../../../arm-none-eabi/lib/thumb2/libc.a(lib_a-strcpy.o)
 .data          0x1000001c        0x0 /opt/CodeSourcery/Sourcery_G++_Lite/bin/../lib/gcc/arm-none-eabi/4.5.2/../../../../arm-none-eabi/lib/thumb2/libc.a(lib_a-strncpy.o)
 .data          0x1000001c        0x0 /opt/CodeSourcery/Sourcery_G++_Lite/bin/../lib/gcc/arm-none-eabi/4.5.2/../../../../arm-none-eabi/lib/thumb2/libc.a(lib_a-svfprintf.o)
 .data          0x1000001c        0x0 /opt/CodeSourcery/Sourcery_G++_Lite/bin/../lib/gcc/arm-none-eabi/4.5.2/../../../../arm-none-eabi/lib/thumb2/libc.a(lib_a-dtoa.o)
 .data          0x1000001c       0xf4 /opt/CodeSourcery/Sourcery_G++_Lite/bin/../lib/gcc/arm-none-eabi/4.5.2/../../../../arm-none-eabi/lib/thumb2/libc.a(lib_a-impure.o)
                0x1000001c                _impure_ptr
 .data          0x10000110       0x7c /opt/CodeSourcery/Sourcery_G++_Lite/bin/../lib/gcc/arm-none-eabi/4.5.2/../../../../arm-none-eabi/lib/thumb2/libc.a(lib_a-locale.o)
                0x10000130                __mb_cur_max
 .data          0x1000018c        0x0 /opt/CodeSourcery/Sourcery_G++_Lite/bin/../lib/gcc/arm-none-eabi/4.5.2/../../../../arm-none-eabi/lib/thumb2/libc.a(lib_a-malloc.o)
 .data          0x1000018c      0x410 /opt/CodeSourcery/Sourcery_G++_Lite/bin/../lib/gcc/arm-none-eabi/4.5.2/../../../../arm-none-eabi/lib/thumb2/libc.a(lib_a-mallocr.o)
                0x1000018c                __malloc_av_
                0x10000594                __malloc_sbrk_base
                0x10000598                __malloc_trim_threshold
 .data          0x1000059c        0x0 /opt/CodeSourcery/Sourcery_G++_Lite/bin/../lib/gcc/arm-none-eabi/4.5.2/../../../../arm-none-eabi/lib/thumb2/libc.a(lib_a-memchr.o)
 .data          0x1000059c        0x0 /opt/CodeSourcery/Sourcery_G++_Lite/bin/../lib/gcc/arm-none-eabi/4.5.2/../../../../arm-none-eabi/lib/thumb2/libc.a(lib_a-mlock.o)
 .data          0x1000059c        0x0 /opt/CodeSourcery/Sourcery_G++_Lite/bin/../lib/gcc/arm-none-eabi/4.5.2/../../../../arm-none-eabi/lib/thumb2/libc.a(lib_a-mprec.o)
 .data          0x1000059c        0x0 /opt/CodeSourcery/Sourcery_G++_Lite/bin/../lib/gcc/arm-none-eabi/4.5.2/../../../../arm-none-eabi/lib/thumb2/libc.a(lib_a-s_fpclassify.o)
 .data          0x1000059c        0x0 /opt/CodeSourcery/Sourcery_G++_Lite/bin/../lib/gcc/arm-none-eabi/4.5.2/../../../../arm-none-eabi/lib/thumb2/libc.a(lib_a-strcmp.o)
 .data          0x1000059c        0x0 /opt/CodeSourcery/Sourcery_G++_Lite/bin/../lib/gcc/arm-none-eabi/4.5.2/../../../../arm-none-eabi/lib/thumb2/libc.a(lib_a-strlen.o)
 .data          0x1000059c        0x0 /opt/CodeSourcery/Sourcery_G++_Lite/bin/../lib/gcc/arm-none-eabi/4.5.2/../../../../arm-none-eabi/lib/thumb2/libc.a(lib_a-svfiprintf.o)
 .data          0x1000059c        0x0 /opt/CodeSourcery/Sourcery_G++_Lite/bin/../lib/gcc/arm-none-eabi/4.5.2/../../../../arm-none-eabi/lib/thumb2/libc.a(lib_a-callocr.o)
 .data          0x1000059c        0x0 /opt/CodeSourcery/Sourcery_G++_Lite/bin/../lib/gcc/arm-none-eabi/4.5.2/../../../../arm-none-eabi/lib/thumb2/libc.a(lib_a-freer.o)
 .data          0x1000059c        0x0 /opt/CodeSourcery/Sourcery_G++_Lite/bin/../lib/gcc/arm-none-eabi/4.5.2/../../../../arm-none-eabi/lib/thumb2/libc.a(lib_a-memmove.o)
 .data          0x1000059c        0x0 /opt/CodeSourcery/Sourcery_G++_Lite/bin/../lib/gcc/arm-none-eabi/4.5.2/../../../../arm-none-eabi/lib/thumb2/libc.a(lib_a-reallocr.o)
 .data          0x1000059c        0x0 /opt/CodeSourcery/Sourcery_G++_Lite/bin/../lib/gcc/arm-none-eabi/4.5.2/thumb2/libgcc.a(_arm_addsubdf3.o)
 .data          0x1000059c        0x0 /opt/CodeSourcery/Sourcery_G++_Lite/bin/../lib/gcc/arm-none-eabi/4.5.2/thumb2/libgcc.a(_arm_muldivdf3.o)
 .data          0x1000059c        0x0 /opt/CodeSourcery/Sourcery_G++_Lite/bin/../lib/gcc/arm-none-eabi/4.5.2/thumb2/libgcc.a(_arm_cmpdf2.o)
 .data          0x1000059c        0x0 /opt/CodeSourcery/Sourcery_G++_Lite/bin/../lib/gcc/arm-none-eabi/4.5.2/thumb2/libgcc.a(_arm_fixdfsi.o)
 .data          0x1000059c        0x0 /opt/CodeSourcery/Sourcery_G++_Lite/bin/../lib/gcc/arm-none-eabi/4.5.2/thumb2/crtend.o
 .data          0x1000059c        0x0 /opt/CodeSourcery/Sourcery_G++_Lite/bin/../lib/gcc/arm-none-eabi/4.5.2/thumb2/crtn.o
                0x1000059c                . = ALIGN (0x4)
                0x1000059c                _edata = .

.init_array     0x1000059c        0x4 load address 0x000194a4
 .init_array    0x1000059c        0x4 /opt/CodeSourcery/Sourcery_G++_Lite/bin/../lib/gcc/arm-none-eabi/4.5.2/thumb2/crtbegin.o

.fini_array     0x100005a0        0x4 load address 0x000194a8
 .fini_array    0x100005a0        0x4 /opt/CodeSourcery/Sourcery_G++_Lite/bin/../lib/gcc/arm-none-eabi/4.5.2/thumb2/crtbegin.o

.jcr            0x100005a4        0x4 load address 0x000194ac
 .jcr           0x100005a4        0x0 /opt/CodeSourcery/Sourcery_G++_Lite/bin/../lib/gcc/arm-none-eabi/4.5.2/thumb2/crtbegin.o
 .jcr           0x100005a4        0x4 /opt/CodeSourcery/Sourcery_G++_Lite/bin/../lib/gcc/arm-none-eabi/4.5.2/thumb2/crtend.o

.bss_RAM2       0x2007c000        0x0
 *(.bss.$RAM2*)
 *(.bss.$RamAHB32*)
                0x2007c000                . = ALIGN (0x4)

.bss            0x100005a8     0x4f3c
                0x100005a8                _bss = .
 *(.bss*)
 .bss           0x100005a8        0x0 /opt/CodeSourcery/Sourcery_G++_Lite/bin/../lib/gcc/arm-none-eabi/4.5.2/thumb2/crti.o
 .bss           0x100005a8        0x1 /opt/CodeSourcery/Sourcery_G++_Lite/bin/../lib/gcc/arm-none-eabi/4.5.2/thumb2/crtbegin.o
 .bss           0x100005a9        0x0 CMakeFiles/main.dir/src/main.c.obj
 .bss           0x100005a9        0x0 CMakeFiles/main.dir/mnt/dados/Works/ARM/code/openlpc-deps/basefiles_FreeRTOS/startup_lpc17xx.c.obj
 .bss           0x100005a9        0x0 CMakeFiles/main.dir/mnt/dados/Works/ARM/code/openlpc-deps/basefiles_FreeRTOS/syscalls.c.obj
 .bss           0x100005a9        0x0 CMakeFiles/main.dir/mnt/dados/Works/ARM/code/openlpc-deps/basefiles_FreeRTOS/tasks.c.obj
 *fill*         0x100005a9        0x3 00
 .bss.uxMissedTicks
                0x100005ac        0x4 CMakeFiles/main.dir/mnt/dados/Works/ARM/code/openlpc-deps/basefiles_FreeRTOS/tasks.c.obj
 .bss.xSuspendedTaskList
                0x100005b0       0x14 CMakeFiles/main.dir/mnt/dados/Works/ARM/code/openlpc-deps/basefiles_FreeRTOS/tasks.c.obj
 .bss.pxDelayedTaskList
                0x100005c4        0x4 CMakeFiles/main.dir/mnt/dados/Works/ARM/code/openlpc-deps/basefiles_FreeRTOS/tasks.c.obj
 .bss.xSchedulerRunning
                0x100005c8        0x4 CMakeFiles/main.dir/mnt/dados/Works/ARM/code/openlpc-deps/basefiles_FreeRTOS/tasks.c.obj
 .bss.uxTasksDeleted
                0x100005cc        0x4 CMakeFiles/main.dir/mnt/dados/Works/ARM/code/openlpc-deps/basefiles_FreeRTOS/tasks.c.obj
 .bss.xTasksWaitingTermination
                0x100005d0       0x14 CMakeFiles/main.dir/mnt/dados/Works/ARM/code/openlpc-deps/basefiles_FreeRTOS/tasks.c.obj
 .bss.xDelayedTaskList2
                0x100005e4       0x14 CMakeFiles/main.dir/mnt/dados/Works/ARM/code/openlpc-deps/basefiles_FreeRTOS/tasks.c.obj
 .bss.pcStatusString.6527
                0x100005f8       0x34 CMakeFiles/main.dir/mnt/dados/Works/ARM/code/openlpc-deps/basefiles_FreeRTOS/tasks.c.obj
 .bss.uxTopReadyPriority
                0x1000062c        0x4 CMakeFiles/main.dir/mnt/dados/Works/ARM/code/openlpc-deps/basefiles_FreeRTOS/tasks.c.obj
 .bss.pxReadyTasksLists
                0x10000630       0x64 CMakeFiles/main.dir/mnt/dados/Works/ARM/code/openlpc-deps/basefiles_FreeRTOS/tasks.c.obj
 .bss.uxSchedulerSuspended
                0x10000694        0x4 CMakeFiles/main.dir/mnt/dados/Works/ARM/code/openlpc-deps/basefiles_FreeRTOS/tasks.c.obj
 .bss.pxCurrentTCB
                0x10000698        0x4 CMakeFiles/main.dir/mnt/dados/Works/ARM/code/openlpc-deps/basefiles_FreeRTOS/tasks.c.obj
                0x10000698                pxCurrentTCB
 .bss.xPendingReadyList
                0x1000069c       0x14 CMakeFiles/main.dir/mnt/dados/Works/ARM/code/openlpc-deps/basefiles_FreeRTOS/tasks.c.obj
 .bss.xNumOfOverflows
                0x100006b0        0x4 CMakeFiles/main.dir/mnt/dados/Works/ARM/code/openlpc-deps/basefiles_FreeRTOS/tasks.c.obj
 .bss.xTickCount
                0x100006b4        0x4 CMakeFiles/main.dir/mnt/dados/Works/ARM/code/openlpc-deps/basefiles_FreeRTOS/tasks.c.obj
 .bss.pxOverflowDelayedTaskList
                0x100006b8        0x4 CMakeFiles/main.dir/mnt/dados/Works/ARM/code/openlpc-deps/basefiles_FreeRTOS/tasks.c.obj
 .bss.uxTaskNumber
                0x100006bc        0x4 CMakeFiles/main.dir/mnt/dados/Works/ARM/code/openlpc-deps/basefiles_FreeRTOS/tasks.c.obj
 .bss.xDelayedTaskList1
                0x100006c0       0x14 CMakeFiles/main.dir/mnt/dados/Works/ARM/code/openlpc-deps/basefiles_FreeRTOS/tasks.c.obj
 .bss.xMissedYield
                0x100006d4        0x4 CMakeFiles/main.dir/mnt/dados/Works/ARM/code/openlpc-deps/basefiles_FreeRTOS/tasks.c.obj
 .bss.uxCurrentNumberOfTasks
                0x100006d8        0x4 CMakeFiles/main.dir/mnt/dados/Works/ARM/code/openlpc-deps/basefiles_FreeRTOS/tasks.c.obj
 .bss.uxTopUsedPriority
                0x100006dc        0x4 CMakeFiles/main.dir/mnt/dados/Works/ARM/code/openlpc-deps/basefiles_FreeRTOS/tasks.c.obj
 .bss           0x100006e0        0x0 CMakeFiles/main.dir/mnt/dados/Works/ARM/code/openlpc-deps/basefiles_FreeRTOS/queue.c.obj
 .bss           0x100006e0        0x0 CMakeFiles/main.dir/mnt/dados/Works/ARM/code/openlpc-deps/basefiles_FreeRTOS/timers.c.obj
 .bss           0x100006e0        0x0 CMakeFiles/main.dir/mnt/dados/Works/ARM/code/openlpc-deps/basefiles_FreeRTOS/croutine.c.obj
 .bss.xDelayedCoRoutineList1
                0x100006e0       0x14 CMakeFiles/main.dir/mnt/dados/Works/ARM/code/openlpc-deps/basefiles_FreeRTOS/croutine.c.obj
 .bss.xPassedTicks
                0x100006f4        0x4 CMakeFiles/main.dir/mnt/dados/Works/ARM/code/openlpc-deps/basefiles_FreeRTOS/croutine.c.obj
 .bss.xPendingReadyCoRoutineList
                0x100006f8       0x14 CMakeFiles/main.dir/mnt/dados/Works/ARM/code/openlpc-deps/basefiles_FreeRTOS/croutine.c.obj
 .bss.pxCurrentCoRoutine
                0x1000070c        0x4 CMakeFiles/main.dir/mnt/dados/Works/ARM/code/openlpc-deps/basefiles_FreeRTOS/croutine.c.obj
                0x1000070c                pxCurrentCoRoutine
 .bss.xDelayedCoRoutineList2
                0x10000710       0x14 CMakeFiles/main.dir/mnt/dados/Works/ARM/code/openlpc-deps/basefiles_FreeRTOS/croutine.c.obj
 .bss.xCoRoutineTickCount
                0x10000724        0x4 CMakeFiles/main.dir/mnt/dados/Works/ARM/code/openlpc-deps/basefiles_FreeRTOS/croutine.c.obj
 .bss.xLastTickCount
                0x10000728        0x4 CMakeFiles/main.dir/mnt/dados/Works/ARM/code/openlpc-deps/basefiles_FreeRTOS/croutine.c.obj
 .bss.pxDelayedCoRoutineList
                0x1000072c        0x4 CMakeFiles/main.dir/mnt/dados/Works/ARM/code/openlpc-deps/basefiles_FreeRTOS/croutine.c.obj
 .bss.pxReadyCoRoutineLists
                0x10000730       0x28 CMakeFiles/main.dir/mnt/dados/Works/ARM/code/openlpc-deps/basefiles_FreeRTOS/croutine.c.obj
 .bss.uxTopCoRoutineReadyPriority
                0x10000758        0x4 CMakeFiles/main.dir/mnt/dados/Works/ARM/code/openlpc-deps/basefiles_FreeRTOS/croutine.c.obj
 .bss.pxOverflowDelayedCoRoutineList
                0x1000075c        0x4 CMakeFiles/main.dir/mnt/dados/Works/ARM/code/openlpc-deps/basefiles_FreeRTOS/croutine.c.obj
 .bss           0x10000760        0x0 CMakeFiles/main.dir/mnt/dados/Works/ARM/code/openlpc-deps/basefiles_FreeRTOS/list.c.obj
 .bss           0x10000760        0x0 CMakeFiles/main.dir/mnt/dados/Works/ARM/code/openlpc-deps/basefiles_FreeRTOS/portable/MemMang/heap_2.c.obj
 .bss.xHeap     0x10000760     0x4c00 CMakeFiles/main.dir/mnt/dados/Works/ARM/code/openlpc-deps/basefiles_FreeRTOS/portable/MemMang/heap_2.c.obj
 .bss.xStart    0x10005360        0x8 CMakeFiles/main.dir/mnt/dados/Works/ARM/code/openlpc-deps/basefiles_FreeRTOS/portable/MemMang/heap_2.c.obj
 .bss.xHeapHasBeenInitialised.5390
                0x10005368        0x4 CMakeFiles/main.dir/mnt/dados/Works/ARM/code/openlpc-deps/basefiles_FreeRTOS/portable/MemMang/heap_2.c.obj
 .bss.xEnd      0x1000536c        0x8 CMakeFiles/main.dir/mnt/dados/Works/ARM/code/openlpc-deps/basefiles_FreeRTOS/portable/MemMang/heap_2.c.obj
 .bss           0x10005374        0x0 CMakeFiles/main.dir/mnt/dados/Works/ARM/code/openlpc-deps/basefiles_FreeRTOS/portable/ARM_CM3/port.c.obj
 .bss           0x10005374        0x0 CMakeFiles/main.dir/mnt/dados/Works/ARM/code/openlpc-deps/CMSIS/src/core_cm3.c.obj
 .bss           0x10005374        0x0 CMakeFiles/main.dir/mnt/dados/Works/ARM/code/openlpc-deps/CMSIS/src/system_lpc17xx.c.obj
 .bss           0x10005374        0x0 CMakeFiles/main.dir/usbstack/src/usb_cdc.c.obj
 .bss.abBulkBuf
                0x10005374       0x40 CMakeFiles/main.dir/usbstack/src/usb_cdc.c.obj
 .bss.xCharsForTx
                0x100053b4        0x4 CMakeFiles/main.dir/usbstack/src/usb_cdc.c.obj
 .bss.xRxedChars
                0x100053b8        0x4 CMakeFiles/main.dir/usbstack/src/usb_cdc.c.obj
 .bss.abClassReqData
                0x100053bc        0x8 CMakeFiles/main.dir/usbstack/src/usb_cdc.c.obj
 .bss           0x100053c4        0x0 CMakeFiles/main.dir/usbstack/src/usbcontrol.c.obj
 .bss.apfnReqHandlers
                0x100053c4       0x10 CMakeFiles/main.dir/usbstack/src/usbcontrol.c.obj
 .bss.apbDataStore
                0x100053d4       0x10 CMakeFiles/main.dir/usbstack/src/usbcontrol.c.obj
 .bss.Setup     0x100053e4        0x8 CMakeFiles/main.dir/usbstack/src/usbcontrol.c.obj
 .bss.iResidue  0x100053ec        0x4 CMakeFiles/main.dir/usbstack/src/usbcontrol.c.obj
 .bss.pbData    0x100053f0        0x4 CMakeFiles/main.dir/usbstack/src/usbcontrol.c.obj
 .bss.iLen      0x100053f4        0x4 CMakeFiles/main.dir/usbstack/src/usbcontrol.c.obj
 .bss           0x100053f8        0x0 CMakeFiles/main.dir/usbstack/src/usbhw_lpc.c.obj
 .bss._pfnFrameHandler
                0x100053f8        0x4 CMakeFiles/main.dir/usbstack/src/usbhw_lpc.c.obj
 .bss._pfnDevIntHandler
                0x100053fc        0x4 CMakeFiles/main.dir/usbstack/src/usbhw_lpc.c.obj
 .bss._apfnEPIntHandlers
                0x10005400       0x40 CMakeFiles/main.dir/usbstack/src/usbhw_lpc.c.obj
 .bss           0x10005440        0x0 CMakeFiles/main.dir/usbstack/src/usbinit.c.obj
 .bss.abStdReqData
                0x10005440        0x8 CMakeFiles/main.dir/usbstack/src/usbinit.c.obj
 .bss           0x10005448        0x0 CMakeFiles/main.dir/usbstack/src/usbstdreq.c.obj
 .bss.pfnHandleCustomReq
                0x10005448        0x4 CMakeFiles/main.dir/usbstack/src/usbstdreq.c.obj
 .bss.pabDescrip
                0x1000544c        0x4 CMakeFiles/main.dir/usbstack/src/usbstdreq.c.obj
 .bss.bConfiguration
                0x10005450        0x1 CMakeFiles/main.dir/usbstack/src/usbstdreq.c.obj
 .bss           0x10005451        0x0 /opt/CodeSourcery/Sourcery_G++_Lite/bin/../lib/gcc/arm-none-eabi/4.5.2/thumb2/libgcc.a(_aeabi_uldivmod.o)
 .bss           0x10005451        0x0 /opt/CodeSourcery/Sourcery_G++_Lite/bin/../lib/gcc/arm-none-eabi/4.5.2/thumb2/libgcc.a(bpabi.o)
 .bss           0x10005451        0x0 /opt/CodeSourcery/Sourcery_G++_Lite/bin/../lib/gcc/arm-none-eabi/4.5.2/thumb2/libgcc.a(_dvmd_tls.o)
 .bss           0x10005451        0x0 /opt/CodeSourcery/Sourcery_G++_Lite/bin/../lib/gcc/arm-none-eabi/4.5.2/thumb2/libgcc.a(_divdi3.o)
 .bss           0x10005451        0x0 /opt/CodeSourcery/Sourcery_G++_Lite/bin/../lib/gcc/arm-none-eabi/4.5.2/thumb2/libgcc.a(_udivdi3.o)
 .bss           0x10005451        0x0 /opt/CodeSourcery/Sourcery_G++_Lite/bin/../lib/gcc/arm-none-eabi/4.5.2/thumb2/libgcc.a(_udivsi3.o)
 .bss           0x10005451        0x0 /opt/CodeSourcery/Sourcery_G++_Lite/bin/../lib/gcc/arm-none-eabi/4.5.2/../../../../arm-none-eabi/lib/thumb2/libc.a(lib_a-memcmp.o)
 .bss           0x10005451        0x0 /opt/CodeSourcery/Sourcery_G++_Lite/bin/../lib/gcc/arm-none-eabi/4.5.2/../../../../arm-none-eabi/lib/thumb2/libc.a(lib_a-memcpy.o)
 .bss           0x10005451        0x0 /opt/CodeSourcery/Sourcery_G++_Lite/bin/../lib/gcc/arm-none-eabi/4.5.2/../../../../arm-none-eabi/lib/thumb2/libc.a(lib_a-memset.o)
 .bss           0x10005451        0x0 /opt/CodeSourcery/Sourcery_G++_Lite/bin/../lib/gcc/arm-none-eabi/4.5.2/../../../../arm-none-eabi/lib/thumb2/libc.a(lib_a-sprintf.o)
 .bss           0x10005451        0x0 /opt/CodeSourcery/Sourcery_G++_Lite/bin/../lib/gcc/arm-none-eabi/4.5.2/../../../../arm-none-eabi/lib/thumb2/libc.a(lib_a-strcat.o)
 .bss           0x10005451        0x0 /opt/CodeSourcery/Sourcery_G++_Lite/bin/../lib/gcc/arm-none-eabi/4.5.2/../../../../arm-none-eabi/lib/thumb2/libc.a(lib_a-strcpy.o)
 .bss           0x10005451        0x0 /opt/CodeSourcery/Sourcery_G++_Lite/bin/../lib/gcc/arm-none-eabi/4.5.2/../../../../arm-none-eabi/lib/thumb2/libc.a(lib_a-strncpy.o)
 .bss           0x10005451        0x0 /opt/CodeSourcery/Sourcery_G++_Lite/bin/../lib/gcc/arm-none-eabi/4.5.2/../../../../arm-none-eabi/lib/thumb2/libc.a(lib_a-svfprintf.o)
 .bss           0x10005451        0x0 /opt/CodeSourcery/Sourcery_G++_Lite/bin/../lib/gcc/arm-none-eabi/4.5.2/../../../../arm-none-eabi/lib/thumb2/libc.a(lib_a-dtoa.o)
 .bss           0x10005451        0x0 /opt/CodeSourcery/Sourcery_G++_Lite/bin/../lib/gcc/arm-none-eabi/4.5.2/../../../../arm-none-eabi/lib/thumb2/libc.a(lib_a-impure.o)
 *fill*         0x10005451        0x3 00
 .bss           0x10005454        0xc /opt/CodeSourcery/Sourcery_G++_Lite/bin/../lib/gcc/arm-none-eabi/4.5.2/../../../../arm-none-eabi/lib/thumb2/libc.a(lib_a-locale.o)
                0x10005454                __nlocale_changed
                0x10005458                __mlocale_changed
                0x1000545c                _PathLocale
 .bss           0x10005460        0x0 /opt/CodeSourcery/Sourcery_G++_Lite/bin/../lib/gcc/arm-none-eabi/4.5.2/../../../../arm-none-eabi/lib/thumb2/libc.a(lib_a-malloc.o)
 .bss           0x10005460       0x34 /opt/CodeSourcery/Sourcery_G++_Lite/bin/../lib/gcc/arm-none-eabi/4.5.2/../../../../arm-none-eabi/lib/thumb2/libc.a(lib_a-mallocr.o)
                0x10005460                __malloc_top_pad
                0x10005464                __malloc_current_mallinfo
                0x1000548c                __malloc_max_sbrked_mem
                0x10005490                __malloc_max_total_mem
 .bss           0x10005494        0x0 /opt/CodeSourcery/Sourcery_G++_Lite/bin/../lib/gcc/arm-none-eabi/4.5.2/../../../../arm-none-eabi/lib/thumb2/libc.a(lib_a-memchr.o)
 .bss           0x10005494        0x0 /opt/CodeSourcery/Sourcery_G++_Lite/bin/../lib/gcc/arm-none-eabi/4.5.2/../../../../arm-none-eabi/lib/thumb2/libc.a(lib_a-mlock.o)
 .bss           0x10005494        0x0 /opt/CodeSourcery/Sourcery_G++_Lite/bin/../lib/gcc/arm-none-eabi/4.5.2/../../../../arm-none-eabi/lib/thumb2/libc.a(lib_a-mprec.o)
 .bss           0x10005494        0x0 /opt/CodeSourcery/Sourcery_G++_Lite/bin/../lib/gcc/arm-none-eabi/4.5.2/../../../../arm-none-eabi/lib/thumb2/libc.a(lib_a-s_fpclassify.o)
 .bss           0x10005494        0x0 /opt/CodeSourcery/Sourcery_G++_Lite/bin/../lib/gcc/arm-none-eabi/4.5.2/../../../../arm-none-eabi/lib/thumb2/libc.a(lib_a-strcmp.o)
 .bss           0x10005494        0x0 /opt/CodeSourcery/Sourcery_G++_Lite/bin/../lib/gcc/arm-none-eabi/4.5.2/../../../../arm-none-eabi/lib/thumb2/libc.a(lib_a-strlen.o)
 .bss           0x10005494        0x0 /opt/CodeSourcery/Sourcery_G++_Lite/bin/../lib/gcc/arm-none-eabi/4.5.2/../../../../arm-none-eabi/lib/thumb2/libc.a(lib_a-svfiprintf.o)
 .bss           0x10005494        0x0 /opt/CodeSourcery/Sourcery_G++_Lite/bin/../lib/gcc/arm-none-eabi/4.5.2/../../../../arm-none-eabi/lib/thumb2/libc.a(lib_a-callocr.o)
 .bss           0x10005494        0x0 /opt/CodeSourcery/Sourcery_G++_Lite/bin/../lib/gcc/arm-none-eabi/4.5.2/../../../../arm-none-eabi/lib/thumb2/libc.a(lib_a-freer.o)
 .bss           0x10005494        0x0 /opt/CodeSourcery/Sourcery_G++_Lite/bin/../lib/gcc/arm-none-eabi/4.5.2/../../../../arm-none-eabi/lib/thumb2/libc.a(lib_a-memmove.o)
 .bss           0x10005494        0x0 /opt/CodeSourcery/Sourcery_G++_Lite/bin/../lib/gcc/arm-none-eabi/4.5.2/../../../../arm-none-eabi/lib/thumb2/libc.a(lib_a-reallocr.o)
 .bss           0x10005494        0x0 /opt/CodeSourcery/Sourcery_G++_Lite/bin/../lib/gcc/arm-none-eabi/4.5.2/thumb2/libgcc.a(_arm_addsubdf3.o)
 .bss           0x10005494        0x0 /opt/CodeSourcery/Sourcery_G++_Lite/bin/../lib/gcc/arm-none-eabi/4.5.2/thumb2/libgcc.a(_arm_muldivdf3.o)
 .bss           0x10005494        0x0 /opt/CodeSourcery/Sourcery_G++_Lite/bin/../lib/gcc/arm-none-eabi/4.5.2/thumb2/libgcc.a(_arm_cmpdf2.o)
 .bss           0x10005494        0x0 /opt/CodeSourcery/Sourcery_G++_Lite/bin/../lib/gcc/arm-none-eabi/4.5.2/thumb2/libgcc.a(_arm_fixdfsi.o)
 .bss           0x10005494        0x0 /opt/CodeSourcery/Sourcery_G++_Lite/bin/../lib/gcc/arm-none-eabi/4.5.2/thumb2/crtend.o
 .bss           0x10005494        0x0 /opt/CodeSourcery/Sourcery_G++_Lite/bin/../lib/gcc/arm-none-eabi/4.5.2/thumb2/crtn.o
 *(COMMON)
 COMMON         0x10005494       0x50 CMakeFiles/main.dir/mnt/dados/Works/ARM/code/openlpc-deps/basefiles_FreeRTOS/queue.c.obj
                0x10005494                xQueueRegistry
                0x100054e4                . = ALIGN (0x4)
                0x100054e4                _ebss = .
                0x100054e4                PROVIDE (end, .)
                0x100054e4                PROVIDE (_pvHeapStart, .)
                0x10007fe0                PROVIDE (_vStackTop, (__top_RamLoc32 - 0x0))
OUTPUT(main elf32-littlearm)

.ARM.attributes
                0x00000000       0x25
 .ARM.attributes
                0x00000000       0x19 /opt/CodeSourcery/Sourcery_G++_Lite/bin/../lib/gcc/arm-none-eabi/4.5.2/thumb2/crti.o
 .ARM.attributes
                0x00000019       0x29 /opt/CodeSourcery/Sourcery_G++_Lite/bin/../lib/gcc/arm-none-eabi/4.5.2/thumb2/crtbegin.o
 .ARM.attributes
                0x00000042       0x31 CMakeFiles/main.dir/src/main.c.obj
 .ARM.attributes
                0x00000073       0x31 CMakeFiles/main.dir/mnt/dados/Works/ARM/code/openlpc-deps/basefiles_FreeRTOS/startup_lpc17xx.c.obj
 .ARM.attributes
                0x000000a4       0x31 CMakeFiles/main.dir/mnt/dados/Works/ARM/code/openlpc-deps/basefiles_FreeRTOS/syscalls.c.obj
 .ARM.attributes
                0x000000d5       0x31 CMakeFiles/main.dir/mnt/dados/Works/ARM/code/openlpc-deps/basefiles_FreeRTOS/tasks.c.obj
 .ARM.attributes
                0x00000106       0x31 CMakeFiles/main.dir/mnt/dados/Works/ARM/code/openlpc-deps/basefiles_FreeRTOS/queue.c.obj
 .ARM.attributes
                0x00000137       0x31 CMakeFiles/main.dir/mnt/dados/Works/ARM/code/openlpc-deps/basefiles_FreeRTOS/timers.c.obj
 .ARM.attributes
                0x00000168       0x31 CMakeFiles/main.dir/mnt/dados/Works/ARM/code/openlpc-deps/basefiles_FreeRTOS/croutine.c.obj
 .ARM.attributes
                0x00000199       0x31 CMakeFiles/main.dir/mnt/dados/Works/ARM/code/openlpc-deps/basefiles_FreeRTOS/list.c.obj
 .ARM.attributes
                0x000001ca       0x31 CMakeFiles/main.dir/mnt/dados/Works/ARM/code/openlpc-deps/basefiles_FreeRTOS/portable/MemMang/heap_2.c.obj
 .ARM.attributes
                0x000001fb       0x31 CMakeFiles/main.dir/mnt/dados/Works/ARM/code/openlpc-deps/basefiles_FreeRTOS/portable/ARM_CM3/port.c.obj
 .ARM.attributes
                0x0000022c       0x31 CMakeFiles/main.dir/mnt/dados/Works/ARM/code/openlpc-deps/CMSIS/src/core_cm3.c.obj
 .ARM.attributes
                0x0000025d       0x31 CMakeFiles/main.dir/mnt/dados/Works/ARM/code/openlpc-deps/CMSIS/src/system_lpc17xx.c.obj
 .ARM.attributes
                0x0000028e       0x31 CMakeFiles/main.dir/usbstack/src/usb_cdc.c.obj
 .ARM.attributes
                0x000002bf       0x31 CMakeFiles/main.dir/usbstack/src/usbcontrol.c.obj
 .ARM.attributes
                0x000002f0       0x31 CMakeFiles/main.dir/usbstack/src/usbhw_lpc.c.obj
 .ARM.attributes
                0x00000321       0x31 CMakeFiles/main.dir/usbstack/src/usbinit.c.obj
 .ARM.attributes
                0x00000352       0x31 CMakeFiles/main.dir/usbstack/src/usbstdreq.c.obj
 .ARM.attributes
                0x00000383       0x1b /opt/CodeSourcery/Sourcery_G++_Lite/bin/../lib/gcc/arm-none-eabi/4.5.2/thumb2/libgcc.a(_aeabi_uldivmod.o)
 .ARM.attributes
                0x0000039e       0x29 /opt/CodeSourcery/Sourcery_G++_Lite/bin/../lib/gcc/arm-none-eabi/4.5.2/thumb2/libgcc.a(bpabi.o)
 .ARM.attributes
                0x000003c7       0x1b /opt/CodeSourcery/Sourcery_G++_Lite/bin/../lib/gcc/arm-none-eabi/4.5.2/thumb2/libgcc.a(_dvmd_tls.o)
 .ARM.attributes
                0x000003e2       0x29 /opt/CodeSourcery/Sourcery_G++_Lite/bin/../lib/gcc/arm-none-eabi/4.5.2/thumb2/libgcc.a(_divdi3.o)
 .ARM.attributes
                0x0000040b       0x29 /opt/CodeSourcery/Sourcery_G++_Lite/bin/../lib/gcc/arm-none-eabi/4.5.2/thumb2/libgcc.a(_udivdi3.o)
 .ARM.attributes
                0x00000434       0x1b /opt/CodeSourcery/Sourcery_G++_Lite/bin/../lib/gcc/arm-none-eabi/4.5.2/thumb2/libgcc.a(_udivsi3.o)
 .ARM.attributes
                0x0000044f       0x29 /opt/CodeSourcery/Sourcery_G++_Lite/bin/../lib/gcc/arm-none-eabi/4.5.2/../../../../arm-none-eabi/lib/thumb2/libc.a(lib_a-memcmp.o)
 .ARM.attributes
                0x00000478       0x29 /opt/CodeSourcery/Sourcery_G++_Lite/bin/../lib/gcc/arm-none-eabi/4.5.2/../../../../arm-none-eabi/lib/thumb2/libc.a(lib_a-memcpy.o)
 .ARM.attributes
                0x000004a1       0x29 /opt/CodeSourcery/Sourcery_G++_Lite/bin/../lib/gcc/arm-none-eabi/4.5.2/../../../../arm-none-eabi/lib/thumb2/libc.a(lib_a-memset.o)
 .ARM.attributes
                0x000004ca       0x29 /opt/CodeSourcery/Sourcery_G++_Lite/bin/../lib/gcc/arm-none-eabi/4.5.2/../../../../arm-none-eabi/lib/thumb2/libc.a(lib_a-sprintf.o)
 .ARM.attributes
                0x000004f3       0x29 /opt/CodeSourcery/Sourcery_G++_Lite/bin/../lib/gcc/arm-none-eabi/4.5.2/../../../../arm-none-eabi/lib/thumb2/libc.a(lib_a-strcat.o)
 .ARM.attributes
                0x0000051c       0x29 /opt/CodeSourcery/Sourcery_G++_Lite/bin/../lib/gcc/arm-none-eabi/4.5.2/../../../../arm-none-eabi/lib/thumb2/libc.a(lib_a-strcpy.o)
 .ARM.attributes
                0x00000545       0x29 /opt/CodeSourcery/Sourcery_G++_Lite/bin/../lib/gcc/arm-none-eabi/4.5.2/../../../../arm-none-eabi/lib/thumb2/libc.a(lib_a-strncpy.o)
 .ARM.attributes
                0x0000056e       0x29 /opt/CodeSourcery/Sourcery_G++_Lite/bin/../lib/gcc/arm-none-eabi/4.5.2/../../../../arm-none-eabi/lib/thumb2/libc.a(lib_a-svfprintf.o)
 .ARM.attributes
                0x00000597       0x29 /opt/CodeSourcery/Sourcery_G++_Lite/bin/../lib/gcc/arm-none-eabi/4.5.2/../../../../arm-none-eabi/lib/thumb2/libc.a(lib_a-dtoa.o)
 .ARM.attributes
                0x000005c0       0x29 /opt/CodeSourcery/Sourcery_G++_Lite/bin/../lib/gcc/arm-none-eabi/4.5.2/../../../../arm-none-eabi/lib/thumb2/libc.a(lib_a-impure.o)
 .ARM.attributes
                0x000005e9       0x29 /opt/CodeSourcery/Sourcery_G++_Lite/bin/../lib/gcc/arm-none-eabi/4.5.2/../../../../arm-none-eabi/lib/thumb2/libc.a(lib_a-locale.o)
 .ARM.attributes
                0x00000612       0x29 /opt/CodeSourcery/Sourcery_G++_Lite/bin/../lib/gcc/arm-none-eabi/4.5.2/../../../../arm-none-eabi/lib/thumb2/libc.a(lib_a-malloc.o)
 .ARM.attributes
                0x0000063b       0x29 /opt/CodeSourcery/Sourcery_G++_Lite/bin/../lib/gcc/arm-none-eabi/4.5.2/../../../../arm-none-eabi/lib/thumb2/libc.a(lib_a-mallocr.o)
 .ARM.attributes
                0x00000664       0x29 /opt/CodeSourcery/Sourcery_G++_Lite/bin/../lib/gcc/arm-none-eabi/4.5.2/../../../../arm-none-eabi/lib/thumb2/libc.a(lib_a-memchr.o)
 .ARM.attributes
                0x0000068d       0x29 /opt/CodeSourcery/Sourcery_G++_Lite/bin/../lib/gcc/arm-none-eabi/4.5.2/../../../../arm-none-eabi/lib/thumb2/libc.a(lib_a-mlock.o)
 .ARM.attributes
                0x000006b6       0x29 /opt/CodeSourcery/Sourcery_G++_Lite/bin/../lib/gcc/arm-none-eabi/4.5.2/../../../../arm-none-eabi/lib/thumb2/libc.a(lib_a-mprec.o)
 .ARM.attributes
                0x000006df       0x29 /opt/CodeSourcery/Sourcery_G++_Lite/bin/../lib/gcc/arm-none-eabi/4.5.2/../../../../arm-none-eabi/lib/thumb2/libc.a(lib_a-s_fpclassify.o)
 .ARM.attributes
                0x00000708       0x29 /opt/CodeSourcery/Sourcery_G++_Lite/bin/../lib/gcc/arm-none-eabi/4.5.2/../../../../arm-none-eabi/lib/thumb2/libc.a(lib_a-strcmp.o)
 .ARM.attributes
                0x00000731       0x29 /opt/CodeSourcery/Sourcery_G++_Lite/bin/../lib/gcc/arm-none-eabi/4.5.2/../../../../arm-none-eabi/lib/thumb2/libc.a(lib_a-strlen.o)
 .ARM.attributes
                0x0000075a       0x29 /opt/CodeSourcery/Sourcery_G++_Lite/bin/../lib/gcc/arm-none-eabi/4.5.2/../../../../arm-none-eabi/lib/thumb2/libc.a(lib_a-svfiprintf.o)
 .ARM.attributes
                0x00000783       0x29 /opt/CodeSourcery/Sourcery_G++_Lite/bin/../lib/gcc/arm-none-eabi/4.5.2/../../../../arm-none-eabi/lib/thumb2/libc.a(lib_a-callocr.o)
 .ARM.attributes
                0x000007ac       0x29 /opt/CodeSourcery/Sourcery_G++_Lite/bin/../lib/gcc/arm-none-eabi/4.5.2/../../../../arm-none-eabi/lib/thumb2/libc.a(lib_a-freer.o)
 .ARM.attributes
                0x000007d5       0x29 /opt/CodeSourcery/Sourcery_G++_Lite/bin/../lib/gcc/arm-none-eabi/4.5.2/../../../../arm-none-eabi/lib/thumb2/libc.a(lib_a-memmove.o)
 .ARM.attributes
                0x000007fe       0x29 /opt/CodeSourcery/Sourcery_G++_Lite/bin/../lib/gcc/arm-none-eabi/4.5.2/../../../../arm-none-eabi/lib/thumb2/libc.a(lib_a-reallocr.o)
 .ARM.attributes
                0x00000827       0x1b /opt/CodeSourcery/Sourcery_G++_Lite/bin/../lib/gcc/arm-none-eabi/4.5.2/thumb2/libgcc.a(_arm_addsubdf3.o)
 .ARM.attributes
                0x00000842       0x1b /opt/CodeSourcery/Sourcery_G++_Lite/bin/../lib/gcc/arm-none-eabi/4.5.2/thumb2/libgcc.a(_arm_muldivdf3.o)
 .ARM.attributes
                0x0000085d       0x1b /opt/CodeSourcery/Sourcery_G++_Lite/bin/../lib/gcc/arm-none-eabi/4.5.2/thumb2/libgcc.a(_arm_cmpdf2.o)
 .ARM.attributes
                0x00000878       0x1b /opt/CodeSourcery/Sourcery_G++_Lite/bin/../lib/gcc/arm-none-eabi/4.5.2/thumb2/libgcc.a(_arm_fixdfsi.o)
 .ARM.attributes
                0x00000893       0x29 /opt/CodeSourcery/Sourcery_G++_Lite/bin/../lib/gcc/arm-none-eabi/4.5.2/thumb2/crtend.o
 .ARM.attributes
                0x000008bc       0x19 /opt/CodeSourcery/Sourcery_G++_Lite/bin/../lib/gcc/arm-none-eabi/4.5.2/thumb2/crtn.o

.comment        0x00000000       0x2a
 .comment       0x00000000       0x2a CMakeFiles/main.dir/src/main.c.obj
                                 0x2b (size before relaxing)
 .comment       0x00000000       0x2b CMakeFiles/main.dir/mnt/dados/Works/ARM/code/openlpc-deps/basefiles_FreeRTOS/startup_lpc17xx.c.obj
 .comment       0x00000000       0x2b CMakeFiles/main.dir/mnt/dados/Works/ARM/code/openlpc-deps/basefiles_FreeRTOS/syscalls.c.obj
 .comment       0x00000000       0x2b CMakeFiles/main.dir/mnt/dados/Works/ARM/code/openlpc-deps/basefiles_FreeRTOS/tasks.c.obj
 .comment       0x00000000       0x2b CMakeFiles/main.dir/mnt/dados/Works/ARM/code/openlpc-deps/basefiles_FreeRTOS/queue.c.obj
 .comment       0x00000000       0x2b CMakeFiles/main.dir/mnt/dados/Works/ARM/code/openlpc-deps/basefiles_FreeRTOS/timers.c.obj
 .comment       0x00000000       0x2b CMakeFiles/main.dir/mnt/dados/Works/ARM/code/openlpc-deps/basefiles_FreeRTOS/croutine.c.obj
 .comment       0x00000000       0x2b CMakeFiles/main.dir/mnt/dados/Works/ARM/code/openlpc-deps/basefiles_FreeRTOS/list.c.obj
 .comment       0x00000000       0x2b CMakeFiles/main.dir/mnt/dados/Works/ARM/code/openlpc-deps/basefiles_FreeRTOS/portable/MemMang/heap_2.c.obj
 .comment       0x00000000       0x2b CMakeFiles/main.dir/mnt/dados/Works/ARM/code/openlpc-deps/basefiles_FreeRTOS/portable/ARM_CM3/port.c.obj
 .comment       0x00000000       0x2b CMakeFiles/main.dir/mnt/dados/Works/ARM/code/openlpc-deps/CMSIS/src/core_cm3.c.obj
 .comment       0x00000000       0x2b CMakeFiles/main.dir/mnt/dados/Works/ARM/code/openlpc-deps/CMSIS/src/system_lpc17xx.c.obj
 .comment       0x00000000       0x2b CMakeFiles/main.dir/usbstack/src/usb_cdc.c.obj
 .comment       0x00000000       0x2b CMakeFiles/main.dir/usbstack/src/usbcontrol.c.obj
 .comment       0x00000000       0x2b CMakeFiles/main.dir/usbstack/src/usbhw_lpc.c.obj
 .comment       0x00000000       0x2b CMakeFiles/main.dir/usbstack/src/usbinit.c.obj
 .comment       0x00000000       0x2b CMakeFiles/main.dir/usbstack/src/usbstdreq.c.obj

.debug_frame    0x00000000      0x858
 .debug_frame   0x00000000       0x50 /opt/CodeSourcery/Sourcery_G++_Lite/bin/../lib/gcc/arm-none-eabi/4.5.2/thumb2/libgcc.a(bpabi.o)
 .debug_frame   0x00000050       0x3c /opt/CodeSourcery/Sourcery_G++_Lite/bin/../lib/gcc/arm-none-eabi/4.5.2/thumb2/libgcc.a(_divdi3.o)
 .debug_frame   0x0000008c       0x3c /opt/CodeSourcery/Sourcery_G++_Lite/bin/../lib/gcc/arm-none-eabi/4.5.2/thumb2/libgcc.a(_udivdi3.o)
 .debug_frame   0x000000c8       0x20 /opt/CodeSourcery/Sourcery_G++_Lite/bin/../lib/gcc/arm-none-eabi/4.5.2/thumb2/libgcc.a(_udivsi3.o)
 .debug_frame   0x000000e8       0x2c /opt/CodeSourcery/Sourcery_G++_Lite/bin/../lib/gcc/arm-none-eabi/4.5.2/../../../../arm-none-eabi/lib/thumb2/libc.a(lib_a-memcmp.o)
 .debug_frame   0x00000114       0x30 /opt/CodeSourcery/Sourcery_G++_Lite/bin/../lib/gcc/arm-none-eabi/4.5.2/../../../../arm-none-eabi/lib/thumb2/libc.a(lib_a-memcpy.o)
 .debug_frame   0x00000144       0x2c /opt/CodeSourcery/Sourcery_G++_Lite/bin/../lib/gcc/arm-none-eabi/4.5.2/../../../../arm-none-eabi/lib/thumb2/libc.a(lib_a-memset.o)
 .debug_frame   0x00000170       0x64 /opt/CodeSourcery/Sourcery_G++_Lite/bin/../lib/gcc/arm-none-eabi/4.5.2/../../../../arm-none-eabi/lib/thumb2/libc.a(lib_a-sprintf.o)
 .debug_frame   0x000001d4       0x2c /opt/CodeSourcery/Sourcery_G++_Lite/bin/../lib/gcc/arm-none-eabi/4.5.2/../../../../arm-none-eabi/lib/thumb2/libc.a(lib_a-strcat.o)
 .debug_frame   0x00000200       0x20 /opt/CodeSourcery/Sourcery_G++_Lite/bin/../lib/gcc/arm-none-eabi/4.5.2/../../../../arm-none-eabi/lib/thumb2/libc.a(lib_a-strcpy.o)
 .debug_frame   0x00000220       0x2c /opt/CodeSourcery/Sourcery_G++_Lite/bin/../lib/gcc/arm-none-eabi/4.5.2/../../../../arm-none-eabi/lib/thumb2/libc.a(lib_a-strncpy.o)
 .debug_frame   0x0000024c       0x3c /opt/CodeSourcery/Sourcery_G++_Lite/bin/../lib/gcc/arm-none-eabi/4.5.2/../../../../arm-none-eabi/lib/thumb2/libc.a(lib_a-svfprintf.o)
 .debug_frame   0x00000288       0x68 /opt/CodeSourcery/Sourcery_G++_Lite/bin/../lib/gcc/arm-none-eabi/4.5.2/../../../../arm-none-eabi/lib/thumb2/libc.a(lib_a-dtoa.o)
 .debug_frame   0x000002f0       0x98 /opt/CodeSourcery/Sourcery_G++_Lite/bin/../lib/gcc/arm-none-eabi/4.5.2/../../../../arm-none-eabi/lib/thumb2/libc.a(lib_a-locale.o)
 .debug_frame   0x00000388       0x30 /opt/CodeSourcery/Sourcery_G++_Lite/bin/../lib/gcc/arm-none-eabi/4.5.2/../../../../arm-none-eabi/lib/thumb2/libc.a(lib_a-malloc.o)
 .debug_frame   0x000003b8       0x3c /opt/CodeSourcery/Sourcery_G++_Lite/bin/../lib/gcc/arm-none-eabi/4.5.2/../../../../arm-none-eabi/lib/thumb2/libc.a(lib_a-mallocr.o)
 .debug_frame   0x000003f4       0x2c /opt/CodeSourcery/Sourcery_G++_Lite/bin/../lib/gcc/arm-none-eabi/4.5.2/../../../../arm-none-eabi/lib/thumb2/libc.a(lib_a-memchr.o)
 .debug_frame   0x00000420       0x30 /opt/CodeSourcery/Sourcery_G++_Lite/bin/../lib/gcc/arm-none-eabi/4.5.2/../../../../arm-none-eabi/lib/thumb2/libc.a(lib_a-mlock.o)
 .debug_frame   0x00000450      0x244 /opt/CodeSourcery/Sourcery_G++_Lite/bin/../lib/gcc/arm-none-eabi/4.5.2/../../../../arm-none-eabi/lib/thumb2/libc.a(lib_a-mprec.o)
 .debug_frame   0x00000694       0x28 /opt/CodeSourcery/Sourcery_G++_Lite/bin/../lib/gcc/arm-none-eabi/4.5.2/../../../../arm-none-eabi/lib/thumb2/libc.a(lib_a-s_fpclassify.o)
 .debug_frame   0x000006bc       0x30 /opt/CodeSourcery/Sourcery_G++_Lite/bin/../lib/gcc/arm-none-eabi/4.5.2/../../../../arm-none-eabi/lib/thumb2/libc.a(lib_a-strcmp.o)
 .debug_frame   0x000006ec       0x20 /opt/CodeSourcery/Sourcery_G++_Lite/bin/../lib/gcc/arm-none-eabi/4.5.2/../../../../arm-none-eabi/lib/thumb2/libc.a(lib_a-strlen.o)
 .debug_frame   0x0000070c       0x68 /opt/CodeSourcery/Sourcery_G++_Lite/bin/../lib/gcc/arm-none-eabi/4.5.2/../../../../arm-none-eabi/lib/thumb2/libc.a(lib_a-svfiprintf.o)
 .debug_frame   0x00000774       0x2c /opt/CodeSourcery/Sourcery_G++_Lite/bin/../lib/gcc/arm-none-eabi/4.5.2/../../../../arm-none-eabi/lib/thumb2/libc.a(lib_a-callocr.o)
 .debug_frame   0x000007a0       0x50 /opt/CodeSourcery/Sourcery_G++_Lite/bin/../lib/gcc/arm-none-eabi/4.5.2/../../../../arm-none-eabi/lib/thumb2/libc.a(lib_a-freer.o)
 .debug_frame   0x000007f0       0x2c /opt/CodeSourcery/Sourcery_G++_Lite/bin/../lib/gcc/arm-none-eabi/4.5.2/../../../../arm-none-eabi/lib/thumb2/libc.a(lib_a-memmove.o)
 .debug_frame   0x0000081c       0x3c /opt/CodeSourcery/Sourcery_G++_Lite/bin/../lib/gcc/arm-none-eabi/4.5.2/../../../../arm-none-eabi/lib/thumb2/libc.a(lib_a-reallocr.o)
