Archive member included because of file (symbol)

/opt/CodeSourcery/Sourcery_G++_Lite/bin/../lib/gcc/arm-none-eabi/4.5.2/../../../../arm-none-eabi/lib/thumb2/libm.a(lib_a-w_log10.o)
                              CMakeFiles/main.dir/mnt/dados/Works/ARM/code/openlpc-deps/CMSIS/DSP_Lib/src/Common/source/math_helper.c.obj (log10)
/opt/CodeSourcery/Sourcery_G++_Lite/bin/../lib/gcc/arm-none-eabi/4.5.2/../../../../arm-none-eabi/lib/thumb2/libm.a(lib_a-e_log10.o)
                              /opt/CodeSourcery/Sourcery_G++_Lite/bin/../lib/gcc/arm-none-eabi/4.5.2/../../../../arm-none-eabi/lib/thumb2/libm.a(lib_a-w_log10.o) (__ieee754_log10)
/opt/CodeSourcery/Sourcery_G++_Lite/bin/../lib/gcc/arm-none-eabi/4.5.2/../../../../arm-none-eabi/lib/thumb2/libm.a(lib_a-s_fpclassify.o)
                              /opt/CodeSourcery/Sourcery_G++_Lite/bin/../lib/gcc/arm-none-eabi/4.5.2/../../../../arm-none-eabi/lib/thumb2/libm.a(lib_a-w_log10.o) (__fpclassifyd)
/opt/CodeSourcery/Sourcery_G++_Lite/bin/../lib/gcc/arm-none-eabi/4.5.2/../../../../arm-none-eabi/lib/thumb2/libm.a(lib_a-s_lib_ver.o)
                              /opt/CodeSourcery/Sourcery_G++_Lite/bin/../lib/gcc/arm-none-eabi/4.5.2/../../../../arm-none-eabi/lib/thumb2/libm.a(lib_a-w_log10.o) (__fdlib_version)
/opt/CodeSourcery/Sourcery_G++_Lite/bin/../lib/gcc/arm-none-eabi/4.5.2/../../../../arm-none-eabi/lib/thumb2/libm.a(lib_a-s_matherr.o)
                              /opt/CodeSourcery/Sourcery_G++_Lite/bin/../lib/gcc/arm-none-eabi/4.5.2/../../../../arm-none-eabi/lib/thumb2/libm.a(lib_a-w_log10.o) (matherr)
/opt/CodeSourcery/Sourcery_G++_Lite/bin/../lib/gcc/arm-none-eabi/4.5.2/../../../../arm-none-eabi/lib/thumb2/libm.a(lib_a-s_nan.o)
                              /opt/CodeSourcery/Sourcery_G++_Lite/bin/../lib/gcc/arm-none-eabi/4.5.2/../../../../arm-none-eabi/lib/thumb2/libm.a(lib_a-w_log10.o) (nan)
/opt/CodeSourcery/Sourcery_G++_Lite/bin/../lib/gcc/arm-none-eabi/4.5.2/../../../../arm-none-eabi/lib/thumb2/libm.a(lib_a-e_log.o)
                              /opt/CodeSourcery/Sourcery_G++_Lite/bin/../lib/gcc/arm-none-eabi/4.5.2/../../../../arm-none-eabi/lib/thumb2/libm.a(lib_a-e_log10.o) (__ieee754_log)
/opt/CodeSourcery/Sourcery_G++_Lite/bin/../lib/gcc/arm-none-eabi/4.5.2/thumb2/libgcc.a(_arm_addsubdf3.o)
                              /opt/CodeSourcery/Sourcery_G++_Lite/bin/../lib/gcc/arm-none-eabi/4.5.2/../../../../arm-none-eabi/lib/thumb2/libm.a(lib_a-e_log10.o) (__aeabi_dsub)
/opt/CodeSourcery/Sourcery_G++_Lite/bin/../lib/gcc/arm-none-eabi/4.5.2/thumb2/libgcc.a(_arm_muldivdf3.o)
                              CMakeFiles/main.dir/mnt/dados/Works/ARM/code/openlpc-deps/CMSIS/DSP_Lib/src/Common/source/math_helper.c.obj (__aeabi_dmul)
/opt/CodeSourcery/Sourcery_G++_Lite/bin/../lib/gcc/arm-none-eabi/4.5.2/thumb2/libgcc.a(_arm_cmpdf2.o)
                              /opt/CodeSourcery/Sourcery_G++_Lite/bin/../lib/gcc/arm-none-eabi/4.5.2/../../../../arm-none-eabi/lib/thumb2/libm.a(lib_a-w_log10.o) (__aeabi_dcmpeq)
/opt/CodeSourcery/Sourcery_G++_Lite/bin/../lib/gcc/arm-none-eabi/4.5.2/thumb2/libgcc.a(_arm_fixdfsi.o)
                              CMakeFiles/main.dir/mnt/dados/Works/ARM/code/openlpc-deps/CMSIS/DSP_Lib/src/Common/source/math_helper.c.obj (__aeabi_d2iz)
/opt/CodeSourcery/Sourcery_G++_Lite/bin/../lib/gcc/arm-none-eabi/4.5.2/thumb2/libgcc.a(_arm_truncdfsf2.o)
                              CMakeFiles/main.dir/mnt/dados/Works/ARM/code/openlpc-deps/CMSIS/DSP_Lib/src/Common/source/math_helper.c.obj (__aeabi_d2f)
/opt/CodeSourcery/Sourcery_G++_Lite/bin/../lib/gcc/arm-none-eabi/4.5.2/thumb2/libgcc.a(_arm_addsubsf3.o)
                              CMakeFiles/main.dir/mnt/dados/Works/ARM/code/openlpc-deps/CMSIS/DSP_Lib/src/Common/source/math_helper.c.obj (__aeabi_fsub)
/opt/CodeSourcery/Sourcery_G++_Lite/bin/../lib/gcc/arm-none-eabi/4.5.2/thumb2/libgcc.a(_arm_muldivsf3.o)
                              CMakeFiles/main.dir/mnt/dados/Works/ARM/code/openlpc-deps/CMSIS/DSP_Lib/src/Common/source/math_helper.c.obj (__aeabi_fmul)
/opt/CodeSourcery/Sourcery_G++_Lite/bin/../lib/gcc/arm-none-eabi/4.5.2/thumb2/libgcc.a(_arm_cmpsf2.o)
                              CMakeFiles/main.dir/mnt/dados/Works/ARM/code/openlpc-deps/CMSIS/DSP_Lib/src/Common/source/math_helper.c.obj (__aeabi_fcmpeq)
/opt/CodeSourcery/Sourcery_G++_Lite/bin/../lib/gcc/arm-none-eabi/4.5.2/thumb2/libgcc.a(_arm_fixsfsi.o)
                              CMakeFiles/main.dir/mnt/dados/Works/ARM/code/openlpc-deps/CMSIS/DSP_Lib/src/Common/source/math_helper.c.obj (__aeabi_f2iz)
/opt/CodeSourcery/Sourcery_G++_Lite/bin/../lib/gcc/arm-none-eabi/4.5.2/thumb2/libgcc.a(_aeabi_uldivmod.o)
                              CMakeFiles/main.dir/mnt/dados/Works/ARM/code/openlpc-deps/CMSIS/src/system_lpc17xx.c.obj (__aeabi_uldivmod)
/opt/CodeSourcery/Sourcery_G++_Lite/bin/../lib/gcc/arm-none-eabi/4.5.2/thumb2/libgcc.a(bpabi.o)
[...]
Memory Configuration

Name             Origin             Length             Attributes
MFlash512        0x00010000         0x00070000         xr
RamLoc32         0x10000000         0x00007fe0         xrw
RamAHB32         0x2007c000         0x00008000         xrw
*default*        0x00000000         0xffffffff

Linker script and memory map

LOAD /opt/CodeSourcery/Sourcery_G++_Lite/bin/../lib/gcc/arm-none-eabi/4.5.2/thumb2/crti.o
LOAD /opt/CodeSourcery/Sourcery_G++_Lite/bin/../lib/gcc/arm-none-eabi/4.5.2/thumb2/crtbegin.o
LOAD CMakeFiles/main.dir/src/main.c.obj
LOAD CMakeFiles/main.dir/src/ledblink.c.obj
LOAD CMakeFiles/main.dir/src/usbecho.c.obj
LOAD CMakeFiles/main.dir/src/CLI-commands.c.obj
LOAD CMakeFiles/main.dir/src/CommandServer.c.obj
LOAD CMakeFiles/main.dir/mnt/dados/Works/ARM/code/openlpc-deps/basefiles_FreeRTOS/startup_lpc17xx.c.obj
LOAD CMakeFiles/main.dir/mnt/dados/Works/ARM/code/openlpc-deps/basefiles_FreeRTOS/syscalls.c.obj
LOAD CMakeFiles/main.dir/mnt/dados/Works/ARM/code/openlpc-deps/basefiles_FreeRTOS/tasks.c.obj
LOAD CMakeFiles/main.dir/mnt/dados/Works/ARM/code/openlpc-deps/basefiles_FreeRTOS/queue.c.obj
LOAD CMakeFiles/main.dir/mnt/dados/Works/ARM/code/openlpc-deps/basefiles_FreeRTOS/timers.c.obj
LOAD CMakeFiles/main.dir/mnt/dados/Works/ARM/code/openlpc-deps/basefiles_FreeRTOS/croutine.c.obj
LOAD CMakeFiles/main.dir/mnt/dados/Works/ARM/code/openlpc-deps/basefiles_FreeRTOS/list.c.obj
LOAD CMakeFiles/main.dir/mnt/dados/Works/ARM/code/openlpc-deps/basefiles_FreeRTOS/portable/MemMang/heap_2.c.obj
LOAD CMakeFiles/main.dir/mnt/dados/Works/ARM/code/openlpc-deps/basefiles_FreeRTOS/portable/ARM_CM3/port.c.obj
LOAD CMakeFiles/main.dir/mnt/dados/Works/ARM/code/openlpc-deps/basefiles_FreeRTOS/FreeRTOS-Plus-CLI/FreeRTOS_CLI.c.obj
LOAD CMakeFiles/main.dir/mnt/dados/Works/ARM/code/openlpc-deps/CMSIS/src/core_cm3.c.obj
LOAD CMakeFiles/main.dir/mnt/dados/Works/ARM/code/openlpc-deps/CMSIS/src/system_lpc17xx.c.obj
LOAD CMakeFiles/main.dir/mnt/dados/Works/ARM/code/openlpc-deps/CMSIS/DSP_Lib/src/Common/source/math_helper.c.obj
LOAD CMakeFiles/main.dir/usbstack/src/usb_cdc.c.obj
LOAD CMakeFiles/main.dir/usbstack/src/usbcontrol.c.obj
LOAD CMakeFiles/main.dir/usbstack/src/usbhw_lpc.c.obj
LOAD CMakeFiles/main.dir/usbstack/src/usbinit.c.obj
LOAD CMakeFiles/main.dir/usbstack/src/usbstdreq.c.obj
LOAD /opt/CodeSourcery/Sourcery_G++_Lite/bin/../lib/gcc/arm-none-eabi/4.5.2/../../../../arm-none-eabi/lib/thumb2/libm.a
START GROUP
LOAD /opt/CodeSourcery/Sourcery_G++_Lite/bin/../lib/gcc/arm-none-eabi/4.5.2/thumb2/libgcc.a
LOAD /opt/CodeSourcery/Sourcery_G++_Lite/bin/../lib/gcc/arm-none-eabi/4.5.2/../../../../arm-none-eabi/lib/thumb2/libc.a
END GROUP
LOAD /opt/CodeSourcery/Sourcery_G++_Lite/bin/../lib/gcc/arm-none-eabi/4.5.2/thumb2/crtend.o
LOAD /opt/CodeSourcery/Sourcery_G++_Lite/bin/../lib/gcc/arm-none-eabi/4.5.2/thumb2/crtn.o
                0x00080000                __top_MFlash512 = 0x80000
                0x10007fe0                __top_RamLoc32 = 0x10007fe0
                0x20084000                __top_RamAHB32 = 0x20084000

.text           0x00010000     0xb100
 FILL mask 0xff
 *(.isr_vector)
 .isr_vector    0x00010000       0xc8 CMakeFiles/main.dir/mnt/dados/Works/ARM/code/openlpc-deps/basefiles_FreeRTOS/startup_lpc17xx.c.obj
                0x00010000                g_pfnVectors
                0x000100c8                . = ALIGN (0x4)
                0x000100c8                __section_table_start = .
                0x000100c8                __data_section_table = .
                0x000100c8        0x4 LONG 0x1b120 LOADADDR (.data)
                0x000100cc        0x4 LONG 0x10000000 ADDR (.data)
                0x000100d0        0x4 LONG 0x5ac SIZEOF (.data)
                0x000100d4        0x4 LONG 0x1b120 LOADADDR (.data_RAM2)
                0x000100d8        0x4 LONG 0x2007c000 ADDR (.data_RAM2)
                0x000100dc        0x4 LONG 0x0 SIZEOF (.data_RAM2)
                0x000100e0                __data_section_table_end = .
                0x000100e0                __bss_section_table = .
                0x000100e0        0x4 LONG 0x100005b8 ADDR (.bss)
                0x000100e4        0x4 LONG 0x5384 SIZEOF (.bss)
                0x000100e8        0x4 LONG 0x2007c000 ADDR (.bss_RAM2)
                0x000100ec        0x4 LONG 0x0 SIZEOF (.bss_RAM2)
                0x000100f0                __bss_section_table_end = .
                0x000100f0                __section_table_end = .
 *(.after_vectors*)
 *(.text*)
 .text          0x000100f0        0x0 /opt/CodeSourcery/Sourcery_G++_Lite/bin/../lib/gcc/arm-none-eabi/4.5.2/thumb2/crti.o
 .text          0x000100f0       0x30 /opt/CodeSourcery/Sourcery_G++_Lite/bin/../lib/gcc/arm-none-eabi/4.5.2/thumb2/crtbegin.o
 .text          0x00010120        0x0 CMakeFiles/main.dir/src/main.c.obj
 .text.main     0x00010120       0x6c CMakeFiles/main.dir/src/main.c.obj
                0x00010120                main
 .text.vApplicationStackOverflowHook
                0x0001018c        0x4 CMakeFiles/main.dir/src/main.c.obj
                0x0001018c                vApplicationStackOverflowHook
 .text          0x00010190        0x0 CMakeFiles/main.dir/src/ledblink.c.obj
 .text.vLedBlink
                0x00010190       0x4c CMakeFiles/main.dir/src/ledblink.c.obj
                0x00010190                vLedBlink
 .text          0x000101dc        0x0 CMakeFiles/main.dir/src/usbecho.c.obj
 .text.vUSBecho
                0x000101dc       0x18 CMakeFiles/main.dir/src/usbecho.c.obj
                0x000101dc                vUSBecho
 .text          0x000101f4        0x0 CMakeFiles/main.dir/src/CLI-commands.c.obj
 .text.prvParameterEchoCommand
                0x000101f4       0x7c CMakeFiles/main.dir/src/CLI-commands.c.obj
 .text.prvThreeParameterEchoCommand
                0x00010270       0x80 CMakeFiles/main.dir/src/CLI-commands.c.obj
 .text.vRegisterCLICommands
                0x000102f0       0x1c CMakeFiles/main.dir/src/CLI-commands.c.obj
                0x000102f0                vRegisterCLICommands
 .text          0x0001030c        0x0 CMakeFiles/main.dir/src/CommandServer.c.obj
 .text.vCommandConsoleTask
                0x0001030c       0x68 CMakeFiles/main.dir/src/CommandServer.c.obj
                0x0001030c                vCommandConsoleTask
 .text          0x00010374        0x0 CMakeFiles/main.dir/mnt/dados/Works/ARM/code/openlpc-deps/basefiles_FreeRTOS/startup_lpc17xx.c.obj
 .text.NMI_Handler
                0x00010374        0x4 CMakeFiles/main.dir/mnt/dados/Works/ARM/code/openlpc-deps/basefiles_FreeRTOS/startup_lpc17xx.c.obj
                0x00010374                NMI_Handler
 .text.HardFault_Handler
                0x00010378        0x4 CMakeFiles/main.dir/mnt/dados/Works/ARM/code/openlpc-deps/basefiles_FreeRTOS/startup_lpc17xx.c.obj
                0x00010378                HardFault_Handler
 .text.MemManage_Handler
                0x0001037c        0x4 CMakeFiles/main.dir/mnt/dados/Works/ARM/code/openlpc-deps/basefiles_FreeRTOS/startup_lpc17xx.c.obj
                0x0001037c                MemManage_Handler
 .text.BusFault_Handler
                0x00010380        0x4 CMakeFiles/main.dir/mnt/dados/Works/ARM/code/openlpc-deps/basefiles_FreeRTOS/startup_lpc17xx.c.obj
                0x00010380                BusFault_Handler
 .text.UsageFault_Handler
                0x00010384        0x4 CMakeFiles/main.dir/mnt/dados/Works/ARM/code/openlpc-deps/basefiles_FreeRTOS/startup_lpc17xx.c.obj
                0x00010384                UsageFault_Handler
 .text.DebugMon_Handler
                0x00010388        0x4 CMakeFiles/main.dir/mnt/dados/Works/ARM/code/openlpc-deps/basefiles_FreeRTOS/startup_lpc17xx.c.obj
                0x00010388                DebugMon_Handler
 .text.ResetISR
                0x0001038c       0x80 CMakeFiles/main.dir/mnt/dados/Works/ARM/code/openlpc-deps/basefiles_FreeRTOS/startup_lpc17xx.c.obj
                0x0001038c                ResetISR
 .text.IntDefaultHandler
                0x0001040c        0x4 CMakeFiles/main.dir/mnt/dados/Works/ARM/code/openlpc-deps/basefiles_FreeRTOS/startup_lpc17xx.c.obj
                0x0001040c                TIMER2_IRQHandler
                0x0001040c                RIT_IRQHandler
                0x0001040c                I2C0_IRQHandler
                0x0001040c                USBActivity_IRQHandler
                0x0001040c                PWM1_IRQHandler
                0x0001040c                I2C1_IRQHandler
                0x0001040c                EINT2_IRQHandler
                0x0001040c                UART1_IRQHandler
                0x0001040c                EINT3_IRQHandler
                0x0001040c                CANActivity_IRQHandler
                0x0001040c                TIMER3_IRQHandler
                0x0001040c                UART0_IRQHandler
                0x0001040c                IntDefaultHandler
                0x0001040c                PLL0_IRQHandler
                0x0001040c                CAN_IRQHandler
                0x0001040c                PLL1_IRQHandler
                0x0001040c                SSP0_IRQHandler
                0x0001040c                I2S_IRQHandler
                0x0001040c                I2C2_IRQHandler
                0x0001040c                RTC_IRQHandler
                0x0001040c                TIMER0_IRQHandler
                0x0001040c                SPI_IRQHandler
                0x0001040c                EINT1_IRQHandler
                0x0001040c                TIMER1_IRQHandler
                0x0001040c                UART2_IRQHandler
                0x0001040c                ADC_IRQHandler
                0x0001040c                SSP1_IRQHandler
                0x0001040c                BOD_IRQHandler
                0x0001040c                WDT_IRQHandler
                0x0001040c                QEI_IRQHandler
                0x0001040c                EINT0_IRQHandler
                0x0001040c                DMA_IRQHandler
                0x0001040c                UART3_IRQHandler
                0x0001040c                MCPWM_IRQHandler
                0x0001040c                ENET_IRQHandler
 .text          0x00010410        0x0 CMakeFiles/main.dir/mnt/dados/Works/ARM/code/openlpc-deps/basefiles_FreeRTOS/syscalls.c.obj
 .text._read_r  0x00010410        0x8 CMakeFiles/main.dir/mnt/dados/Works/ARM/code/openlpc-deps/basefiles_FreeRTOS/syscalls.c.obj
                0x00010410                _read_r
 .text._lseek_r
                0x00010418        0x4 CMakeFiles/main.dir/mnt/dados/Works/ARM/code/openlpc-deps/basefiles_FreeRTOS/syscalls.c.obj
                0x00010418                _lseek_r
 .text._write_r
                0x0001041c        0x4 CMakeFiles/main.dir/mnt/dados/Works/ARM/code/openlpc-deps/basefiles_FreeRTOS/syscalls.c.obj
                0x0001041c                _write_r
 .text._close_r
                0x00010420        0x4 CMakeFiles/main.dir/mnt/dados/Works/ARM/code/openlpc-deps/basefiles_FreeRTOS/syscalls.c.obj
                0x00010420                _close_r
 .text._sbrk_r  0x00010424        0x4 CMakeFiles/main.dir/mnt/dados/Works/ARM/code/openlpc-deps/basefiles_FreeRTOS/syscalls.c.obj
                0x00010424                _sbrk_r
 .text._fstat_r
                0x00010428        0x4 CMakeFiles/main.dir/mnt/dados/Works/ARM/code/openlpc-deps/basefiles_FreeRTOS/syscalls.c.obj
                0x00010428                _fstat_r
 .text._isatty_r
                0x0001042c        0x4 CMakeFiles/main.dir/mnt/dados/Works/ARM/code/openlpc-deps/basefiles_FreeRTOS/syscalls.c.obj
                0x0001042c                _isatty_r
 .text          0x00010430        0x0 CMakeFiles/main.dir/mnt/dados/Works/ARM/code/openlpc-deps/basefiles_FreeRTOS/tasks.c.obj
 .text.prvAddCurrentTaskToDelayedList
                0x00010430       0x50 CMakeFiles/main.dir/mnt/dados/Works/ARM/code/openlpc-deps/basefiles_FreeRTOS/tasks.c.obj
 .text.prvListTaskWithinSingleList
                0x00010480       0x98 CMakeFiles/main.dir/mnt/dados/Works/ARM/code/openlpc-deps/basefiles_FreeRTOS/tasks.c.obj
 .text.xTaskGenericCreate
                0x00010518      0x1d8 CMakeFiles/main.dir/mnt/dados/Works/ARM/code/openlpc-deps/basefiles_FreeRTOS/tasks.c.obj
                0x00010518                xTaskGenericCreate
 .text.vTaskDelete
                0x000106f0       0x70 CMakeFiles/main.dir/mnt/dados/Works/ARM/code/openlpc-deps/basefiles_FreeRTOS/tasks.c.obj
                0x000106f0                vTaskDelete
 .text.uxTaskPriorityGet
                0x00010760       0x28 CMakeFiles/main.dir/mnt/dados/Works/ARM/code/openlpc-deps/basefiles_FreeRTOS/tasks.c.obj
                0x00010760                uxTaskPriorityGet
 .text.vTaskPrioritySet
                0x00010788       0xa4 CMakeFiles/main.dir/mnt/dados/Works/ARM/code/openlpc-deps/basefiles_FreeRTOS/tasks.c.obj
                0x00010788                vTaskPrioritySet
 .text.xTaskIsTaskSuspended
                0x0001082c       0x2c CMakeFiles/main.dir/mnt/dados/Works/ARM/code/openlpc-deps/basefiles_FreeRTOS/tasks.c.obj
                0x0001082c                xTaskIsTaskSuspended
 .text.vTaskResume
                0x00010858       0x80 CMakeFiles/main.dir/mnt/dados/Works/ARM/code/openlpc-deps/basefiles_FreeRTOS/tasks.c.obj
                0x00010858                vTaskResume
 .text.xTaskResumeFromISR
                0x000108d8       0xa0 CMakeFiles/main.dir/mnt/dados/Works/ARM/code/openlpc-deps/basefiles_FreeRTOS/tasks.c.obj
                0x000108d8                xTaskResumeFromISR
 .text.vTaskStartScheduler
                0x00010978       0x50 CMakeFiles/main.dir/mnt/dados/Works/ARM/code/openlpc-deps/basefiles_FreeRTOS/tasks.c.obj
                0x00010978                vTaskStartScheduler
 .text.vTaskEndScheduler
                0x000109c8       0x18 CMakeFiles/main.dir/mnt/dados/Works/ARM/code/openlpc-deps/basefiles_FreeRTOS/tasks.c.obj
                0x000109c8                vTaskEndScheduler
 .text.vTaskSuspendAll
                0x000109e0       0x10 CMakeFiles/main.dir/mnt/dados/Works/ARM/code/openlpc-deps/basefiles_FreeRTOS/tasks.c.obj
                0x000109e0                vTaskSuspendAll
 .text.xTaskGetTickCount
                0x000109f0       0x18 CMakeFiles/main.dir/mnt/dados/Works/ARM/code/openlpc-deps/basefiles_FreeRTOS/tasks.c.obj
                0x000109f0                xTaskGetTickCount
 .text.xTaskGetTickCountFromISR
                0x00010a08       0x1c CMakeFiles/main.dir/mnt/dados/Works/ARM/code/openlpc-deps/basefiles_FreeRTOS/tasks.c.obj
                0x00010a08                xTaskGetTickCountFromISR
 .text.uxTaskGetNumberOfTasks
                0x00010a24        0xc CMakeFiles/main.dir/mnt/dados/Works/ARM/code/openlpc-deps/basefiles_FreeRTOS/tasks.c.obj
                0x00010a24                uxTaskGetNumberOfTasks
 .text.vTaskIncrementTick
                0x00010a30      0x124 CMakeFiles/main.dir/mnt/dados/Works/ARM/code/openlpc-deps/basefiles_FreeRTOS/tasks.c.obj
                0x00010a30                vTaskIncrementTick
 .text.xTaskResumeAll
                0x00010b54       0xe0 CMakeFiles/main.dir/mnt/dados/Works/ARM/code/openlpc-deps/basefiles_FreeRTOS/tasks.c.obj
                0x00010b54                xTaskResumeAll
 .text.vTaskList
                0x00010c34      0x114 CMakeFiles/main.dir/mnt/dados/Works/ARM/code/openlpc-deps/basefiles_FreeRTOS/tasks.c.obj
                0x00010c34                vTaskList
 .text.prvIdleTask
                0x00010d48       0x70 CMakeFiles/main.dir/mnt/dados/Works/ARM/code/openlpc-deps/basefiles_FreeRTOS/tasks.c.obj
 .text.vTaskDelay
                0x00010db8       0x40 CMakeFiles/main.dir/mnt/dados/Works/ARM/code/openlpc-deps/basefiles_FreeRTOS/tasks.c.obj
                0x00010db8                vTaskDelay
 .text.vTaskDelayUntil
                0x00010df8       0x60 CMakeFiles/main.dir/mnt/dados/Works/ARM/code/openlpc-deps/basefiles_FreeRTOS/tasks.c.obj
                0x00010df8                vTaskDelayUntil
 .text.vTaskSwitchContext
                0x00010e58       0xc8 CMakeFiles/main.dir/mnt/dados/Works/ARM/code/openlpc-deps/basefiles_FreeRTOS/tasks.c.obj
                0x00010e58                vTaskSwitchContext
 .text.vTaskSuspend
                0x00010f20       0x7c CMakeFiles/main.dir/mnt/dados/Works/ARM/code/openlpc-deps/basefiles_FreeRTOS/tasks.c.obj
                0x00010f20                vTaskSuspend
 .text.vTaskPlaceOnEventList
                0x00010f9c       0x44 CMakeFiles/main.dir/mnt/dados/Works/ARM/code/openlpc-deps/basefiles_FreeRTOS/tasks.c.obj
                0x00010f9c                vTaskPlaceOnEventList
 .text.xTaskRemoveFromEventList
                0x00010fe0       0x6c CMakeFiles/main.dir/mnt/dados/Works/ARM/code/openlpc-deps/basefiles_FreeRTOS/tasks.c.obj
                0x00010fe0                xTaskRemoveFromEventList
 .text.vTaskSetTimeOutState
                0x0001104c       0x18 CMakeFiles/main.dir/mnt/dados/Works/ARM/code/openlpc-deps/basefiles_FreeRTOS/tasks.c.obj
                0x0001104c                vTaskSetTimeOutState
 .text.xTaskCheckForTimeOut
                0x00011064       0x7c CMakeFiles/main.dir/mnt/dados/Works/ARM/code/openlpc-deps/basefiles_FreeRTOS/tasks.c.obj
                0x00011064                xTaskCheckForTimeOut
 .text.vTaskMissedYield
                0x000110e0        0xc CMakeFiles/main.dir/mnt/dados/Works/ARM/code/openlpc-deps/basefiles_FreeRTOS/tasks.c.obj
                0x000110e0                vTaskMissedYield
 .text.uxTaskGetTaskNumber
                0x000110ec        0x8 CMakeFiles/main.dir/mnt/dados/Works/ARM/code/openlpc-deps/basefiles_FreeRTOS/tasks.c.obj
                0x000110ec                uxTaskGetTaskNumber
 .text.vTaskSetTaskNumber
                0x000110f4        0x8 CMakeFiles/main.dir/mnt/dados/Works/ARM/code/openlpc-deps/basefiles_FreeRTOS/tasks.c.obj
                0x000110f4                vTaskSetTaskNumber
 .text.uxTaskGetStackHighWaterMark
                0x000110fc       0x2c CMakeFiles/main.dir/mnt/dados/Works/ARM/code/openlpc-deps/basefiles_FreeRTOS/tasks.c.obj
                0x000110fc                uxTaskGetStackHighWaterMark
 .text.xTaskGetCurrentTaskHandle
                0x00011128        0xc CMakeFiles/main.dir/mnt/dados/Works/ARM/code/openlpc-deps/basefiles_FreeRTOS/tasks.c.obj
                0x00011128                xTaskGetCurrentTaskHandle
 .text.vTaskPriorityInherit
                0x00011134       0x6c CMakeFiles/main.dir/mnt/dados/Works/ARM/code/openlpc-deps/basefiles_FreeRTOS/tasks.c.obj
                0x00011134                vTaskPriorityInherit
 .text.vTaskPriorityDisinherit
                0x000111a0       0x48 CMakeFiles/main.dir/mnt/dados/Works/ARM/code/openlpc-deps/basefiles_FreeRTOS/tasks.c.obj
                0x000111a0                vTaskPriorityDisinherit
 .text          0x000111e8        0x0 CMakeFiles/main.dir/mnt/dados/Works/ARM/code/openlpc-deps/basefiles_FreeRTOS/queue.c.obj
 .text.prvUnlockQueue
                0x000111e8       0x98 CMakeFiles/main.dir/mnt/dados/Works/ARM/code/openlpc-deps/basefiles_FreeRTOS/queue.c.obj
 .text.prvCopyDataToQueue
                0x00011280       0x6c CMakeFiles/main.dir/mnt/dados/Works/ARM/code/openlpc-deps/basefiles_FreeRTOS/queue.c.obj
 .text.xQueueGenericReset
                0x000112ec       0x64 CMakeFiles/main.dir/mnt/dados/Works/ARM/code/openlpc-deps/basefiles_FreeRTOS/queue.c.obj
                0x000112ec                xQueueGenericReset
 .text.xQueueGenericCreate
                0x00011350       0x50 CMakeFiles/main.dir/mnt/dados/Works/ARM/code/openlpc-deps/basefiles_FreeRTOS/queue.c.obj
                0x00011350                xQueueGenericCreate
 .text.xQueueCreateCountingSemaphore
                0x000113a0       0x14 CMakeFiles/main.dir/mnt/dados/Works/ARM/code/openlpc-deps/basefiles_FreeRTOS/queue.c.obj
                0x000113a0                xQueueCreateCountingSemaphore
 .text.xQueueGenericSend
                0x000113b4       0xf0 CMakeFiles/main.dir/mnt/dados/Works/ARM/code/openlpc-deps/basefiles_FreeRTOS/queue.c.obj
                0x000113b4                xQueueGenericSend
 .text.xQueueGiveMutexRecursive
                0x000114a4       0x2c CMakeFiles/main.dir/mnt/dados/Works/ARM/code/openlpc-deps/basefiles_FreeRTOS/queue.c.obj
                0x000114a4                xQueueGiveMutexRecursive
 .text.xQueueCreateMutex
                0x000114d0       0x4c CMakeFiles/main.dir/mnt/dados/Works/ARM/code/openlpc-deps/basefiles_FreeRTOS/queue.c.obj
                0x000114d0                xQueueCreateMutex
 .text.xQueueGenericSendFromISR
                0x0001151c       0x68 CMakeFiles/main.dir/mnt/dados/Works/ARM/code/openlpc-deps/basefiles_FreeRTOS/queue.c.obj
                0x0001151c                xQueueGenericSendFromISR
 .text.xQueueGenericReceive
                0x00011584      0x148 CMakeFiles/main.dir/mnt/dados/Works/ARM/code/openlpc-deps/basefiles_FreeRTOS/queue.c.obj
                0x00011584                xQueueGenericReceive
 .text.xQueueTakeMutexRecursive
                0x000116cc       0x34 CMakeFiles/main.dir/mnt/dados/Works/ARM/code/openlpc-deps/basefiles_FreeRTOS/queue.c.obj
                0x000116cc                xQueueTakeMutexRecursive
 .text.xQueueReceiveFromISR
                0x00011700       0x7c CMakeFiles/main.dir/mnt/dados/Works/ARM/code/openlpc-deps/basefiles_FreeRTOS/queue.c.obj
                0x00011700                xQueueReceiveFromISR
 .text.uxQueueMessagesWaiting
                0x0001177c       0x14 CMakeFiles/main.dir/mnt/dados/Works/ARM/code/openlpc-deps/basefiles_FreeRTOS/queue.c.obj
                0x0001177c                uxQueueMessagesWaiting
 .text.uxQueueMessagesWaitingFromISR
                0x00011790        0x4 CMakeFiles/main.dir/mnt/dados/Works/ARM/code/openlpc-deps/basefiles_FreeRTOS/queue.c.obj
                0x00011790                uxQueueMessagesWaitingFromISR
 .text.vQueueDelete
                0x00011794       0x84 CMakeFiles/main.dir/mnt/dados/Works/ARM/code/openlpc-deps/basefiles_FreeRTOS/queue.c.obj
                0x00011794                vQueueDelete
 .text.ucQueueGetQueueNumber
                0x00011818        0x8 CMakeFiles/main.dir/mnt/dados/Works/ARM/code/openlpc-deps/basefiles_FreeRTOS/queue.c.obj
                0x00011818                ucQueueGetQueueNumber
 .text.vQueueSetQueueNumber
                0x00011820        0x8 CMakeFiles/main.dir/mnt/dados/Works/ARM/code/openlpc-deps/basefiles_FreeRTOS/queue.c.obj
                0x00011820                vQueueSetQueueNumber
 .text.ucQueueGetQueueType
                0x00011828        0x8 CMakeFiles/main.dir/mnt/dados/Works/ARM/code/openlpc-deps/basefiles_FreeRTOS/queue.c.obj
                0x00011828                ucQueueGetQueueType
 .text.xQueueIsQueueEmptyFromISR
                0x00011830        0xc CMakeFiles/main.dir/mnt/dados/Works/ARM/code/openlpc-deps/basefiles_FreeRTOS/queue.c.obj
                0x00011830                xQueueIsQueueEmptyFromISR
 .text.xQueueIsQueueFullFromISR
                0x0001183c       0x10 CMakeFiles/main.dir/mnt/dados/Works/ARM/code/openlpc-deps/basefiles_FreeRTOS/queue.c.obj
                0x0001183c                xQueueIsQueueFullFromISR
 .text.vQueueAddToRegistry
                0x0001184c       0x64 CMakeFiles/main.dir/mnt/dados/Works/ARM/code/openlpc-deps/basefiles_FreeRTOS/queue.c.obj
                0x0001184c                vQueueAddToRegistry
 .text          0x000118b0        0x0 CMakeFiles/main.dir/mnt/dados/Works/ARM/code/openlpc-deps/basefiles_FreeRTOS/timers.c.obj
 .text          0x000118b0        0x0 CMakeFiles/main.dir/mnt/dados/Works/ARM/code/openlpc-deps/basefiles_FreeRTOS/croutine.c.obj
 .text.xCoRoutineCreate
                0x000118b0       0xcc CMakeFiles/main.dir/mnt/dados/Works/ARM/code/openlpc-deps/basefiles_FreeRTOS/croutine.c.obj
                0x000118b0                xCoRoutineCreate
 .text.vCoRoutineAddToDelayedList
                0x0001197c       0x5c CMakeFiles/main.dir/mnt/dados/Works/ARM/code/openlpc-deps/basefiles_FreeRTOS/croutine.c.obj
                0x0001197c                vCoRoutineAddToDelayedList
 .text.vCoRoutineSchedule
                0x000119d8      0x1f8 CMakeFiles/main.dir/mnt/dados/Works/ARM/code/openlpc-deps/basefiles_FreeRTOS/croutine.c.obj
                0x000119d8                vCoRoutineSchedule
 .text.xCoRoutineRemoveFromEventList
                0x00011bd0       0x34 CMakeFiles/main.dir/mnt/dados/Works/ARM/code/openlpc-deps/basefiles_FreeRTOS/croutine.c.obj
                0x00011bd0                xCoRoutineRemoveFromEventList
 .text          0x00011c04        0x0 CMakeFiles/main.dir/mnt/dados/Works/ARM/code/openlpc-deps/basefiles_FreeRTOS/list.c.obj
 .text.vListInitialise
                0x00011c04       0x18 CMakeFiles/main.dir/mnt/dados/Works/ARM/code/openlpc-deps/basefiles_FreeRTOS/list.c.obj
                0x00011c04                vListInitialise
 .text.vListInitialiseItem
                0x00011c1c        0x8 CMakeFiles/main.dir/mnt/dados/Works/ARM/code/openlpc-deps/basefiles_FreeRTOS/list.c.obj
                0x00011c1c                vListInitialiseItem
 .text.vListInsertEnd
                0x00011c24       0x1c CMakeFiles/main.dir/mnt/dados/Works/ARM/code/openlpc-deps/basefiles_FreeRTOS/list.c.obj
                0x00011c24                vListInsertEnd
 .text.vListInsert
                0x00011c40       0x3c CMakeFiles/main.dir/mnt/dados/Works/ARM/code/openlpc-deps/basefiles_FreeRTOS/list.c.obj
                0x00011c40                vListInsert
 .text.vListRemove
                0x00011c7c       0x24 CMakeFiles/main.dir/mnt/dados/Works/ARM/code/openlpc-deps/basefiles_FreeRTOS/list.c.obj
                0x00011c7c                vListRemove
 .text          0x00011ca0        0x0 CMakeFiles/main.dir/mnt/dados/Works/ARM/code/openlpc-deps/basefiles_FreeRTOS/portable/MemMang/heap_2.c.obj
 .text.pvPortMalloc
                0x00011ca0       0xb0 CMakeFiles/main.dir/mnt/dados/Works/ARM/code/openlpc-deps/basefiles_FreeRTOS/portable/MemMang/heap_2.c.obj
                0x00011ca0                pvPortMalloc
 .text.vPortFree
                0x00011d50       0x40 CMakeFiles/main.dir/mnt/dados/Works/ARM/code/openlpc-deps/basefiles_FreeRTOS/portable/MemMang/heap_2.c.obj
                0x00011d50                vPortFree
 .text.xPortGetFreeHeapSize
                0x00011d90        0xc CMakeFiles/main.dir/mnt/dados/Works/ARM/code/openlpc-deps/basefiles_FreeRTOS/portable/MemMang/heap_2.c.obj
                0x00011d90                xPortGetFreeHeapSize
 .text.vPortInitialiseBlocks
                0x00011d9c        0x4 CMakeFiles/main.dir/mnt/dados/Works/ARM/code/openlpc-deps/basefiles_FreeRTOS/portable/MemMang/heap_2.c.obj
                0x00011d9c                vPortInitialiseBlocks
 .text          0x00011da0        0x0 CMakeFiles/main.dir/mnt/dados/Works/ARM/code/openlpc-deps/basefiles_FreeRTOS/portable/ARM_CM3/port.c.obj
 .text.prvPortStartFirstTask
                0x00011da0       0x14 CMakeFiles/main.dir/mnt/dados/Works/ARM/code/openlpc-deps/basefiles_FreeRTOS/portable/ARM_CM3/port.c.obj
 .text.pxPortInitialiseStack
                0x00011db4       0x24 CMakeFiles/main.dir/mnt/dados/Works/ARM/code/openlpc-deps/basefiles_FreeRTOS/portable/ARM_CM3/port.c.obj
                0x00011db4                pxPortInitialiseStack
 .text.vPortSVCHandler
                0x00011dd8       0x20 CMakeFiles/main.dir/mnt/dados/Works/ARM/code/openlpc-deps/basefiles_FreeRTOS/portable/ARM_CM3/port.c.obj
                0x00011dd8                vPortSVCHandler
 .text.xPortStartScheduler
                0x00011df8       0x40 CMakeFiles/main.dir/mnt/dados/Works/ARM/code/openlpc-deps/basefiles_FreeRTOS/portable/ARM_CM3/port.c.obj
                0x00011df8                xPortStartScheduler
 .text.vPortEndScheduler
                0x00011e38        0x4 CMakeFiles/main.dir/mnt/dados/Works/ARM/code/openlpc-deps/basefiles_FreeRTOS/portable/ARM_CM3/port.c.obj
                0x00011e38                vPortEndScheduler
 .text.vPortYieldFromISR
                0x00011e3c       0x10 CMakeFiles/main.dir/mnt/dados/Works/ARM/code/openlpc-deps/basefiles_FreeRTOS/portable/ARM_CM3/port.c.obj
                0x00011e3c                vPortYieldFromISR
 .text.vPortEnterCritical
                0x00011e4c       0x18 CMakeFiles/main.dir/mnt/dados/Works/ARM/code/openlpc-deps/basefiles_FreeRTOS/portable/ARM_CM3/port.c.obj
                0x00011e4c                vPortEnterCritical
 .text.vPortExitCritical
                0x00011e64       0x18 CMakeFiles/main.dir/mnt/dados/Works/ARM/code/openlpc-deps/basefiles_FreeRTOS/portable/ARM_CM3/port.c.obj
                0x00011e64                vPortExitCritical
 .text.xPortPendSVHandler
                0x00011e7c       0x3c CMakeFiles/main.dir/mnt/dados/Works/ARM/code/openlpc-deps/basefiles_FreeRTOS/portable/ARM_CM3/port.c.obj
                0x00011e7c                xPortPendSVHandler
 .text.xPortSysTickHandler
                0x00011eb8       0x24 CMakeFiles/main.dir/mnt/dados/Works/ARM/code/openlpc-deps/basefiles_FreeRTOS/portable/ARM_CM3/port.c.obj
                0x00011eb8                xPortSysTickHandler
 .text          0x00011edc        0x0 CMakeFiles/main.dir/mnt/dados/Works/ARM/code/openlpc-deps/basefiles_FreeRTOS/FreeRTOS-Plus-CLI/FreeRTOS_CLI.c.obj
 .text.prvHelpCommand
                0x00011edc       0x30 CMakeFiles/main.dir/mnt/dados/Works/ARM/code/openlpc-deps/basefiles_FreeRTOS/FreeRTOS-Plus-CLI/FreeRTOS_CLI.c.obj
 .text.FreeRTOS_CLIRegisterCommand
                0x00011f0c       0x30 CMakeFiles/main.dir/mnt/dados/Works/ARM/code/openlpc-deps/basefiles_FreeRTOS/FreeRTOS-Plus-CLI/FreeRTOS_CLI.c.obj
                0x00011f0c                FreeRTOS_CLIRegisterCommand
 .text.FreeRTOS_CLIProcessCommand
                0x00011f3c       0xcc CMakeFiles/main.dir/mnt/dados/Works/ARM/code/openlpc-deps/basefiles_FreeRTOS/FreeRTOS-Plus-CLI/FreeRTOS_CLI.c.obj
                0x00011f3c                FreeRTOS_CLIProcessCommand
 .text.FreeRTOS_CLIGetOutputBuffer
                0x00012008        0x8 CMakeFiles/main.dir/mnt/dados/Works/ARM/code/openlpc-deps/basefiles_FreeRTOS/FreeRTOS-Plus-CLI/FreeRTOS_CLI.c.obj
                0x00012008                FreeRTOS_CLIGetOutputBuffer
 .text.FreeRTOS_CLIGetParameter
                0x00012010       0x5c CMakeFiles/main.dir/mnt/dados/Works/ARM/code/openlpc-deps/basefiles_FreeRTOS/FreeRTOS-Plus-CLI/FreeRTOS_CLI.c.obj
                0x00012010                FreeRTOS_CLIGetParameter
 .text          0x0001206c        0x0 CMakeFiles/main.dir/mnt/dados/Works/ARM/code/openlpc-deps/CMSIS/src/core_cm3.c.obj
 .text          0x0001206c        0x0 CMakeFiles/main.dir/mnt/dados/Works/ARM/code/openlpc-deps/CMSIS/src/system_lpc17xx.c.obj
 .text.SystemCoreClockUpdate
                0x0001206c      0x100 CMakeFiles/main.dir/mnt/dados/Works/ARM/code/openlpc-deps/CMSIS/src/system_lpc17xx.c.obj
                0x0001206c                SystemCoreClockUpdate
 .text.SystemInit
                0x0001216c       0xec CMakeFiles/main.dir/mnt/dados/Works/ARM/code/openlpc-deps/CMSIS/src/system_lpc17xx.c.obj
                0x0001216c                SystemInit
 .text          0x00012258        0x0 CMakeFiles/main.dir/mnt/dados/Works/ARM/code/openlpc-deps/CMSIS/DSP_Lib/src/Common/source/math_helper.c.obj
 .text.arm_snr_f32
                0x00012258      0x128 CMakeFiles/main.dir/mnt/dados/Works/ARM/code/openlpc-deps/CMSIS/DSP_Lib/src/Common/source/math_helper.c.obj
                0x00012258                arm_snr_f32
 .text.arm_provide_guard_bits_q15
                0x00012380       0x54 CMakeFiles/main.dir/mnt/dados/Works/ARM/code/openlpc-deps/CMSIS/DSP_Lib/src/Common/source/math_helper.c.obj
                0x00012380                arm_provide_guard_bits_q15
 .text.arm_float_to_q12_20
                0x000123d4      0x1e8 CMakeFiles/main.dir/mnt/dados/Works/ARM/code/openlpc-deps/CMSIS/DSP_Lib/src/Common/source/math_helper.c.obj
                0x000123d4                arm_float_to_q12_20
 .text.arm_compare_fixed_q15
                0x000125bc       0x94 CMakeFiles/main.dir/mnt/dados/Works/ARM/code/openlpc-deps/CMSIS/DSP_Lib/src/Common/source/math_helper.c.obj
                0x000125bc                arm_compare_fixed_q15
 .text.arm_compare_fixed_q31
                0x00012650       0x8c CMakeFiles/main.dir/mnt/dados/Works/ARM/code/openlpc-deps/CMSIS/DSP_Lib/src/Common/source/math_helper.c.obj
                0x00012650                arm_compare_fixed_q31
 .text.arm_provide_guard_bits_q31
                0x000126dc       0x4c CMakeFiles/main.dir/mnt/dados/Works/ARM/code/openlpc-deps/CMSIS/DSP_Lib/src/Common/source/math_helper.c.obj
                0x000126dc                arm_provide_guard_bits_q31
 .text.arm_provide_guard_bits_q7
                0x00012728       0x50 CMakeFiles/main.dir/mnt/dados/Works/ARM/code/openlpc-deps/CMSIS/DSP_Lib/src/Common/source/math_helper.c.obj
                0x00012728                arm_provide_guard_bits_q7
 .text.arm_calc_guard_bits
                0x00012778       0x1c CMakeFiles/main.dir/mnt/dados/Works/ARM/code/openlpc-deps/CMSIS/DSP_Lib/src/Common/source/math_helper.c.obj
                0x00012778                arm_calc_guard_bits
 .text.arm_apply_guard_bits
                0x00012794       0x54 CMakeFiles/main.dir/mnt/dados/Works/ARM/code/openlpc-deps/CMSIS/DSP_Lib/src/Common/source/math_helper.c.obj
                0x00012794                arm_apply_guard_bits
 .text.arm_calc_2pow
                0x000127e8       0x2c CMakeFiles/main.dir/mnt/dados/Works/ARM/code/openlpc-deps/CMSIS/DSP_Lib/src/Common/source/math_helper.c.obj
                0x000127e8                arm_calc_2pow
 .text.arm_float_to_q14
                0x00012814      0x1f8 CMakeFiles/main.dir/mnt/dados/Works/ARM/code/openlpc-deps/CMSIS/DSP_Lib/src/Common/source/math_helper.c.obj
                0x00012814                arm_float_to_q14
 .text.arm_float_to_q30
                0x00012a0c      0x1ec CMakeFiles/main.dir/mnt/dados/Works/ARM/code/openlpc-deps/CMSIS/DSP_Lib/src/Common/source/math_helper.c.obj
                0x00012a0c                arm_float_to_q30
 .text.arm_float_to_q29
                0x00012bf8      0x1ec CMakeFiles/main.dir/mnt/dados/Works/ARM/code/openlpc-deps/CMSIS/DSP_Lib/src/Common/source/math_helper.c.obj
                0x00012bf8                arm_float_to_q29
 .text.arm_float_to_q28
                0x00012de4      0x1ec CMakeFiles/main.dir/mnt/dados/Works/ARM/code/openlpc-deps/CMSIS/DSP_Lib/src/Common/source/math_helper.c.obj
                0x00012de4                arm_float_to_q28
 .text.arm_clip_f32
                0x00012fd0       0xf0 CMakeFiles/main.dir/mnt/dados/Works/ARM/code/openlpc-deps/CMSIS/DSP_Lib/src/Common/source/math_helper.c.obj
                0x00012fd0                arm_clip_f32
 .text          0x000130c0        0x0 CMakeFiles/main.dir/usbstack/src/usb_cdc.c.obj
 .text.USBFrameHandler
                0x000130c0       0x1c CMakeFiles/main.dir/usbstack/src/usb_cdc.c.obj
 .text.BulkOut  0x000130dc       0x90 CMakeFiles/main.dir/usbstack/src/usb_cdc.c.obj
 .text.BulkIn   0x0001316c       0x70 CMakeFiles/main.dir/usbstack/src/usb_cdc.c.obj
 .text.HandleClassRequest
                0x000131dc       0x38 CMakeFiles/main.dir/usbstack/src/usb_cdc.c.obj
 .text.VCOM_putchar
                0x00013214       0x2c CMakeFiles/main.dir/usbstack/src/usb_cdc.c.obj
                0x00013214                VCOM_putchar
 .text.VCOM_puts
                0x00013240       0x20 CMakeFiles/main.dir/usbstack/src/usb_cdc.c.obj
                0x00013240                VCOM_puts
 .text.VCOM_getchar
                0x00013260       0x24 CMakeFiles/main.dir/usbstack/src/usb_cdc.c.obj
                0x00013260                VCOM_getchar
 .text.USB_IRQHandler
                0x00013284        0x4 CMakeFiles/main.dir/usbstack/src/usb_cdc.c.obj
                0x00013284                USB_IRQHandler
 .text.CPUcpsie
                0x00013288        0xc CMakeFiles/main.dir/usbstack/src/usb_cdc.c.obj
                0x00013288                CPUcpsie
 .text.USBinit  0x00013294       0xa4 CMakeFiles/main.dir/usbstack/src/usb_cdc.c.obj
                0x00013294                USBinit
 .text          0x00013338        0x0 CMakeFiles/main.dir/usbstack/src/usbcontrol.c.obj
 .text.DataIn   0x00013338       0x30 CMakeFiles/main.dir/usbstack/src/usbcontrol.c.obj
 .text.StallControlPipe.clone.0
                0x00013368        0x8 CMakeFiles/main.dir/usbstack/src/usbcontrol.c.obj
 .text.USBHandleControlTransfer
                0x00013370       0xe4 CMakeFiles/main.dir/usbstack/src/usbcontrol.c.obj
                0x00013370                USBHandleControlTransfer
 .text.USBRegisterRequestHandler
                0x00013454       0x18 CMakeFiles/main.dir/usbstack/src/usbcontrol.c.obj
                0x00013454                USBRegisterRequestHandler
 .text          0x0001346c        0x0 CMakeFiles/main.dir/usbstack/src/usbhw_lpc.c.obj
 .text.USBHwCmdWrite
                0x0001346c       0x48 CMakeFiles/main.dir/usbstack/src/usbhw_lpc.c.obj
 .text.USBHwCmdRead
                0x000134b4       0x50 CMakeFiles/main.dir/usbstack/src/usbhw_lpc.c.obj
 .text.USBHwEPConfig
                0x00013504       0x4c CMakeFiles/main.dir/usbstack/src/usbhw_lpc.c.obj
                0x00013504                USBHwEPConfig
 .text.USBHwRegisterEPIntHandler
                0x00013550       0x40 CMakeFiles/main.dir/usbstack/src/usbhw_lpc.c.obj
                0x00013550                USBHwRegisterEPIntHandler
 .text.USBHwRegisterDevIntHandler
                0x00013590       0x1c CMakeFiles/main.dir/usbstack/src/usbhw_lpc.c.obj
                0x00013590                USBHwRegisterDevIntHandler
 .text.USBHwRegisterFrameHandler
                0x000135ac       0x1c CMakeFiles/main.dir/usbstack/src/usbhw_lpc.c.obj
                0x000135ac                USBHwRegisterFrameHandler
 .text.USBHwSetAddress
                0x000135c8        0xc CMakeFiles/main.dir/usbstack/src/usbhw_lpc.c.obj
                0x000135c8                USBHwSetAddress
 .text.USBHwConnect
                0x000135d4        0xc CMakeFiles/main.dir/usbstack/src/usbhw_lpc.c.obj
                0x000135d4                USBHwConnect
 .text.USBHwNakIntEnable
                0x000135e0        0x8 CMakeFiles/main.dir/usbstack/src/usbhw_lpc.c.obj
                0x000135e0                USBHwNakIntEnable
 .text.USBHwEPGetStatus
                0x000135e8       0x10 CMakeFiles/main.dir/usbstack/src/usbhw_lpc.c.obj
                0x000135e8                USBHwEPGetStatus
 .text.USBHwEPStall
                0x000135f8       0x18 CMakeFiles/main.dir/usbstack/src/usbhw_lpc.c.obj
                0x000135f8                USBHwEPStall
 .text.USBHwEPWrite
                0x00013610       0xa0 CMakeFiles/main.dir/usbstack/src/usbhw_lpc.c.obj
                0x00013610                USBHwEPWrite
 .text.USBHwEPRead
                0x000136b0       0xdc CMakeFiles/main.dir/usbstack/src/usbhw_lpc.c.obj
                0x000136b0                USBHwEPRead
 .text.USBHwConfigDevice
                0x0001378c        0xc CMakeFiles/main.dir/usbstack/src/usbhw_lpc.c.obj
                0x0001378c                USBHwConfigDevice
 .text.USBHwISR
                0x00013798       0xb8 CMakeFiles/main.dir/usbstack/src/usbhw_lpc.c.obj
                0x00013798                USBHwISR
 .text.USBHwInit
                0x00013850       0x98 CMakeFiles/main.dir/usbstack/src/usbhw_lpc.c.obj
                0x00013850                USBHwInit
 .text          0x000138e8        0x0 CMakeFiles/main.dir/usbstack/src/usbinit.c.obj
 .text.HandleUsbReset
                0x000138e8        0x4 CMakeFiles/main.dir/usbstack/src/usbinit.c.obj
 .text.USBInit  0x000138ec       0x4c CMakeFiles/main.dir/usbstack/src/usbinit.c.obj
                0x000138ec                USBInit
 .text          0x00013938        0x0 CMakeFiles/main.dir/usbstack/src/usbstdreq.c.obj
 .text.USBRegisterDescriptors
                0x00013938        0xc CMakeFiles/main.dir/usbstack/src/usbstdreq.c.obj
                0x00013938                USBRegisterDescriptors
 .text.USBGetDescriptor
                0x00013944       0x54 CMakeFiles/main.dir/usbstack/src/usbstdreq.c.obj
                0x00013944                USBGetDescriptor
 .text.USBHandleStandardRequest
                0x00013998      0x17c CMakeFiles/main.dir/usbstack/src/usbstdreq.c.obj
                0x00013998                USBHandleStandardRequest
 .text.USBRegisterCustomReqHandler
                0x00013b14        0xc CMakeFiles/main.dir/usbstack/src/usbstdreq.c.obj
                0x00013b14                USBRegisterCustomReqHandler
 .text          0x00013b20      0x100 /opt/CodeSourcery/Sourcery_G++_Lite/bin/../lib/gcc/arm-none-eabi/4.5.2/../../../../arm-none-eabi/lib/thumb2/libm.a(lib_a-w_log10.o)
                0x00013b20                log10
 .text          0x00013c20      0x128 /opt/CodeSourcery/Sourcery_G++_Lite/bin/../lib/gcc/arm-none-eabi/4.5.2/../../../../arm-none-eabi/lib/thumb2/libm.a(lib_a-e_log10.o)
                0x00013c20                __ieee754_log10
 .text          0x00013d48       0x90 /opt/CodeSourcery/Sourcery_G++_Lite/bin/../lib/gcc/arm-none-eabi/4.5.2/../../../../arm-none-eabi/lib/thumb2/libm.a(lib_a-s_fpclassify.o)
                0x00013d48                __fpclassifyd
 .text          0x00013dd8        0x0 /opt/CodeSourcery/Sourcery_G++_Lite/bin/../lib/gcc/arm-none-eabi/4.5.2/../../../../arm-none-eabi/lib/thumb2/libm.a(lib_a-s_lib_ver.o)
 .text          0x00013dd8        0x4 /opt/CodeSourcery/Sourcery_G++_Lite/bin/../lib/gcc/arm-none-eabi/4.5.2/../../../../arm-none-eabi/lib/thumb2/libm.a(lib_a-s_matherr.o)
                0x00013dd8                matherr
 .text          0x00013ddc        0xc /opt/CodeSourcery/Sourcery_G++_Lite/bin/../lib/gcc/arm-none-eabi/4.5.2/../../../../arm-none-eabi/lib/thumb2/libm.a(lib_a-s_nan.o)
                0x00013ddc                nan
 .text          0x00013de8      0x420 /opt/CodeSourcery/Sourcery_G++_Lite/bin/../lib/gcc/arm-none-eabi/4.5.2/../../../../arm-none-eabi/lib/thumb2/libm.a(lib_a-e_log.o)
                0x00013de8                __ieee754_log
 .text          0x00014208      0x370 /opt/CodeSourcery/Sourcery_G++_Lite/bin/../lib/gcc/arm-none-eabi/4.5.2/thumb2/libgcc.a(_arm_addsubdf3.o)
                0x00014208                __aeabi_drsub
                0x00014210                __aeabi_dsub
                0x00014210                __subdf3
                0x00014214                __adddf3
                0x00014214                __aeabi_dadd
                0x0001448c                __aeabi_ui2d
                0x0001448c                __floatunsidf
                0x000144ac                __floatsidf
                0x000144ac                __aeabi_i2d
                0x000144d0                __extendsfdf2
                0x000144d0                __aeabi_f2d
                0x0001450c                __aeabi_ul2d
                0x0001450c                __floatundidf
                0x0001451c                __floatdidf
                0x0001451c                __aeabi_l2d
 .text          0x00014578      0x424 /opt/CodeSourcery/Sourcery_G++_Lite/bin/../lib/gcc/arm-none-eabi/4.5.2/thumb2/libgcc.a(_arm_muldivdf3.o)
                0x00014578                __aeabi_dmul
                0x00014578                __muldf3
                0x000147cc                __aeabi_ddiv
                0x000147cc                __divdf3
 .text          0x0001499c      0x110 /opt/CodeSourcery/Sourcery_G++_Lite/bin/../lib/gcc/arm-none-eabi/4.5.2/thumb2/libgcc.a(_arm_cmpdf2.o)
                0x0001499c                __gtdf2
                0x0001499c                __gedf2
                0x000149a4                __ltdf2
                0x000149a4                __ledf2
                0x000149ac                __cmpdf2
                0x000149ac                __eqdf2
                0x000149ac                __nedf2
                0x00014a28                __aeabi_cdrcmple
                0x00014a38                __aeabi_cdcmple
                0x00014a38                __aeabi_cdcmpeq
                0x00014a48                __aeabi_dcmpeq
                0x00014a5c                __aeabi_dcmplt
                0x00014a70                __aeabi_dcmple
                0x00014a84                __aeabi_dcmpge
                0x00014a98                __aeabi_dcmpgt
 .text          0x00014aac       0x50 /opt/CodeSourcery/Sourcery_G++_Lite/bin/../lib/gcc/arm-none-eabi/4.5.2/thumb2/libgcc.a(_arm_fixdfsi.o)
                0x00014aac                __fixdfsi
                0x00014aac                __aeabi_d2iz
 .text          0x00014afc       0xa0 /opt/CodeSourcery/Sourcery_G++_Lite/bin/../lib/gcc/arm-none-eabi/4.5.2/thumb2/libgcc.a(_arm_truncdfsf2.o)
                0x00014afc                __aeabi_d2f
                0x00014afc                __truncdfsf2
 .text          0x00014b9c      0x21c /opt/CodeSourcery/Sourcery_G++_Lite/bin/../lib/gcc/arm-none-eabi/4.5.2/thumb2/libgcc.a(_arm_addsubsf3.o)
                0x00014b9c                __aeabi_frsub
                0x00014ba4                __subsf3
                0x00014ba4                __aeabi_fsub
                0x00014ba8                __aeabi_fadd
                0x00014ba8                __addsf3
                0x00014d08                __aeabi_ui2f
                0x00014d08                __floatunsisf
                0x00014d10                __aeabi_i2f
                0x00014d10                __floatsisf
                0x00014d2c                __floatundisf
                0x00014d2c                __aeabi_ul2f
                0x00014d3c                __floatdisf
                0x00014d3c                __aeabi_l2f
 .text          0x00014db8      0x2a0 /opt/CodeSourcery/Sourcery_G++_Lite/bin/../lib/gcc/arm-none-eabi/4.5.2/thumb2/libgcc.a(_arm_muldivsf3.o)
                0x00014db8                __mulsf3
                0x00014db8                __aeabi_fmul
                0x00014f20                __divsf3
                0x00014f20                __aeabi_fdiv
 .text          0x00015058       0xec /opt/CodeSourcery/Sourcery_G++_Lite/bin/../lib/gcc/arm-none-eabi/4.5.2/thumb2/libgcc.a(_arm_cmpsf2.o)
                0x00015058                __gtsf2
                0x00015058                __gesf2
                0x00015060                __lesf2
                0x00015060                __ltsf2
                0x00015068                __nesf2
                0x00015068                __eqsf2
                0x00015068                __cmpsf2
                0x000150c8                __aeabi_cfrcmple
                0x000150d0                __aeabi_cfcmple
                0x000150d0                __aeabi_cfcmpeq
                0x000150e0                __aeabi_fcmpeq
                0x000150f4                __aeabi_fcmplt
                0x00015108                __aeabi_fcmple
                0x0001511c                __aeabi_fcmpge
                0x00015130                __aeabi_fcmpgt
 .text          0x00015144       0x4c /opt/CodeSourcery/Sourcery_G++_Lite/bin/../lib/gcc/arm-none-eabi/4.5.2/thumb2/libgcc.a(_arm_fixsfsi.o)
                0x00015144                __fixsfsi
                0x00015144                __aeabi_f2iz
 .text          0x00015190       0x2c /opt/CodeSourcery/Sourcery_G++_Lite/bin/../lib/gcc/arm-none-eabi/4.5.2/thumb2/libgcc.a(_aeabi_uldivmod.o)
                0x00015190                __aeabi_uldivmod
 .text          0x000151bc       0x60 /opt/CodeSourcery/Sourcery_G++_Lite/bin/../lib/gcc/arm-none-eabi/4.5.2/thumb2/libgcc.a(bpabi.o)
                0x000151bc                __gnu_ldivmod_helper
                0x000151ec                __gnu_uldivmod_helper
 .text          0x0001521c        0x4 /opt/CodeSourcery/Sourcery_G++_Lite/bin/../lib/gcc/arm-none-eabi/4.5.2/thumb2/libgcc.a(_dvmd_tls.o)
                0x0001521c                __aeabi_ldiv0
                0x0001521c                __aeabi_idiv0
 .text          0x00015220      0x360 /opt/CodeSourcery/Sourcery_G++_Lite/bin/../lib/gcc/arm-none-eabi/4.5.2/thumb2/libgcc.a(_divdi3.o)
                0x00015220                __divdi3
 .text          0x00015580      0x308 /opt/CodeSourcery/Sourcery_G++_Lite/bin/../lib/gcc/arm-none-eabi/4.5.2/thumb2/libgcc.a(_udivdi3.o)
                0x00015580                __udivdi3
 .text          0x00015888      0x278 /opt/CodeSourcery/Sourcery_G++_Lite/bin/../lib/gcc/arm-none-eabi/4.5.2/thumb2/libgcc.a(_udivsi3.o)
                0x00015888                __udivsi3
                0x00015888                __aeabi_uidiv
                0x00015ae4                __aeabi_uidivmod
 .text          0x00015b00        0xc /opt/CodeSourcery/Sourcery_G++_Lite/bin/../lib/gcc/arm-none-eabi/4.5.2/../../../../arm-none-eabi/lib/thumb2/libc.a(lib_a-errno.o)
                0x00015b00                __errno
 .text          0x00015b0c        0x0 /opt/CodeSourcery/Sourcery_G++_Lite/bin/../lib/gcc/arm-none-eabi/4.5.2/../../../../arm-none-eabi/lib/thumb2/libc.a(lib_a-impure.o)
 .text          0x00015b0c       0x64 /opt/CodeSourcery/Sourcery_G++_Lite/bin/../lib/gcc/arm-none-eabi/4.5.2/../../../../arm-none-eabi/lib/thumb2/libc.a(lib_a-memcmp.o)
                0x00015b0c                memcmp
 .text          0x00015b70      0x150 /opt/CodeSourcery/Sourcery_G++_Lite/bin/../lib/gcc/arm-none-eabi/4.5.2/../../../../arm-none-eabi/lib/thumb2/libc.a(lib_a-memcpy.o)
                0x00015b70                memcpy
 .text          0x00015cc0       0xb4 /opt/CodeSourcery/Sourcery_G++_Lite/bin/../lib/gcc/arm-none-eabi/4.5.2/../../../../arm-none-eabi/lib/thumb2/libc.a(lib_a-memset.o)
                0x00015cc0                memset
 .text          0x00015d74       0x94 /opt/CodeSourcery/Sourcery_G++_Lite/bin/../lib/gcc/arm-none-eabi/4.5.2/../../../../arm-none-eabi/lib/thumb2/libc.a(lib_a-sprintf.o)
                0x00015d74                _sprintf_r
                0x00015db8                sprintf
 .text          0x00015e08       0x48 /opt/CodeSourcery/Sourcery_G++_Lite/bin/../lib/gcc/arm-none-eabi/4.5.2/../../../../arm-none-eabi/lib/thumb2/libc.a(lib_a-strcat.o)
                0x00015e08                strcat
 .text          0x00015e50       0xbc /opt/CodeSourcery/Sourcery_G++_Lite/bin/../lib/gcc/arm-none-eabi/4.5.2/../../../../arm-none-eabi/lib/thumb2/libc.a(lib_a-strcpy.o)
                0x00015e50                strcpy
 .text          0x00015f0c       0x60 /opt/CodeSourcery/Sourcery_G++_Lite/bin/../lib/gcc/arm-none-eabi/4.5.2/../../../../arm-none-eabi/lib/thumb2/libc.a(lib_a-strlen.o)
                0x00015f0c                strlen
 .text          0x00015f6c       0x5c /opt/CodeSourcery/Sourcery_G++_Lite/bin/../lib/gcc/arm-none-eabi/4.5.2/../../../../arm-none-eabi/lib/thumb2/libc.a(lib_a-strncat.o)
                0x00015f6c                strncat
 .text          0x00015fc8       0xac /opt/CodeSourcery/Sourcery_G++_Lite/bin/../lib/gcc/arm-none-eabi/4.5.2/../../../../arm-none-eabi/lib/thumb2/libc.a(lib_a-strncmp.o)
                0x00015fc8                strncmp
 .text          0x00016074       0x78 /opt/CodeSourcery/Sourcery_G++_Lite/bin/../lib/gcc/arm-none-eabi/4.5.2/../../../../arm-none-eabi/lib/thumb2/libc.a(lib_a-strncpy.o)
                0x00016074                strncpy
 .text          0x000160ec     0x1640 /opt/CodeSourcery/Sourcery_G++_Lite/bin/../lib/gcc/arm-none-eabi/4.5.2/../../../../arm-none-eabi/lib/thumb2/libc.a(lib_a-svfprintf.o)
                0x000160ec                _svfprintf_r
 *fill*         0x0001772c        0x4 00
 .text          0x00017730      0xfe8 /opt/CodeSourcery/Sourcery_G++_Lite/bin/../lib/gcc/arm-none-eabi/4.5.2/../../../../arm-none-eabi/lib/thumb2/libc.a(lib_a-dtoa.o)
                0x0001785c                _dtoa_r
 .text          0x00018718       0xa0 /opt/CodeSourcery/Sourcery_G++_Lite/bin/../lib/gcc/arm-none-eabi/4.5.2/../../../../arm-none-eabi/lib/thumb2/libc.a(lib_a-locale.o)
                0x00018718                _setlocale_r
                0x00018774                __locale_charset
                0x00018780                __locale_mb_cur_max
                0x0001878c                __locale_msgcharset
                0x00018794                __locale_cjk_lang
                0x00018798                _localeconv_r
                0x000187a0                setlocale
                0x000187b0                localeconv
 .text          0x000187b8       0x20 /opt/CodeSourcery/Sourcery_G++_Lite/bin/../lib/gcc/arm-none-eabi/4.5.2/../../../../arm-none-eabi/lib/thumb2/libc.a(lib_a-malloc.o)
                0x000187b8                malloc
                0x000187c8                free
 .text          0x000187d8      0x57c /opt/CodeSourcery/Sourcery_G++_Lite/bin/../lib/gcc/arm-none-eabi/4.5.2/../../../../arm-none-eabi/lib/thumb2/libc.a(lib_a-mallocr.o)
                0x000187d8                _malloc_r
 .text          0x00018d54       0x8c /opt/CodeSourcery/Sourcery_G++_Lite/bin/../lib/gcc/arm-none-eabi/4.5.2/../../../../arm-none-eabi/lib/thumb2/libc.a(lib_a-memchr.o)
                0x00018d54                memchr
 .text          0x00018de0        0x8 /opt/CodeSourcery/Sourcery_G++_Lite/bin/../lib/gcc/arm-none-eabi/4.5.2/../../../../arm-none-eabi/lib/thumb2/libc.a(lib_a-mlock.o)
                0x00018de0                __malloc_lock
                0x00018de4                __malloc_unlock
 .text          0x00018de8      0x91c /opt/CodeSourcery/Sourcery_G++_Lite/bin/../lib/gcc/arm-none-eabi/4.5.2/../../../../arm-none-eabi/lib/thumb2/libc.a(lib_a-mprec.o)
                0x00018de8                _Balloc
                0x00018e50                _Bfree
                0x00018e88                __multadd
                0x00018f0c                __s2b
                0x00018fa4                __hi0bits
                0x00018fe4                __lo0bits
                0x00019048                __i2b
                0x0001905c                __multiply
                0x00019184                __pow5mult
                0x00019228                __lshift
                0x000192d4                __mcmp
                0x00019310                __mdiff
                0x00019408                __ulp
                0x00019450                __b2d
                0x000194fc                __d2b
                0x000195c4                __ratio
                0x0001962c                _mprec_log10
                0x00019660                __copybits
                0x000196a8                __any_on
 .text          0x00019704      0x1dc /opt/CodeSourcery/Sourcery_G++_Lite/bin/../lib/gcc/arm-none-eabi/4.5.2/../../../../arm-none-eabi/lib/thumb2/libc.a(lib_a-strcmp.o)
                0x00019704                strcmp
 .text          0x000198e0      0xbe8 /opt/CodeSourcery/Sourcery_G++_Lite/bin/../lib/gcc/arm-none-eabi/4.5.2/../../../../arm-none-eabi/lib/thumb2/libc.a(lib_a-svfiprintf.o)
                0x000198e0                __ssprint_r
                0x000199e8                _svfiprintf_r
 .text          0x0001a4c8       0x5c /opt/CodeSourcery/Sourcery_G++_Lite/bin/../lib/gcc/arm-none-eabi/4.5.2/../../../../arm-none-eabi/lib/thumb2/libc.a(lib_a-callocr.o)
                0x0001a4c8                _calloc_r
 .text          0x0001a524      0x240 /opt/CodeSourcery/Sourcery_G++_Lite/bin/../lib/gcc/arm-none-eabi/4.5.2/../../../../arm-none-eabi/lib/thumb2/libc.a(lib_a-freer.o)
                0x0001a524                _malloc_trim_r
                0x0001a5cc                _free_r
 .text          0x0001a764       0xb4 /opt/CodeSourcery/Sourcery_G++_Lite/bin/../lib/gcc/arm-none-eabi/4.5.2/../../../../arm-none-eabi/lib/thumb2/libc.a(lib_a-memmove.o)
                0x0001a764                memmove
 .text          0x0001a818      0x41c /opt/CodeSourcery/Sourcery_G++_Lite/bin/../lib/gcc/arm-none-eabi/4.5.2/../../../../arm-none-eabi/lib/thumb2/libc.a(lib_a-reallocr.o)
                0x0001a818                _realloc_r
 .text          0x0001ac34        0x0 /opt/CodeSourcery/Sourcery_G++_Lite/bin/../lib/gcc/arm-none-eabi/4.5.2/thumb2/crtend.o
 .text          0x0001ac34        0x0 /opt/CodeSourcery/Sourcery_G++_Lite/bin/../lib/gcc/arm-none-eabi/4.5.2/thumb2/crtn.o
 *(.rodata .rodata.*)
 .rodata.str1.4
                0x0001ac34        0xc CMakeFiles/main.dir/src/main.c.obj
 .rodata.str1.4
                0x0001ac40        0x8 CMakeFiles/main.dir/src/usbecho.c.obj
 .rodata.xParameterEcho
                0x0001ac48       0x10 CMakeFiles/main.dir/src/CLI-commands.c.obj
 .rodata.str1.4
                0x0001ac58      0x11e CMakeFiles/main.dir/src/CLI-commands.c.obj
                                0x124 (size before relaxing)
 *fill*         0x0001ad76        0x2 00
 .rodata.xThreeParameterEcho
                0x0001ad78       0x10 CMakeFiles/main.dir/src/CLI-commands.c.obj
 .rodata.str1.4
                0x0001ad88        0x4 CMakeFiles/main.dir/src/CommandServer.c.obj
 .rodata.ucExpectedStackBytes.6447
                0x0001ad8c       0x14 CMakeFiles/main.dir/mnt/dados/Works/ARM/code/openlpc-deps/basefiles_FreeRTOS/tasks.c.obj
 .rodata.str1.4
                0x0001ada0       0x19 CMakeFiles/main.dir/mnt/dados/Works/ARM/code/openlpc-deps/basefiles_FreeRTOS/tasks.c.obj
                                 0x20 (size before relaxing)
 *fill*         0x0001adb9        0x3 00
 .rodata.ulKernelPriority
                0x0001adbc        0x4 CMakeFiles/main.dir/mnt/dados/Works/ARM/code/openlpc-deps/basefiles_FreeRTOS/portable/ARM_CM3/port.c.obj
                0x0001adbc                ulKernelPriority
 .rodata.xHelpCommand
                0x0001adc0       0x10 CMakeFiles/main.dir/mnt/dados/Works/ARM/code/openlpc-deps/basefiles_FreeRTOS/FreeRTOS-Plus-CLI/FreeRTOS_CLI.c.obj
 .rodata.str1.4
                0x0001add0       0xe0 CMakeFiles/main.dir/mnt/dados/Works/ARM/code/openlpc-deps/basefiles_FreeRTOS/FreeRTOS-Plus-CLI/FreeRTOS_CLI.c.obj
 .rodata.abDescriptors
                0x0001aeb0       0x7c CMakeFiles/main.dir/usbstack/src/usb_cdc.c.obj
 .rodata.str1.4
                0x0001af2c        0x6 /opt/CodeSourcery/Sourcery_G++_Lite/bin/../lib/gcc/arm-none-eabi/4.5.2/../../../../arm-none-eabi/lib/thumb2/libm.a(lib_a-w_log10.o)
                                  0xc (size before relaxing)
 *fill*         0x0001af32        0x2 00
 .rodata        0x0001af34        0x4 /opt/CodeSourcery/Sourcery_G++_Lite/bin/../lib/gcc/arm-none-eabi/4.5.2/../../../../arm-none-eabi/lib/thumb2/libc.a(lib_a-impure.o)
                0x0001af34                _global_impure_ptr
 .rodata.str1.4
                0x0001af38        0x2 /opt/CodeSourcery/Sourcery_G++_Lite/bin/../lib/gcc/arm-none-eabi/4.5.2/../../../../arm-none-eabi/lib/thumb2/libc.a(lib_a-impure.o)
                                  0x4 (size before relaxing)
 *fill*         0x0001af3a        0x2 00
 .rodata        0x0001af3c       0x20 /opt/CodeSourcery/Sourcery_G++_Lite/bin/../lib/gcc/arm-none-eabi/4.5.2/../../../../arm-none-eabi/lib/thumb2/libc.a(lib_a-svfprintf.o)
 .rodata.str1.4
                0x0001af5c       0x3f /opt/CodeSourcery/Sourcery_G++_Lite/bin/../lib/gcc/arm-none-eabi/4.5.2/../../../../arm-none-eabi/lib/thumb2/libc.a(lib_a-svfprintf.o)
                                 0x44 (size before relaxing)
 *fill*         0x0001af9b        0x1 00
 .rodata.str1.4
                0x0001af9c       0x10 /opt/CodeSourcery/Sourcery_G++_Lite/bin/../lib/gcc/arm-none-eabi/4.5.2/../../../../arm-none-eabi/lib/thumb2/libc.a(lib_a-dtoa.o)
                                 0x14 (size before relaxing)
 .rodata.str1.4
                0x0001afac        0xc /opt/CodeSourcery/Sourcery_G++_Lite/bin/../lib/gcc/arm-none-eabi/4.5.2/../../../../arm-none-eabi/lib/thumb2/libc.a(lib_a-locale.o)
                                 0x14 (size before relaxing)
 .rodata        0x0001afb8      0x128 /opt/CodeSourcery/Sourcery_G++_Lite/bin/../lib/gcc/arm-none-eabi/4.5.2/../../../../arm-none-eabi/lib/thumb2/libc.a(lib_a-mprec.o)
                0x0001afc8                __mprec_tens
                0x0001b090                __mprec_bigtens
                0x0001b0b8                __mprec_tinytens
 .rodata        0x0001b0e0       0x20 /opt/CodeSourcery/Sourcery_G++_Lite/bin/../lib/gcc/arm-none-eabi/4.5.2/../../../../arm-none-eabi/lib/thumb2/libc.a(lib_a-svfiprintf.o)
 .rodata.str1.4
                0x00000000       0x30 /opt/CodeSourcery/Sourcery_G++_Lite/bin/../lib/gcc/arm-none-eabi/4.5.2/../../../../arm-none-eabi/lib/thumb2/libc.a(lib_a-svfiprintf.o)
                0x0001b100                . = ALIGN (0x4)

.glue_7         0x0001b100        0x0
 .glue_7        0x00000000        0x0 linker stubs

.glue_7t        0x0001b100        0x0
 .glue_7t       0x00000000        0x0 linker stubs

.vfp11_veneer   0x0001b100        0x0
 .vfp11_veneer  0x00000000        0x0 linker stubs

.v4_bx          0x0001b100        0x0
 .v4_bx         0x00000000        0x0 linker stubs

.init           0x0001b100        0xc
 .init          0x0001b100        0x4 /opt/CodeSourcery/Sourcery_G++_Lite/bin/../lib/gcc/arm-none-eabi/4.5.2/thumb2/crti.o
                0x0001b100                _init
 .init          0x0001b104        0x8 /opt/CodeSourcery/Sourcery_G++_Lite/bin/../lib/gcc/arm-none-eabi/4.5.2/thumb2/crtn.o

.fini           0x0001b10c        0xc
 .fini          0x0001b10c        0x4 /opt/CodeSourcery/Sourcery_G++_Lite/bin/../lib/gcc/arm-none-eabi/4.5.2/thumb2/crti.o
                0x0001b10c                _fini
 .fini          0x0001b110        0x8 /opt/CodeSourcery/Sourcery_G++_Lite/bin/../lib/gcc/arm-none-eabi/4.5.2/thumb2/crtn.o

.ARM.extab      0x0001b118        0x0
 *(.ARM.extab* .gnu.linkonce.armextab.*)
 .ARM.extab     0x0001b118        0x0 /opt/CodeSourcery/Sourcery_G++_Lite/bin/../lib/gcc/arm-none-eabi/4.5.2/thumb2/libgcc.a(_divdi3.o)
 .ARM.extab     0x0001b118        0x0 /opt/CodeSourcery/Sourcery_G++_Lite/bin/../lib/gcc/arm-none-eabi/4.5.2/thumb2/libgcc.a(_udivdi3.o)
                0x0001b118                __exidx_start = .

.ARM.exidx      0x0001b118        0x8
 *(.ARM.exidx* .gnu.linkonce.armexidx.*)
 .ARM.exidx     0x0001b118        0x8 /opt/CodeSourcery/Sourcery_G++_Lite/bin/../lib/gcc/arm-none-eabi/4.5.2/thumb2/libgcc.a(_divdi3.o)
 .ARM.exidx     0x0001b120        0x0 /opt/CodeSourcery/Sourcery_G++_Lite/bin/../lib/gcc/arm-none-eabi/4.5.2/thumb2/libgcc.a(_udivdi3.o)
                                  0x8 (size before relaxing)
                0x0001b120                __exidx_end = .
                0x0001b120                _etext = .

.data_RAM2      0x2007c000        0x0 load address 0x0001b120
 FILL mask 0xff
 *(.data.$RAM2*)
 *(.data.$RamAHB32*)
                0x2007c000                . = ALIGN (0x4)

.uninit_RESERVED
 *(.bss.$RESERVED*)

.data           0x10000000      0x5ac load address 0x0001b120
 FILL mask 0xff
                0x10000000                _data = .
 *(vtable)
 *(.data*)
 .data          0x10000000        0x0 /opt/CodeSourcery/Sourcery_G++_Lite/bin/../lib/gcc/arm-none-eabi/4.5.2/thumb2/crti.o
 .data          0x10000000        0x4 /opt/CodeSourcery/Sourcery_G++_Lite/bin/../lib/gcc/arm-none-eabi/4.5.2/thumb2/crtbegin.o
                0x10000000                __dso_handle
 .data          0x10000004        0x0 CMakeFiles/main.dir/src/main.c.obj
 .data          0x10000004        0x0 CMakeFiles/main.dir/src/ledblink.c.obj
 .data          0x10000004        0x0 CMakeFiles/main.dir/src/usbecho.c.obj
 .data          0x10000004        0x0 CMakeFiles/main.dir/src/CLI-commands.c.obj
 .data          0x10000004        0x0 CMakeFiles/main.dir/src/CommandServer.c.obj
 .data          0x10000004        0x0 CMakeFiles/main.dir/mnt/dados/Works/ARM/code/openlpc-deps/basefiles_FreeRTOS/startup_lpc17xx.c.obj
 .data          0x10000004        0x0 CMakeFiles/main.dir/mnt/dados/Works/ARM/code/openlpc-deps/basefiles_FreeRTOS/syscalls.c.obj
 .data          0x10000004        0x0 CMakeFiles/main.dir/mnt/dados/Works/ARM/code/openlpc-deps/basefiles_FreeRTOS/tasks.c.obj
 .data.xNextTaskUnblockTime
                0x10000004        0x4 CMakeFiles/main.dir/mnt/dados/Works/ARM/code/openlpc-deps/basefiles_FreeRTOS/tasks.c.obj
 .data          0x10000008        0x0 CMakeFiles/main.dir/mnt/dados/Works/ARM/code/openlpc-deps/basefiles_FreeRTOS/queue.c.obj
 .data          0x10000008        0x0 CMakeFiles/main.dir/mnt/dados/Works/ARM/code/openlpc-deps/basefiles_FreeRTOS/timers.c.obj
 .data          0x10000008        0x0 CMakeFiles/main.dir/mnt/dados/Works/ARM/code/openlpc-deps/basefiles_FreeRTOS/croutine.c.obj
 .data          0x10000008        0x0 CMakeFiles/main.dir/mnt/dados/Works/ARM/code/openlpc-deps/basefiles_FreeRTOS/list.c.obj
 .data          0x10000008        0x0 CMakeFiles/main.dir/mnt/dados/Works/ARM/code/openlpc-deps/basefiles_FreeRTOS/portable/MemMang/heap_2.c.obj
 .data.xFreeBytesRemaining
                0x10000008        0x4 CMakeFiles/main.dir/mnt/dados/Works/ARM/code/openlpc-deps/basefiles_FreeRTOS/portable/MemMang/heap_2.c.obj
 .data          0x1000000c        0x0 CMakeFiles/main.dir/mnt/dados/Works/ARM/code/openlpc-deps/basefiles_FreeRTOS/portable/ARM_CM3/port.c.obj
 .data.uxCriticalNesting
                0x1000000c        0x4 CMakeFiles/main.dir/mnt/dados/Works/ARM/code/openlpc-deps/basefiles_FreeRTOS/portable/ARM_CM3/port.c.obj
 .data          0x10000010        0x0 CMakeFiles/main.dir/mnt/dados/Works/ARM/code/openlpc-deps/basefiles_FreeRTOS/FreeRTOS-Plus-CLI/FreeRTOS_CLI.c.obj
 .data.xRegisteredCommands
                0x10000010        0x8 CMakeFiles/main.dir/mnt/dados/Works/ARM/code/openlpc-deps/basefiles_FreeRTOS/FreeRTOS-Plus-CLI/FreeRTOS_CLI.c.obj
 .data.pxLastCommandInList.5161
                0x10000018        0x4 CMakeFiles/main.dir/mnt/dados/Works/ARM/code/openlpc-deps/basefiles_FreeRTOS/FreeRTOS-Plus-CLI/FreeRTOS_CLI.c.obj
 .data          0x1000001c        0x0 CMakeFiles/main.dir/mnt/dados/Works/ARM/code/openlpc-deps/CMSIS/src/core_cm3.c.obj
 .data          0x1000001c        0x0 CMakeFiles/main.dir/mnt/dados/Works/ARM/code/openlpc-deps/CMSIS/src/system_lpc17xx.c.obj
 .data.SystemCoreClock
                0x1000001c        0x4 CMakeFiles/main.dir/mnt/dados/Works/ARM/code/openlpc-deps/CMSIS/src/system_lpc17xx.c.obj
                0x1000001c                SystemCoreClock
 .data          0x10000020        0x0 CMakeFiles/main.dir/mnt/dados/Works/ARM/code/openlpc-deps/CMSIS/DSP_Lib/src/Common/source/math_helper.c.obj
 .data          0x10000020        0x0 CMakeFiles/main.dir/usbstack/src/usb_cdc.c.obj
 .data.LineCoding
                0x10000020        0x8 CMakeFiles/main.dir/usbstack/src/usb_cdc.c.obj
 .data          0x10000028        0x0 CMakeFiles/main.dir/usbstack/src/usbcontrol.c.obj
 .data          0x10000028        0x0 CMakeFiles/main.dir/usbstack/src/usbhw_lpc.c.obj
 .data          0x10000028        0x0 CMakeFiles/main.dir/usbstack/src/usbinit.c.obj
 .data          0x10000028        0x0 CMakeFiles/main.dir/usbstack/src/usbstdreq.c.obj
 .data          0x10000028        0x0 /opt/CodeSourcery/Sourcery_G++_Lite/bin/../lib/gcc/arm-none-eabi/4.5.2/../../../../arm-none-eabi/lib/thumb2/libm.a(lib_a-w_log10.o)
 .data          0x10000028        0x0 /opt/CodeSourcery/Sourcery_G++_Lite/bin/../lib/gcc/arm-none-eabi/4.5.2/../../../../arm-none-eabi/lib/thumb2/libm.a(lib_a-e_log10.o)
 .data          0x10000028        0x0 /opt/CodeSourcery/Sourcery_G++_Lite/bin/../lib/gcc/arm-none-eabi/4.5.2/../../../../arm-none-eabi/lib/thumb2/libm.a(lib_a-s_fpclassify.o)
 .data          0x10000028        0x1 /opt/CodeSourcery/Sourcery_G++_Lite/bin/../lib/gcc/arm-none-eabi/4.5.2/../../../../arm-none-eabi/lib/thumb2/libm.a(lib_a-s_lib_ver.o)
                0x10000028                __fdlib_version
 .data          0x10000029        0x0 /opt/CodeSourcery/Sourcery_G++_Lite/bin/../lib/gcc/arm-none-eabi/4.5.2/../../../../arm-none-eabi/lib/thumb2/libm.a(lib_a-s_matherr.o)
 .data          0x10000029        0x0 /opt/CodeSourcery/Sourcery_G++_Lite/bin/../lib/gcc/arm-none-eabi/4.5.2/../../../../arm-none-eabi/lib/thumb2/libm.a(lib_a-s_nan.o)
 .data          0x10000029        0x0 /opt/CodeSourcery/Sourcery_G++_Lite/bin/../lib/gcc/arm-none-eabi/4.5.2/../../../../arm-none-eabi/lib/thumb2/libm.a(lib_a-e_log.o)
 .data          0x10000029        0x0 /opt/CodeSourcery/Sourcery_G++_Lite/bin/../lib/gcc/arm-none-eabi/4.5.2/thumb2/libgcc.a(_arm_addsubdf3.o)
 .data          0x10000029        0x0 /opt/CodeSourcery/Sourcery_G++_Lite/bin/../lib/gcc/arm-none-eabi/4.5.2/thumb2/libgcc.a(_arm_muldivdf3.o)
 .data          0x10000029        0x0 /opt/CodeSourcery/Sourcery_G++_Lite/bin/../lib/gcc/arm-none-eabi/4.5.2/thumb2/libgcc.a(_arm_cmpdf2.o)
 .data          0x10000029        0x0 /opt/CodeSourcery/Sourcery_G++_Lite/bin/../lib/gcc/arm-none-eabi/4.5.2/thumb2/libgcc.a(_arm_fixdfsi.o)
 .data          0x10000029        0x0 /opt/CodeSourcery/Sourcery_G++_Lite/bin/../lib/gcc/arm-none-eabi/4.5.2/thumb2/libgcc.a(_arm_truncdfsf2.o)
 .data          0x10000029        0x0 /opt/CodeSourcery/Sourcery_G++_Lite/bin/../lib/gcc/arm-none-eabi/4.5.2/thumb2/libgcc.a(_arm_addsubsf3.o)
 .data          0x10000029        0x0 /opt/CodeSourcery/Sourcery_G++_Lite/bin/../lib/gcc/arm-none-eabi/4.5.2/thumb2/libgcc.a(_arm_muldivsf3.o)
 .data          0x10000029        0x0 /opt/CodeSourcery/Sourcery_G++_Lite/bin/../lib/gcc/arm-none-eabi/4.5.2/thumb2/libgcc.a(_arm_cmpsf2.o)
 .data          0x10000029        0x0 /opt/CodeSourcery/Sourcery_G++_Lite/bin/../lib/gcc/arm-none-eabi/4.5.2/thumb2/libgcc.a(_arm_fixsfsi.o)
 .data          0x10000029        0x0 /opt/CodeSourcery/Sourcery_G++_Lite/bin/../lib/gcc/arm-none-eabi/4.5.2/thumb2/libgcc.a(_aeabi_uldivmod.o)
 .data          0x10000029        0x0 /opt/CodeSourcery/Sourcery_G++_Lite/bin/../lib/gcc/arm-none-eabi/4.5.2/thumb2/libgcc.a(bpabi.o)
 .data          0x10000029        0x0 /opt/CodeSourcery/Sourcery_G++_Lite/bin/../lib/gcc/arm-none-eabi/4.5.2/thumb2/libgcc.a(_dvmd_tls.o)
 .data          0x10000029        0x0 /opt/CodeSourcery/Sourcery_G++_Lite/bin/../lib/gcc/arm-none-eabi/4.5.2/thumb2/libgcc.a(_divdi3.o)
 .data          0x10000029        0x0 /opt/CodeSourcery/Sourcery_G++_Lite/bin/../lib/gcc/arm-none-eabi/4.5.2/thumb2/libgcc.a(_udivdi3.o)
 .data          0x10000029        0x0 /opt/CodeSourcery/Sourcery_G++_Lite/bin/../lib/gcc/arm-none-eabi/4.5.2/thumb2/libgcc.a(_udivsi3.o)
 .data          0x10000029        0x0 /opt/CodeSourcery/Sourcery_G++_Lite/bin/../lib/gcc/arm-none-eabi/4.5.2/../../../../arm-none-eabi/lib/thumb2/libc.a(lib_a-errno.o)
 *fill*         0x10000029        0x3 00
 .data          0x1000002c       0xf4 /opt/CodeSourcery/Sourcery_G++_Lite/bin/../lib/gcc/arm-none-eabi/4.5.2/../../../../arm-none-eabi/lib/thumb2/libc.a(lib_a-impure.o)
                0x1000002c                _impure_ptr
 .data          0x10000120        0x0 /opt/CodeSourcery/Sourcery_G++_Lite/bin/../lib/gcc/arm-none-eabi/4.5.2/../../../../arm-none-eabi/lib/thumb2/libc.a(lib_a-memcmp.o)
 .data          0x10000120        0x0 /opt/CodeSourcery/Sourcery_G++_Lite/bin/../lib/gcc/arm-none-eabi/4.5.2/../../../../arm-none-eabi/lib/thumb2/libc.a(lib_a-memcpy.o)
 .data          0x10000120        0x0 /opt/CodeSourcery/Sourcery_G++_Lite/bin/../lib/gcc/arm-none-eabi/4.5.2/../../../../arm-none-eabi/lib/thumb2/libc.a(lib_a-memset.o)
 .data          0x10000120        0x0 /opt/CodeSourcery/Sourcery_G++_Lite/bin/../lib/gcc/arm-none-eabi/4.5.2/../../../../arm-none-eabi/lib/thumb2/libc.a(lib_a-sprintf.o)
 .data          0x10000120        0x0 /opt/CodeSourcery/Sourcery_G++_Lite/bin/../lib/gcc/arm-none-eabi/4.5.2/../../../../arm-none-eabi/lib/thumb2/libc.a(lib_a-strcat.o)
 .data          0x10000120        0x0 /opt/CodeSourcery/Sourcery_G++_Lite/bin/../lib/gcc/arm-none-eabi/4.5.2/../../../../arm-none-eabi/lib/thumb2/libc.a(lib_a-strcpy.o)
 .data          0x10000120        0x0 /opt/CodeSourcery/Sourcery_G++_Lite/bin/../lib/gcc/arm-none-eabi/4.5.2/../../../../arm-none-eabi/lib/thumb2/libc.a(lib_a-strlen.o)
 .data          0x10000120        0x0 /opt/CodeSourcery/Sourcery_G++_Lite/bin/../lib/gcc/arm-none-eabi/4.5.2/../../../../arm-none-eabi/lib/thumb2/libc.a(lib_a-strncat.o)
 .data          0x10000120        0x0 /opt/CodeSourcery/Sourcery_G++_Lite/bin/../lib/gcc/arm-none-eabi/4.5.2/../../../../arm-none-eabi/lib/thumb2/libc.a(lib_a-strncmp.o)
 .data          0x10000120        0x0 /opt/CodeSourcery/Sourcery_G++_Lite/bin/../lib/gcc/arm-none-eabi/4.5.2/../../../../arm-none-eabi/lib/thumb2/libc.a(lib_a-strncpy.o)
 .data          0x10000120        0x0 /opt/CodeSourcery/Sourcery_G++_Lite/bin/../lib/gcc/arm-none-eabi/4.5.2/../../../../arm-none-eabi/lib/thumb2/libc.a(lib_a-svfprintf.o)
 .data          0x10000120        0x0 /opt/CodeSourcery/Sourcery_G++_Lite/bin/../lib/gcc/arm-none-eabi/4.5.2/../../../../arm-none-eabi/lib/thumb2/libc.a(lib_a-dtoa.o)
 .data          0x10000120       0x7c /opt/CodeSourcery/Sourcery_G++_Lite/bin/../lib/gcc/arm-none-eabi/4.5.2/../../../../arm-none-eabi/lib/thumb2/libc.a(lib_a-locale.o)
                0x10000140                __mb_cur_max
 .data          0x1000019c        0x0 /opt/CodeSourcery/Sourcery_G++_Lite/bin/../lib/gcc/arm-none-eabi/4.5.2/../../../../arm-none-eabi/lib/thumb2/libc.a(lib_a-malloc.o)
 .data          0x1000019c      0x410 /opt/CodeSourcery/Sourcery_G++_Lite/bin/../lib/gcc/arm-none-eabi/4.5.2/../../../../arm-none-eabi/lib/thumb2/libc.a(lib_a-mallocr.o)
                0x1000019c                __malloc_av_
                0x100005a4                __malloc_sbrk_base
                0x100005a8                __malloc_trim_threshold
 .data          0x100005ac        0x0 /opt/CodeSourcery/Sourcery_G++_Lite/bin/../lib/gcc/arm-none-eabi/4.5.2/../../../../arm-none-eabi/lib/thumb2/libc.a(lib_a-memchr.o)
 .data          0x100005ac        0x0 /opt/CodeSourcery/Sourcery_G++_Lite/bin/../lib/gcc/arm-none-eabi/4.5.2/../../../../arm-none-eabi/lib/thumb2/libc.a(lib_a-mlock.o)
 .data          0x100005ac        0x0 /opt/CodeSourcery/Sourcery_G++_Lite/bin/../lib/gcc/arm-none-eabi/4.5.2/../../../../arm-none-eabi/lib/thumb2/libc.a(lib_a-mprec.o)
 .data          0x100005ac        0x0 /opt/CodeSourcery/Sourcery_G++_Lite/bin/../lib/gcc/arm-none-eabi/4.5.2/../../../../arm-none-eabi/lib/thumb2/libc.a(lib_a-strcmp.o)
 .data          0x100005ac        0x0 /opt/CodeSourcery/Sourcery_G++_Lite/bin/../lib/gcc/arm-none-eabi/4.5.2/../../../../arm-none-eabi/lib/thumb2/libc.a(lib_a-svfiprintf.o)
 .data          0x100005ac        0x0 /opt/CodeSourcery/Sourcery_G++_Lite/bin/../lib/gcc/arm-none-eabi/4.5.2/../../../../arm-none-eabi/lib/thumb2/libc.a(lib_a-callocr.o)
 .data          0x100005ac        0x0 /opt/CodeSourcery/Sourcery_G++_Lite/bin/../lib/gcc/arm-none-eabi/4.5.2/../../../../arm-none-eabi/lib/thumb2/libc.a(lib_a-freer.o)
 .data          0x100005ac        0x0 /opt/CodeSourcery/Sourcery_G++_Lite/bin/../lib/gcc/arm-none-eabi/4.5.2/../../../../arm-none-eabi/lib/thumb2/libc.a(lib_a-memmove.o)
 .data          0x100005ac        0x0 /opt/CodeSourcery/Sourcery_G++_Lite/bin/../lib/gcc/arm-none-eabi/4.5.2/../../../../arm-none-eabi/lib/thumb2/libc.a(lib_a-reallocr.o)
 .data          0x100005ac        0x0 /opt/CodeSourcery/Sourcery_G++_Lite/bin/../lib/gcc/arm-none-eabi/4.5.2/thumb2/crtend.o
 .data          0x100005ac        0x0 /opt/CodeSourcery/Sourcery_G++_Lite/bin/../lib/gcc/arm-none-eabi/4.5.2/thumb2/crtn.o
                0x100005ac                . = ALIGN (0x4)
                0x100005ac                _edata = .

.init_array     0x100005ac        0x4 load address 0x0001b6cc
 .init_array    0x100005ac        0x4 /opt/CodeSourcery/Sourcery_G++_Lite/bin/../lib/gcc/arm-none-eabi/4.5.2/thumb2/crtbegin.o

.fini_array     0x100005b0        0x4 load address 0x0001b6d0
 .fini_array    0x100005b0        0x4 /opt/CodeSourcery/Sourcery_G++_Lite/bin/../lib/gcc/arm-none-eabi/4.5.2/thumb2/crtbegin.o

.jcr            0x100005b4        0x4 load address 0x0001b6d4
 .jcr           0x100005b4        0x0 /opt/CodeSourcery/Sourcery_G++_Lite/bin/../lib/gcc/arm-none-eabi/4.5.2/thumb2/crtbegin.o
 .jcr           0x100005b4        0x4 /opt/CodeSourcery/Sourcery_G++_Lite/bin/../lib/gcc/arm-none-eabi/4.5.2/thumb2/crtend.o

.bss_RAM2       0x2007c000        0x0
 *(.bss.$RAM2*)
 *(.bss.$RamAHB32*)
                0x2007c000                . = ALIGN (0x4)

.bss            0x100005b8     0x5384
                0x100005b8                _bss = .
 *(.bss*)
 .bss           0x100005b8        0x0 /opt/CodeSourcery/Sourcery_G++_Lite/bin/../lib/gcc/arm-none-eabi/4.5.2/thumb2/crti.o
 .bss           0x100005b8        0x1 /opt/CodeSourcery/Sourcery_G++_Lite/bin/../lib/gcc/arm-none-eabi/4.5.2/thumb2/crtbegin.o
 .bss           0x100005b9        0x0 CMakeFiles/main.dir/src/main.c.obj
 .bss           0x100005b9        0x0 CMakeFiles/main.dir/src/ledblink.c.obj
 .bss           0x100005b9        0x0 CMakeFiles/main.dir/src/usbecho.c.obj
 .bss           0x100005b9        0x0 CMakeFiles/main.dir/src/CLI-commands.c.obj
 *fill*         0x100005b9        0x3 00
 .bss.lParameterNumber.5889
                0x100005bc        0x4 CMakeFiles/main.dir/src/CLI-commands.c.obj
 .bss.lParameterNumber.5898
                0x100005c0        0x4 CMakeFiles/main.dir/src/CLI-commands.c.obj
 .bss           0x100005c4        0x0 CMakeFiles/main.dir/src/CommandServer.c.obj
 .bss.cInputString.4905
                0x100005c4       0x3c CMakeFiles/main.dir/src/CommandServer.c.obj
 .bss           0x10000600        0x0 CMakeFiles/main.dir/mnt/dados/Works/ARM/code/openlpc-deps/basefiles_FreeRTOS/startup_lpc17xx.c.obj
 .bss           0x10000600        0x0 CMakeFiles/main.dir/mnt/dados/Works/ARM/code/openlpc-deps/basefiles_FreeRTOS/syscalls.c.obj
 .bss           0x10000600        0x0 CMakeFiles/main.dir/mnt/dados/Works/ARM/code/openlpc-deps/basefiles_FreeRTOS/tasks.c.obj
 .bss.uxMissedTicks
                0x10000600        0x4 CMakeFiles/main.dir/mnt/dados/Works/ARM/code/openlpc-deps/basefiles_FreeRTOS/tasks.c.obj
 .bss.xSuspendedTaskList
                0x10000604       0x14 CMakeFiles/main.dir/mnt/dados/Works/ARM/code/openlpc-deps/basefiles_FreeRTOS/tasks.c.obj
 .bss.pxDelayedTaskList
                0x10000618        0x4 CMakeFiles/main.dir/mnt/dados/Works/ARM/code/openlpc-deps/basefiles_FreeRTOS/tasks.c.obj
 .bss.pcStatusString.6522
                0x1000061c       0x2c CMakeFiles/main.dir/mnt/dados/Works/ARM/code/openlpc-deps/basefiles_FreeRTOS/tasks.c.obj
 .bss.uxTasksDeleted
                0x10000648        0x4 CMakeFiles/main.dir/mnt/dados/Works/ARM/code/openlpc-deps/basefiles_FreeRTOS/tasks.c.obj
 .bss.xTasksWaitingTermination
                0x1000064c       0x14 CMakeFiles/main.dir/mnt/dados/Works/ARM/code/openlpc-deps/basefiles_FreeRTOS/tasks.c.obj
 .bss.xDelayedTaskList2
                0x10000660       0x14 CMakeFiles/main.dir/mnt/dados/Works/ARM/code/openlpc-deps/basefiles_FreeRTOS/tasks.c.obj
 .bss.uxTopReadyPriority
                0x10000674        0x4 CMakeFiles/main.dir/mnt/dados/Works/ARM/code/openlpc-deps/basefiles_FreeRTOS/tasks.c.obj
 .bss.pxReadyTasksLists
                0x10000678       0x64 CMakeFiles/main.dir/mnt/dados/Works/ARM/code/openlpc-deps/basefiles_FreeRTOS/tasks.c.obj
 .bss.uxSchedulerSuspended
                0x100006dc        0x4 CMakeFiles/main.dir/mnt/dados/Works/ARM/code/openlpc-deps/basefiles_FreeRTOS/tasks.c.obj
 .bss.xSchedulerRunning
                0x100006e0        0x4 CMakeFiles/main.dir/mnt/dados/Works/ARM/code/openlpc-deps/basefiles_FreeRTOS/tasks.c.obj
 .bss.pxCurrentTCB
                0x100006e4        0x4 CMakeFiles/main.dir/mnt/dados/Works/ARM/code/openlpc-deps/basefiles_FreeRTOS/tasks.c.obj
                0x100006e4                pxCurrentTCB
 .bss.xPendingReadyList
                0x100006e8       0x14 CMakeFiles/main.dir/mnt/dados/Works/ARM/code/openlpc-deps/basefiles_FreeRTOS/tasks.c.obj
 .bss.xNumOfOverflows
                0x100006fc        0x4 CMakeFiles/main.dir/mnt/dados/Works/ARM/code/openlpc-deps/basefiles_FreeRTOS/tasks.c.obj
 .bss.xTickCount
                0x10000700        0x4 CMakeFiles/main.dir/mnt/dados/Works/ARM/code/openlpc-deps/basefiles_FreeRTOS/tasks.c.obj
 .bss.pxOverflowDelayedTaskList
                0x10000704        0x4 CMakeFiles/main.dir/mnt/dados/Works/ARM/code/openlpc-deps/basefiles_FreeRTOS/tasks.c.obj
 .bss.uxTaskNumber
                0x10000708        0x4 CMakeFiles/main.dir/mnt/dados/Works/ARM/code/openlpc-deps/basefiles_FreeRTOS/tasks.c.obj
 .bss.xDelayedTaskList1
                0x1000070c       0x14 CMakeFiles/main.dir/mnt/dados/Works/ARM/code/openlpc-deps/basefiles_FreeRTOS/tasks.c.obj
 .bss.xMissedYield
                0x10000720        0x4 CMakeFiles/main.dir/mnt/dados/Works/ARM/code/openlpc-deps/basefiles_FreeRTOS/tasks.c.obj
 .bss.uxCurrentNumberOfTasks
                0x10000724        0x4 CMakeFiles/main.dir/mnt/dados/Works/ARM/code/openlpc-deps/basefiles_FreeRTOS/tasks.c.obj
 .bss.uxTopUsedPriority
                0x10000728        0x4 CMakeFiles/main.dir/mnt/dados/Works/ARM/code/openlpc-deps/basefiles_FreeRTOS/tasks.c.obj
 .bss           0x1000072c        0x0 CMakeFiles/main.dir/mnt/dados/Works/ARM/code/openlpc-deps/basefiles_FreeRTOS/queue.c.obj
 .bss           0x1000072c        0x0 CMakeFiles/main.dir/mnt/dados/Works/ARM/code/openlpc-deps/basefiles_FreeRTOS/timers.c.obj
 .bss           0x1000072c        0x0 CMakeFiles/main.dir/mnt/dados/Works/ARM/code/openlpc-deps/basefiles_FreeRTOS/croutine.c.obj
 .bss.xDelayedCoRoutineList1
                0x1000072c       0x14 CMakeFiles/main.dir/mnt/dados/Works/ARM/code/openlpc-deps/basefiles_FreeRTOS/croutine.c.obj
 .bss.xPassedTicks
                0x10000740        0x4 CMakeFiles/main.dir/mnt/dados/Works/ARM/code/openlpc-deps/basefiles_FreeRTOS/croutine.c.obj
 .bss.xPendingReadyCoRoutineList
                0x10000744       0x14 CMakeFiles/main.dir/mnt/dados/Works/ARM/code/openlpc-deps/basefiles_FreeRTOS/croutine.c.obj
 .bss.pxCurrentCoRoutine
                0x10000758        0x4 CMakeFiles/main.dir/mnt/dados/Works/ARM/code/openlpc-deps/basefiles_FreeRTOS/croutine.c.obj
                0x10000758                pxCurrentCoRoutine
 .bss.xDelayedCoRoutineList2
                0x1000075c       0x14 CMakeFiles/main.dir/mnt/dados/Works/ARM/code/openlpc-deps/basefiles_FreeRTOS/croutine.c.obj
 .bss.xCoRoutineTickCount
                0x10000770        0x4 CMakeFiles/main.dir/mnt/dados/Works/ARM/code/openlpc-deps/basefiles_FreeRTOS/croutine.c.obj
 .bss.xLastTickCount
                0x10000774        0x4 CMakeFiles/main.dir/mnt/dados/Works/ARM/code/openlpc-deps/basefiles_FreeRTOS/croutine.c.obj
 .bss.pxDelayedCoRoutineList
                0x10000778        0x4 CMakeFiles/main.dir/mnt/dados/Works/ARM/code/openlpc-deps/basefiles_FreeRTOS/croutine.c.obj
 .bss.pxReadyCoRoutineLists
                0x1000077c       0x28 CMakeFiles/main.dir/mnt/dados/Works/ARM/code/openlpc-deps/basefiles_FreeRTOS/croutine.c.obj
 .bss.uxTopCoRoutineReadyPriority
                0x100007a4        0x4 CMakeFiles/main.dir/mnt/dados/Works/ARM/code/openlpc-deps/basefiles_FreeRTOS/croutine.c.obj
 .bss.pxOverflowDelayedCoRoutineList
                0x100007a8        0x4 CMakeFiles/main.dir/mnt/dados/Works/ARM/code/openlpc-deps/basefiles_FreeRTOS/croutine.c.obj
 .bss           0x100007ac        0x0 CMakeFiles/main.dir/mnt/dados/Works/ARM/code/openlpc-deps/basefiles_FreeRTOS/list.c.obj
 .bss           0x100007ac        0x0 CMakeFiles/main.dir/mnt/dados/Works/ARM/code/openlpc-deps/basefiles_FreeRTOS/portable/MemMang/heap_2.c.obj
 *fill*         0x100007ac        0x4 00
 .bss.xHeap     0x100007b0     0x4c00 CMakeFiles/main.dir/mnt/dados/Works/ARM/code/openlpc-deps/basefiles_FreeRTOS/portable/MemMang/heap_2.c.obj
 .bss.xStart    0x100053b0        0x8 CMakeFiles/main.dir/mnt/dados/Works/ARM/code/openlpc-deps/basefiles_FreeRTOS/portable/MemMang/heap_2.c.obj
 .bss.xHeapHasBeenInitialised.5385
                0x100053b8        0x4 CMakeFiles/main.dir/mnt/dados/Works/ARM/code/openlpc-deps/basefiles_FreeRTOS/portable/MemMang/heap_2.c.obj
 .bss.xEnd      0x100053bc        0x8 CMakeFiles/main.dir/mnt/dados/Works/ARM/code/openlpc-deps/basefiles_FreeRTOS/portable/MemMang/heap_2.c.obj
 .bss           0x100053c4        0x0 CMakeFiles/main.dir/mnt/dados/Works/ARM/code/openlpc-deps/basefiles_FreeRTOS/portable/ARM_CM3/port.c.obj
 .bss           0x100053c4        0x0 CMakeFiles/main.dir/mnt/dados/Works/ARM/code/openlpc-deps/basefiles_FreeRTOS/FreeRTOS-Plus-CLI/FreeRTOS_CLI.c.obj
 .bss.cOutputBuffer
                0x100053c4      0x400 CMakeFiles/main.dir/mnt/dados/Works/ARM/code/openlpc-deps/basefiles_FreeRTOS/FreeRTOS-Plus-CLI/FreeRTOS_CLI.c.obj
 .bss.pxCommand.5169
                0x100057c4        0x4 CMakeFiles/main.dir/mnt/dados/Works/ARM/code/openlpc-deps/basefiles_FreeRTOS/FreeRTOS-Plus-CLI/FreeRTOS_CLI.c.obj
 .bss.pxCommand.5202
                0x100057c8        0x4 CMakeFiles/main.dir/mnt/dados/Works/ARM/code/openlpc-deps/basefiles_FreeRTOS/FreeRTOS-Plus-CLI/FreeRTOS_CLI.c.obj
 .bss           0x100057cc        0x0 CMakeFiles/main.dir/mnt/dados/Works/ARM/code/openlpc-deps/CMSIS/src/core_cm3.c.obj
 .bss           0x100057cc        0x0 CMakeFiles/main.dir/mnt/dados/Works/ARM/code/openlpc-deps/CMSIS/src/system_lpc17xx.c.obj
 .bss           0x100057cc        0x0 CMakeFiles/main.dir/mnt/dados/Works/ARM/code/openlpc-deps/CMSIS/DSP_Lib/src/Common/source/math_helper.c.obj
 .bss           0x100057cc        0x0 CMakeFiles/main.dir/usbstack/src/usb_cdc.c.obj
 .bss.abBulkBuf
                0x100057cc       0x40 CMakeFiles/main.dir/usbstack/src/usb_cdc.c.obj
 .bss.xCharsForTx
                0x1000580c        0x4 CMakeFiles/main.dir/usbstack/src/usb_cdc.c.obj
 .bss.xRxedChars
                0x10005810        0x4 CMakeFiles/main.dir/usbstack/src/usb_cdc.c.obj
 .bss.abClassReqData
                0x10005814        0x8 CMakeFiles/main.dir/usbstack/src/usb_cdc.c.obj
 .bss           0x1000581c        0x0 CMakeFiles/main.dir/usbstack/src/usbcontrol.c.obj
 .bss.apfnReqHandlers
                0x1000581c       0x10 CMakeFiles/main.dir/usbstack/src/usbcontrol.c.obj
 .bss.apbDataStore
                0x1000582c       0x10 CMakeFiles/main.dir/usbstack/src/usbcontrol.c.obj
 .bss.Setup     0x1000583c        0x8 CMakeFiles/main.dir/usbstack/src/usbcontrol.c.obj
 .bss.iResidue  0x10005844        0x4 CMakeFiles/main.dir/usbstack/src/usbcontrol.c.obj
 .bss.pbData    0x10005848        0x4 CMakeFiles/main.dir/usbstack/src/usbcontrol.c.obj
 .bss.iLen      0x1000584c        0x4 CMakeFiles/main.dir/usbstack/src/usbcontrol.c.obj
 .bss           0x10005850        0x0 CMakeFiles/main.dir/usbstack/src/usbhw_lpc.c.obj
 .bss._pfnFrameHandler
                0x10005850        0x4 CMakeFiles/main.dir/usbstack/src/usbhw_lpc.c.obj
 .bss._pfnDevIntHandler
                0x10005854        0x4 CMakeFiles/main.dir/usbstack/src/usbhw_lpc.c.obj
 .bss._apfnEPIntHandlers
                0x10005858       0x40 CMakeFiles/main.dir/usbstack/src/usbhw_lpc.c.obj
 .bss           0x10005898        0x0 CMakeFiles/main.dir/usbstack/src/usbinit.c.obj
 .bss.abStdReqData
                0x10005898        0x8 CMakeFiles/main.dir/usbstack/src/usbinit.c.obj
 .bss           0x100058a0        0x0 CMakeFiles/main.dir/usbstack/src/usbstdreq.c.obj
 .bss.pfnHandleCustomReq
                0x100058a0        0x4 CMakeFiles/main.dir/usbstack/src/usbstdreq.c.obj
 .bss.pabDescrip
                0x100058a4        0x4 CMakeFiles/main.dir/usbstack/src/usbstdreq.c.obj
 .bss.bConfiguration
                0x100058a8        0x1 CMakeFiles/main.dir/usbstack/src/usbstdreq.c.obj
 .bss           0x100058a9        0x0 /opt/CodeSourcery/Sourcery_G++_Lite/bin/../lib/gcc/arm-none-eabi/4.5.2/../../../../arm-none-eabi/lib/thumb2/libm.a(lib_a-w_log10.o)
 .bss           0x100058a9        0x0 /opt/CodeSourcery/Sourcery_G++_Lite/bin/../lib/gcc/arm-none-eabi/4.5.2/../../../../arm-none-eabi/lib/thumb2/libm.a(lib_a-e_log10.o)
 .bss           0x100058a9        0x0 /opt/CodeSourcery/Sourcery_G++_Lite/bin/../lib/gcc/arm-none-eabi/4.5.2/../../../../arm-none-eabi/lib/thumb2/libm.a(lib_a-s_fpclassify.o)
 .bss           0x100058a9        0x0 /opt/CodeSourcery/Sourcery_G++_Lite/bin/../lib/gcc/arm-none-eabi/4.5.2/../../../../arm-none-eabi/lib/thumb2/libm.a(lib_a-s_lib_ver.o)
 .bss           0x100058a9        0x0 /opt/CodeSourcery/Sourcery_G++_Lite/bin/../lib/gcc/arm-none-eabi/4.5.2/../../../../arm-none-eabi/lib/thumb2/libm.a(lib_a-s_matherr.o)
 .bss           0x100058a9        0x0 /opt/CodeSourcery/Sourcery_G++_Lite/bin/../lib/gcc/arm-none-eabi/4.5.2/../../../../arm-none-eabi/lib/thumb2/libm.a(lib_a-s_nan.o)
 .bss           0x100058a9        0x0 /opt/CodeSourcery/Sourcery_G++_Lite/bin/../lib/gcc/arm-none-eabi/4.5.2/../../../../arm-none-eabi/lib/thumb2/libm.a(lib_a-e_log.o)
 .bss           0x100058a9        0x0 /opt/CodeSourcery/Sourcery_G++_Lite/bin/../lib/gcc/arm-none-eabi/4.5.2/thumb2/libgcc.a(_arm_addsubdf3.o)
 .bss           0x100058a9        0x0 /opt/CodeSourcery/Sourcery_G++_Lite/bin/../lib/gcc/arm-none-eabi/4.5.2/thumb2/libgcc.a(_arm_muldivdf3.o)
 .bss           0x100058a9        0x0 /opt/CodeSourcery/Sourcery_G++_Lite/bin/../lib/gcc/arm-none-eabi/4.5.2/thumb2/libgcc.a(_arm_cmpdf2.o)
 .bss           0x100058a9        0x0 /opt/CodeSourcery/Sourcery_G++_Lite/bin/../lib/gcc/arm-none-eabi/4.5.2/thumb2/libgcc.a(_arm_fixdfsi.o)
 .bss           0x100058a9        0x0 /opt/CodeSourcery/Sourcery_G++_Lite/bin/../lib/gcc/arm-none-eabi/4.5.2/thumb2/libgcc.a(_arm_truncdfsf2.o)
 .bss           0x100058a9        0x0 /opt/CodeSourcery/Sourcery_G++_Lite/bin/../lib/gcc/arm-none-eabi/4.5.2/thumb2/libgcc.a(_arm_addsubsf3.o)
 .bss           0x100058a9        0x0 /opt/CodeSourcery/Sourcery_G++_Lite/bin/../lib/gcc/arm-none-eabi/4.5.2/thumb2/libgcc.a(_arm_muldivsf3.o)
 .bss           0x100058a9        0x0 /opt/CodeSourcery/Sourcery_G++_Lite/bin/../lib/gcc/arm-none-eabi/4.5.2/thumb2/libgcc.a(_arm_cmpsf2.o)
 .bss           0x100058a9        0x0 /opt/CodeSourcery/Sourcery_G++_Lite/bin/../lib/gcc/arm-none-eabi/4.5.2/thumb2/libgcc.a(_arm_fixsfsi.o)
 .bss           0x100058a9        0x0 /opt/CodeSourcery/Sourcery_G++_Lite/bin/../lib/gcc/arm-none-eabi/4.5.2/thumb2/libgcc.a(_aeabi_uldivmod.o)
 .bss           0x100058a9        0x0 /opt/CodeSourcery/Sourcery_G++_Lite/bin/../lib/gcc/arm-none-eabi/4.5.2/thumb2/libgcc.a(bpabi.o)
 .bss           0x100058a9        0x0 /opt/CodeSourcery/Sourcery_G++_Lite/bin/../lib/gcc/arm-none-eabi/4.5.2/thumb2/libgcc.a(_dvmd_tls.o)
 .bss           0x100058a9        0x0 /opt/CodeSourcery/Sourcery_G++_Lite/bin/../lib/gcc/arm-none-eabi/4.5.2/thumb2/libgcc.a(_divdi3.o)
 .bss           0x100058a9        0x0 /opt/CodeSourcery/Sourcery_G++_Lite/bin/../lib/gcc/arm-none-eabi/4.5.2/thumb2/libgcc.a(_udivdi3.o)
 .bss           0x100058a9        0x0 /opt/CodeSourcery/Sourcery_G++_Lite/bin/../lib/gcc/arm-none-eabi/4.5.2/thumb2/libgcc.a(_udivsi3.o)
 .bss           0x100058a9        0x0 /opt/CodeSourcery/Sourcery_G++_Lite/bin/../lib/gcc/arm-none-eabi/4.5.2/../../../../arm-none-eabi/lib/thumb2/libc.a(lib_a-errno.o)
 .bss           0x100058a9        0x0 /opt/CodeSourcery/Sourcery_G++_Lite/bin/../lib/gcc/arm-none-eabi/4.5.2/../../../../arm-none-eabi/lib/thumb2/libc.a(lib_a-impure.o)
 .bss           0x100058a9        0x0 /opt/CodeSourcery/Sourcery_G++_Lite/bin/../lib/gcc/arm-none-eabi/4.5.2/../../../../arm-none-eabi/lib/thumb2/libc.a(lib_a-memcmp.o)
 .bss           0x100058a9        0x0 /opt/CodeSourcery/Sourcery_G++_Lite/bin/../lib/gcc/arm-none-eabi/4.5.2/../../../../arm-none-eabi/lib/thumb2/libc.a(lib_a-memcpy.o)
 .bss           0x100058a9        0x0 /opt/CodeSourcery/Sourcery_G++_Lite/bin/../lib/gcc/arm-none-eabi/4.5.2/../../../../arm-none-eabi/lib/thumb2/libc.a(lib_a-memset.o)
 .bss           0x100058a9        0x0 /opt/CodeSourcery/Sourcery_G++_Lite/bin/../lib/gcc/arm-none-eabi/4.5.2/../../../../arm-none-eabi/lib/thumb2/libc.a(lib_a-sprintf.o)
 .bss           0x100058a9        0x0 /opt/CodeSourcery/Sourcery_G++_Lite/bin/../lib/gcc/arm-none-eabi/4.5.2/../../../../arm-none-eabi/lib/thumb2/libc.a(lib_a-strcat.o)
 .bss           0x100058a9        0x0 /opt/CodeSourcery/Sourcery_G++_Lite/bin/../lib/gcc/arm-none-eabi/4.5.2/../../../../arm-none-eabi/lib/thumb2/libc.a(lib_a-strcpy.o)
 .bss           0x100058a9        0x0 /opt/CodeSourcery/Sourcery_G++_Lite/bin/../lib/gcc/arm-none-eabi/4.5.2/../../../../arm-none-eabi/lib/thumb2/libc.a(lib_a-strlen.o)
 .bss           0x100058a9        0x0 /opt/CodeSourcery/Sourcery_G++_Lite/bin/../lib/gcc/arm-none-eabi/4.5.2/../../../../arm-none-eabi/lib/thumb2/libc.a(lib_a-strncat.o)
 .bss           0x100058a9        0x0 /opt/CodeSourcery/Sourcery_G++_Lite/bin/../lib/gcc/arm-none-eabi/4.5.2/../../../../arm-none-eabi/lib/thumb2/libc.a(lib_a-strncmp.o)
 .bss           0x100058a9        0x0 /opt/CodeSourcery/Sourcery_G++_Lite/bin/../lib/gcc/arm-none-eabi/4.5.2/../../../../arm-none-eabi/lib/thumb2/libc.a(lib_a-strncpy.o)
 .bss           0x100058a9        0x0 /opt/CodeSourcery/Sourcery_G++_Lite/bin/../lib/gcc/arm-none-eabi/4.5.2/../../../../arm-none-eabi/lib/thumb2/libc.a(lib_a-svfprintf.o)
 .bss           0x100058a9        0x0 /opt/CodeSourcery/Sourcery_G++_Lite/bin/../lib/gcc/arm-none-eabi/4.5.2/../../../../arm-none-eabi/lib/thumb2/libc.a(lib_a-dtoa.o)
 *fill*         0x100058a9        0x3 00
 .bss           0x100058ac        0xc /opt/CodeSourcery/Sourcery_G++_Lite/bin/../lib/gcc/arm-none-eabi/4.5.2/../../../../arm-none-eabi/lib/thumb2/libc.a(lib_a-locale.o)
                0x100058ac                __nlocale_changed
                0x100058b0                __mlocale_changed
                0x100058b4                _PathLocale
 .bss           0x100058b8        0x0 /opt/CodeSourcery/Sourcery_G++_Lite/bin/../lib/gcc/arm-none-eabi/4.5.2/../../../../arm-none-eabi/lib/thumb2/libc.a(lib_a-malloc.o)
 .bss           0x100058b8       0x34 /opt/CodeSourcery/Sourcery_G++_Lite/bin/../lib/gcc/arm-none-eabi/4.5.2/../../../../arm-none-eabi/lib/thumb2/libc.a(lib_a-mallocr.o)
                0x100058b8                __malloc_top_pad
                0x100058bc                __malloc_current_mallinfo
                0x100058e4                __malloc_max_sbrked_mem
                0x100058e8                __malloc_max_total_mem
 .bss           0x100058ec        0x0 /opt/CodeSourcery/Sourcery_G++_Lite/bin/../lib/gcc/arm-none-eabi/4.5.2/../../../../arm-none-eabi/lib/thumb2/libc.a(lib_a-memchr.o)
 .bss           0x100058ec        0x0 /opt/CodeSourcery/Sourcery_G++_Lite/bin/../lib/gcc/arm-none-eabi/4.5.2/../../../../arm-none-eabi/lib/thumb2/libc.a(lib_a-mlock.o)
 .bss           0x100058ec        0x0 /opt/CodeSourcery/Sourcery_G++_Lite/bin/../lib/gcc/arm-none-eabi/4.5.2/../../../../arm-none-eabi/lib/thumb2/libc.a(lib_a-mprec.o)
 .bss           0x100058ec        0x0 /opt/CodeSourcery/Sourcery_G++_Lite/bin/../lib/gcc/arm-none-eabi/4.5.2/../../../../arm-none-eabi/lib/thumb2/libc.a(lib_a-strcmp.o)